Component: ARM Compiler 5.06 update 6 (build 750) Tool: armlink [4d35ed]

==============================================================================

Section Cross References

    system_stm32l0xx.o(i.SystemCoreClockUpdate) refers to uidiv.o(.text) for __aeabi_uidivmod
    system_stm32l0xx.o(i.SystemCoreClockUpdate) refers to system_stm32l0xx.o(.data) for .data
    system_stm32l0xx.o(i.SystemCoreClockUpdate) refers to system_stm32l0xx.o(.constdata) for .constdata
    startup_stm32l071xx.o(RESET) refers to startup_stm32l071xx.o(STACK) for __initial_sp
    startup_stm32l071xx.o(RESET) refers to startup_stm32l071xx.o(.text) for Reset_Handler
    startup_stm32l071xx.o(RESET) refers to stm32l0xx_it.o(i.NMI_Handler) for NMI_Handler
    startup_stm32l071xx.o(RESET) refers to stm32l0xx_it.o(i.HardFault_Handler) for HardFault_Handler
    startup_stm32l071xx.o(RESET) refers to stm32l0xx_it.o(i.SVC_Handler) for SVC_Handler
    startup_stm32l071xx.o(RESET) refers to stm32l0xx_it.o(i.PendSV_Handler) for PendSV_Handler
    startup_stm32l071xx.o(RESET) refers to stm32l0xx_it.o(i.SysTick_Handler) for SysTick_Handler
    startup_stm32l071xx.o(RESET) refers to stm32l0xx_it.o(i.USART4_5_IRQHandler) for USART4_5_IRQHandler
    startup_stm32l071xx.o(RESET) refers to stm32l0xx_it.o(i.TIM2_IRQHandler) for TIM2_IRQHandler
    startup_stm32l071xx.o(RESET) refers to stm32l0xx_it.o(i.USART1_IRQHandler) for USART1_IRQHandler
    startup_stm32l071xx.o(RESET) refers to stm32l0xx_it.o(i.USART2_IRQHandler) for USART2_IRQHandler
    startup_stm32l071xx.o(.text) refers to system_stm32l0xx.o(i.SystemInit) for SystemInit
    startup_stm32l071xx.o(.text) refers to entry.o(.ARM.Collect$$$$00000000) for __main
    mylluart.o(i.sendUart1Packet) refers to mylluart.o(i.sendUart1Byte) for sendUart1Byte
    mylluart.o(i.sendUart2Packet) refers to mylluart.o(i.sendUart2Byte) for sendUart2Byte
    mylluart.o(i.sendUart4Packet) refers to mylluart.o(i.sendUart4Byte) for sendUart4Byte
    mylluart.o(i.sendUart5Packet) refers to mylluart.o(i.sendUart5Byte) for sendUart5Byte
    azd_krd_message.o(i.continuousDrive) refers to azd_krd_message.o(i.queWriteRegister) for queWriteRegister
    azd_krd_message.o(i.queAlarmReset) refers to azd_krd_message.o(i.queWriteRegisterSeq) for queWriteRegisterSeq
    azd_krd_message.o(i.queFreeRequest) refers to azd_krd_message.o(i.queWriteRegister) for queWriteRegister
    azd_krd_message.o(i.queIoStatusRequest) refers to azd_krd_message.o(i.queReadRegister) for queReadRegister
    azd_krd_message.o(i.queReadRegister) refers to mycrc16.o(i.CRC16) for CRC16
    azd_krd_message.o(i.queReadRegister) refers to azd_krd_message.o(i.sendQuery) for sendQuery
    azd_krd_message.o(i.queReadWriteRegisterSeq) refers to mycrc16.o(i.CRC16) for CRC16
    azd_krd_message.o(i.queReadWriteRegisterSeq) refers to azd_krd_message.o(i.sendQuery) for sendQuery
    azd_krd_message.o(i.queSetposAndReadStatus) refers to azd_krd_message.o(i.queReadWriteRegisterSeq) for queReadWriteRegisterSeq
    azd_krd_message.o(i.queWriteRegister) refers to mycrc16.o(i.CRC16) for CRC16
    azd_krd_message.o(i.queWriteRegister) refers to azd_krd_message.o(i.sendQuery) for sendQuery
    azd_krd_message.o(i.queWriteRegisterSeq) refers to mycrc16.o(i.CRC16) for CRC16
    azd_krd_message.o(i.queWriteRegisterSeq) refers to azd_krd_message.o(i.sendQuery) for sendQuery
    azd_krd_message.o(i.queZhomeRequest) refers to azd_krd_message.o(i.queWriteRegister) for queWriteRegister
    azd_krd_message.o(i.queZhomeRequest) refers to mywait16mhz.o(i.wait10ms) for wait10ms
    azd_krd_message.o(i.sendQuery) refers to mysub.o(i.u4TxEnable) for u4TxEnable
    azd_krd_message.o(i.sendQuery) refers to mywait16mhz.o(i.wait10us) for wait10us
    azd_krd_message.o(i.sendQuery) refers to mylluart.o(i.sendUart4Packet) for sendUart4Packet
    azd_krd_message.o(i.sendQuery) refers to mysub.o(i.u4TxDisable) for u4TxDisable
    azd_krd_message.o(i.sendQuery) refers to mysub.o(i.u5TxEnable) for u5TxEnable
    azd_krd_message.o(i.sendQuery) refers to mylluart.o(i.sendUart5Packet) for sendUart5Packet
    azd_krd_message.o(i.sendQuery) refers to mysub.o(i.u5TxDisable) for u5TxDisable
    azd_krd_message.o(i.setContinuousSpeed) refers to azd_krd_message.o(i.queWriteRegisterSeq) for queWriteRegisterSeq
    azd_krd_message.o(i.setDirectDataDrive) refers to mycrc16.o(i.CRC16) for CRC16
    azd_krd_message.o(i.setDirectDataDrive) refers to azd_krd_message.o(i.sendQuery) for sendQuery
    azd_krd_message.o(i.setPosAndReadStatusByDefaultSetting) refers to azd_krd_message.o(i.queSetposAndReadStatus) for queSetposAndReadStatus
    azd_krd_message.o(i.setPosAndReadStatusByDefaultSetting3) refers to azd_krd_message.o(i.queSetposAndReadStatus) for queSetposAndReadStatus
    azd_krd_message.o(i.setPositionByDefaultSetting) refers to azd_krd_message.o(i.setDirectDataDrive) for setDirectDataDrive
[...]
    entry.o(.ARM.Collect$$$$00000000) refers (Special) to entry11a.o(.ARM.Collect$$$$0000000F) for __rt_final_exit
    entry.o(.ARM.Collect$$$$00000000) refers (Special) to entry7b.o(.ARM.Collect$$$$00000008) for _main_clock
    entry.o(.ARM.Collect$$$$00000000) refers (Special) to entry8b.o(.ARM.Collect$$$$0000000A) for _main_cpp_init
    entry.o(.ARM.Collect$$$$00000000) refers (Special) to entry9a.o(.ARM.Collect$$$$0000000B) for _main_init
    entry.o(.ARM.Collect$$$$00000000) refers (Special) to entry5.o(.ARM.Collect$$$$00000004) for _main_scatterload
    entry.o(.ARM.Collect$$$$00000000) refers (Special) to entry2.o(.ARM.Collect$$$$00000001) for _main_stk
    idiv.o(.text) refers to uidiv.o(.text) for __aeabi_uidivmod
    fadd.o(.text) refers (Special) to iusefp.o(.text) for __I$use$fp
    fadd.o(.text) refers to fepilogue.o(.text) for _float_epilogue
    fmul.o(.text) refers (Special) to iusefp.o(.text) for __I$use$fp
    fdiv.o(.text) refers (Special) to iusefp.o(.text) for __I$use$fp
    fdiv.o(.text) refers to fepilogue.o(.text) for _float_round
    dadd.o(.text) refers (Special) to iusefp.o(.text) for __I$use$fp
    dadd.o(.text) refers to llshl.o(.text) for __aeabi_llsl
    dadd.o(.text) refers to llsshr.o(.text) for __aeabi_lasr
    dadd.o(.text) refers to depilogue.o(.text) for _double_epilogue
    dmul.o(.text) refers (Special) to iusefp.o(.text) for __I$use$fp
    dmul.o(.text) refers to depilogue.o(.text) for _double_epilogue
    ddiv.o(.text) refers (Special) to iusefp.o(.text) for __I$use$fp
    ddiv.o(.text) refers to depilogue.o(.text) for _double_round
    fflti.o(.text) refers (Special) to iusefp.o(.text) for __I$use$fp
    fflti.o(.text) refers to fepilogue.o(.text) for _float_epilogue
    ffltui.o(.text) refers (Special) to iusefp.o(.text) for __I$use$fp
    ffltui.o(.text) refers to fepilogue.o(.text) for _float_epilogue
    dfltui.o(.text) refers (Special) to iusefp.o(.text) for __I$use$fp
    dfltui.o(.text) refers to depilogue.o(.text) for _double_epilogue
    ffixi.o(.text) refers (Special) to iusefp.o(.text) for __I$use$fp
    f2d.o(.text) refers (Special) to iusefp.o(.text) for __I$use$fp
    cdcmple.o(.text) refers (Special) to iusefp.o(.text) for __I$use$fp
    cdrcmple.o(.text) refers (Special) to iusefp.o(.text) for __I$use$fp
    d2f.o(.text) refers (Special) to iusefp.o(.text) for __I$use$fp
    d2f.o(.text) refers to fepilogue.o(.text) for _float_round
    entry2.o(.ARM.Collect$$$$00000001) refers to entry2.o(.ARM.Collect$$$$00002712) for __lit__00000000
    entry2.o(.ARM.Collect$$$$00002712) refers to startup_stm32l071xx.o(STACK) for __initial_sp
    entry2.o(__vectab_stack_and_reset_area) refers to startup_stm32l071xx.o(STACK) for __initial_sp
    entry2.o(__vectab_stack_and_reset_area) refers to entry.o(.ARM.Collect$$$$00000000) for __main
    entry5.o(.ARM.Collect$$$$00000004) refers to init.o(.text) for __scatterload
    entry9a.o(.ARM.Collect$$$$0000000B) refers to main.o(i.main) for main
    entry9b.o(.ARM.Collect$$$$0000000C) refers to main.o(i.main) for main
    depilogue.o(.text) refers to depilogue.o(i.__ARM_clz) for __ARM_clz
    depilogue.o(.text) refers to llshl.o(.text) for __aeabi_llsl
    depilogue.o(.text) refers to llushr.o(.text) for __aeabi_llsr
    init.o(.text) refers to entry5.o(.ARM.Collect$$$$00000004) for __main_after_scatterload


==============================================================================

Removing Unused input sections from the image.

    Removing system_stm32l0xx.o(.rev16_text), (4 bytes).
    Removing system_stm32l0xx.o(.revsh_text), (4 bytes).
    Removing system_stm32l0xx.o(i.SystemCoreClockUpdate), (136 bytes).
    Removing startup_stm32l071xx.o(HEAP), (512 bytes).
    Removing myiwdg.o(.rev16_text), (4 bytes).
    Removing myiwdg.o(.revsh_text), (4 bytes).
    Removing mylluart.o(.rev16_text), (4 bytes).
    Removing mylluart.o(.revsh_text), (4 bytes).
    Removing mylluart.o(i.u1RxInterruptDisable), (16 bytes).
    Removing mylluart.o(i.u2RxInterruptDisable), (16 bytes).
    Removing mylluart.o(i.u4RxInterruptDisable), (16 bytes).
    Removing mylluart.o(i.u5RxInterruptDisable), (16 bytes).
    Removing mylluart.o(i.u5RxInterruptEnable), (16 bytes).
    Removing azd_krd_message.o(.rev16_text), (4 bytes).
    Removing azd_krd_message.o(.revsh_text), (4 bytes).
    Removing azd_krd_message.o(i.continuousDrive), (36 bytes).
    Removing azd_krd_message.o(i.queFreeRequest), (12 bytes).
    Removing azd_krd_message.o(i.queIoStatusRequest), (12 bytes).
    Removing azd_krd_message.o(i.queReadRegister), (50 bytes).
    Removing azd_krd_message.o(i.queWriteRegister), (50 bytes).
    Removing azd_krd_message.o(i.queZhomeRequest), (32 bytes).
    Removing azd_krd_message.o(i.setDirectDataDrive), (198 bytes).
    Removing azd_krd_message.o(i.setPosAndReadStatusByDefaultSetting3), (40 bytes).
    Removing azd_krd_message.o(i.setPositionByDefaultSetting), (48 bytes).
    Removing mysub.o(.rev16_text), (4 bytes).
    Removing mysub.o(.revsh_text), (4 bytes).
    Removing mysub.o(i.pato3On), (20 bytes).
    Removing mysub.o(i.u2TxLedOff), (16 bytes).
    Removing mysub.o(i.u2TxLedOn), (16 bytes).
    Removing mywait16mhz.o(.rev16_text), (4 bytes).
    Removing mywait16mhz.o(.revsh_text), (4 bytes).
    Removing mywait16mhz.o(i.wait100us), (12 bytes).
    Removing mywait16mhz.o(i.wait_ms), (20 bytes).
    Removing mycrc16.o(.rev16_text), (4 bytes).
    Removing mycrc16.o(.revsh_text), (4 bytes).
    Removing wa30.o(.rev16_text), (4 bytes).
    Removing wa30.o(.revsh_text), (4 bytes).
    Removing wa30.o(.data), (1 bytes).
    Removing wa30.o(.data), (1 bytes).
    Removing acm_incoming.o(.rev16_text), (4 bytes).
    Removing acm_incoming.o(.revsh_text), (4 bytes).
    Removing acm_incoming.o(i.acmCommandCheck), (2 bytes).
    Removing acm_incoming.o(.data), (1 bytes).
    Removing acm_incoming.o(.data), (4 bytes).
    Removing acm_incoming.o(.data), (4 bytes).
    Removing acm_incoming.o(.data), (1 bytes).
    Removing acm_incoming.o(.data), (1 bytes).
    Removing acm_incoming.o(.data), (1 bytes).
    Removing acm_sensors.o(.rev16_text), (4 bytes).
    Removing acm_sensors.o(.revsh_text), (4 bytes).
    Removing acm_sensors.o(.bss), (4000 bytes).
    Removing acm_sensors.o(.data), (2 bytes).
    Removing acm_sensors.o(.data), (1 bytes).
    Removing acm_sensors.o(.data), (4 bytes).
    Removing acm_sensors.o(.data), (4 bytes).
    Removing acm_sensors.o(.data), (4 bytes).
    Removing main.o(.rev16_text), (4 bytes).
    Removing main.o(.revsh_text), (4 bytes).
    Removing main.o(i._Error_Handler), (2 bytes).
    Removing stm32l0xx_it.o(.rev16_text), (4 bytes).
    Removing stm32l0xx_it.o(.revsh_text), (4 bytes).
    Removing cat725_drive.o(.rev16_text), (4 bytes).
    Removing cat725_drive.o(.revsh_text), (4 bytes).
    Removing cat725_drive.o(i.allFreeOff), (100 bytes).
    Removing cat725_drive.o(i.allFreeOn), (76 bytes).
    Removing cat725_drive.o(i.allZhome), (60 bytes).
    Removing cat725_drive.o(i.convToStep), (56 bytes).
    Removing cat725_drive.o(i.dumpUp), (56 bytes).
    Removing cat725_drive.o(i.isHandleLimit), (4 bytes).
    Removing cat725_drive.o(i.spanChk2), (16 bytes).
    Removing cat725_drive.o(i.spanChk3), (28 bytes).
    Removing cat725_drive.o(.data), (4 bytes).
    Removing cat725_drive.o(.data), (1 bytes).
    Removing cat725_drive.o(.data), (1 bytes).
    Removing cat725_drive.o(.data), (4 bytes).
    Removing cat725_drive.o(.data), (4 bytes).
    Removing cat725_drive.o(.data), (1 bytes).
    Removing cat725_drive.o(.data), (1 bytes).
    Removing stm32l0xx_ll_utils.o(.rev16_text), (4 bytes).
    Removing stm32l0xx_ll_utils.o(.revsh_text), (4 bytes).
    Removing stm32l0xx_ll_utils.o(i.LL_PLL_ConfigSystemClock_HSE), (116 bytes).
    Removing stm32l0xx_ll_utils.o(i.LL_PLL_ConfigSystemClock_HSI), (96 bytes).
    Removing stm32l0xx_ll_utils.o(i.LL_mDelay), (40 bytes).
    Removing stm32l0xx_ll_utils.o(i.UTILS_EnablePLLAndSwitchSystem), (156 bytes).
    Removing stm32l0xx_ll_utils.o(i.UTILS_GetPLLOutputFrequency), (28 bytes).
    Removing stm32l0xx_ll_utils.o(i.UTILS_PLL_IsBusy), (24 bytes).
    Removing stm32l0xx_ll_utils.o(i.UTILS_SetFlashLatency), (120 bytes).
    Removing stm32l0xx_ll_exti.o(.rev16_text), (4 bytes).
    Removing stm32l0xx_ll_exti.o(.revsh_text), (4 bytes).
    Removing stm32l0xx_ll_exti.o(i.LL_EXTI_DeInit), (36 bytes).
    Removing stm32l0xx_ll_exti.o(i.LL_EXTI_StructInit), (14 bytes).
    Removing stm32l0xx_ll_gpio.o(.rev16_text), (4 bytes).
    Removing stm32l0xx_ll_gpio.o(.revsh_text), (4 bytes).
    Removing stm32l0xx_ll_gpio.o(i.LL_GPIO_DeInit), (168 bytes).
    Removing stm32l0xx_ll_gpio.o(i.LL_GPIO_StructInit), (24 bytes).
    Removing stm32l0xx_ll_adc.o(.rev16_text), (4 bytes).
    Removing stm32l0xx_ll_adc.o(.revsh_text), (4 bytes).
    Removing stm32l0xx_ll_adc.o(i.LL_ADC_CommonDeInit), (28 bytes).
    Removing stm32l0xx_ll_adc.o(i.LL_ADC_CommonInit), (44 bytes).
    Removing stm32l0xx_ll_adc.o(i.LL_ADC_CommonStructInit), (8 bytes).
    Removing stm32l0xx_ll_adc.o(i.LL_ADC_DeInit), (248 bytes).
    Removing stm32l0xx_ll_adc.o(i.LL_ADC_REG_StructInit), (18 bytes).
    Removing stm32l0xx_ll_adc.o(i.LL_ADC_StructInit), (16 bytes).
    Removing stm32l0xx_ll_dma.o(.rev16_text), (4 bytes).
    Removing stm32l0xx_ll_dma.o(.revsh_text), (4 bytes).
    Removing stm32l0xx_ll_dma.o(i.LL_DMA_DeInit), (304 bytes).
    Removing stm32l0xx_ll_dma.o(i.LL_DMA_Init), (120 bytes).
    Removing stm32l0xx_ll_dma.o(i.LL_DMA_StructInit), (26 bytes).
    Removing stm32l0xx_ll_dma.o(.constdata), (7 bytes).
    Removing stm32l0xx_ll_crc.o(.rev16_text), (4 bytes).
    Removing stm32l0xx_ll_crc.o(.revsh_text), (4 bytes).
    Removing stm32l0xx_ll_crc.o(i.LL_CRC_DeInit), (40 bytes).
    Removing stm32l0xx_ll_i2c.o(.rev16_text), (4 bytes).
    Removing stm32l0xx_ll_i2c.o(.revsh_text), (4 bytes).
    Removing stm32l0xx_ll_i2c.o(i.LL_I2C_DeInit), (96 bytes).
    Removing stm32l0xx_ll_i2c.o(i.LL_I2C_StructInit), (22 bytes).
    Removing stm32l0xx_ll_spi.o(.rev16_text), (4 bytes).
    Removing stm32l0xx_ll_spi.o(.revsh_text), (4 bytes).
    Removing stm32l0xx_ll_spi.o(i.LL_I2S_ConfigPrescaler), (16 bytes).
    Removing stm32l0xx_ll_spi.o(i.LL_I2S_DeInit), (8 bytes).
    Removing stm32l0xx_ll_spi.o(i.LL_I2S_Init), (176 bytes).
    Removing stm32l0xx_ll_spi.o(i.LL_I2S_StructInit), (18 bytes).
    Removing stm32l0xx_ll_spi.o(i.LL_SPI_DeInit), (64 bytes).
    Removing stm32l0xx_ll_spi.o(i.LL_SPI_StructInit), (26 bytes).
    Removing stm32l0xx_ll_pwr.o(.rev16_text), (4 bytes).
    Removing stm32l0xx_ll_pwr.o(.revsh_text), (4 bytes).
    Removing stm32l0xx_ll_pwr.o(i.LL_PWR_DeInit), (28 bytes).
    Removing stm32l0xx_ll_tim.o(.rev16_text), (4 bytes).
    Removing stm32l0xx_ll_tim.o(.revsh_text), (4 bytes).
    Removing stm32l0xx_ll_tim.o(i.IC1Config), (50 bytes).
    Removing stm32l0xx_ll_tim.o(i.IC2Config), (56 bytes).
    Removing stm32l0xx_ll_tim.o(i.IC3Config), (58 bytes).
    Removing stm32l0xx_ll_tim.o(i.IC4Config), (60 bytes).
    Removing stm32l0xx_ll_tim.o(i.LL_TIM_DeInit), (168 bytes).
    Removing stm32l0xx_ll_tim.o(i.LL_TIM_ENCODER_Init), (98 bytes).
    Removing stm32l0xx_ll_tim.o(i.LL_TIM_ENCODER_StructInit), (28 bytes).
    Removing stm32l0xx_ll_tim.o(i.LL_TIM_IC_Init), (68 bytes).
    Removing stm32l0xx_ll_tim.o(i.LL_TIM_IC_StructInit), (16 bytes).
    Removing stm32l0xx_ll_tim.o(i.LL_TIM_OC_Init), (68 bytes).
    Removing stm32l0xx_ll_tim.o(i.LL_TIM_OC_StructInit), (12 bytes).
    Removing stm32l0xx_ll_tim.o(i.LL_TIM_StructInit), (14 bytes).
    Removing stm32l0xx_ll_tim.o(i.OC1Config), (60 bytes).
    Removing stm32l0xx_ll_tim.o(i.OC2Config), (68 bytes).
    Removing stm32l0xx_ll_tim.o(i.OC3Config), (64 bytes).
    Removing stm32l0xx_ll_tim.o(i.OC4Config), (70 bytes).
    Removing stm32l0xx_ll_usart.o(.rev16_text), (4 bytes).
    Removing stm32l0xx_ll_usart.o(.revsh_text), (4 bytes).
    Removing stm32l0xx_ll_usart.o(i.LL_USART_ClockInit), (64 bytes).
    Removing stm32l0xx_ll_usart.o(i.LL_USART_ClockStructInit), (12 bytes).
    Removing stm32l0xx_ll_usart.o(i.LL_USART_DeInit), (124 bytes).
    Removing stm32l0xx_ll_usart.o(i.LL_USART_StructInit), (24 bytes).
    Removing stm32l0xx_ll_rcc.o(.rev16_text), (4 bytes).
    Removing stm32l0xx_ll_rcc.o(.revsh_text), (4 bytes).
    Removing stm32l0xx_ll_rcc.o(i.LL_RCC_DeInit), (132 bytes).
    Removing stm32l0xx_ll_rcc.o(i.LL_RCC_GetI2CClockFreq), (156 bytes).
    Removing stm32l0xx_ll_rcc.o(i.LL_RCC_GetLPTIMClockFreq), (112 bytes).
    Removing stm32l0xx_ll_rcc.o(i.LL_RCC_GetLPUARTClockFreq), (88 bytes).
    Removing fflti.o(.text), (22 bytes).

158 unused section(s) (total 9762 bytes) removed from the image.

==============================================================================

Image Symbol Table

    Local Symbols

    Symbol Name                              Value     Ov Type        Size  Object(Section)

    ../Drivers/STM32L0xx_HAL_Driver/Src/stm32l0xx_ll_adc.c 0x00000000   Number         0  stm32l0xx_ll_adc.o ABSOLUTE
    ../Drivers/STM32L0xx_HAL_Driver/Src/stm32l0xx_ll_crc.c 0x00000000   Number         0  stm32l0xx_ll_crc.o ABSOLUTE
    ../Drivers/STM32L0xx_HAL_Driver/Src/stm32l0xx_ll_dma.c 0x00000000   Number         0  stm32l0xx_ll_dma.o ABSOLUTE
    ../Drivers/STM32L0xx_HAL_Driver/Src/stm32l0xx_ll_exti.c 0x00000000   Number         0  stm32l0xx_ll_exti.o ABSOLUTE
    ../Drivers/STM32L0xx_HAL_Driver/Src/stm32l0xx_ll_gpio.c 0x00000000   Number         0  stm32l0xx_ll_gpio.o ABSOLUTE
    ../Drivers/STM32L0xx_HAL_Driver/Src/stm32l0xx_ll_i2c.c 0x00000000   Number         0  stm32l0xx_ll_i2c.o ABSOLUTE
    ../Drivers/STM32L0xx_HAL_Driver/Src/stm32l0xx_ll_pwr.c 0x00000000   Number         0  stm32l0xx_ll_pwr.o ABSOLUTE
    ../Drivers/STM32L0xx_HAL_Driver/Src/stm32l0xx_ll_rcc.c 0x00000000   Number         0  stm32l0xx_ll_rcc.o ABSOLUTE
    ../Drivers/STM32L0xx_HAL_Driver/Src/stm32l0xx_ll_spi.c 0x00000000   Number         0  stm32l0xx_ll_spi.o ABSOLUTE
    ../Drivers/STM32L0xx_HAL_Driver/Src/stm32l0xx_ll_tim.c 0x00000000   Number         0  stm32l0xx_ll_tim.o ABSOLUTE
    ../Drivers/STM32L0xx_HAL_Driver/Src/stm32l0xx_ll_usart.c 0x00000000   Number         0  stm32l0xx_ll_usart.o ABSOLUTE
    ../Drivers/STM32L0xx_HAL_Driver/Src/stm32l0xx_ll_utils.c 0x00000000   Number         0  stm32l0xx_ll_utils.o ABSOLUTE
    ../Src/main.c                            0x00000000   Number         0  main.o ABSOLUTE
    ../Src/stm32l0xx_it.c                    0x00000000   Number         0  stm32l0xx_it.o ABSOLUTE
    ../Src/system_stm32l0xx.c                0x00000000   Number         0  system_stm32l0xx.o ABSOLUTE
    ../clib/microlib/division.c              0x00000000   Number         0  idiv.o ABSOLUTE
    ../clib/microlib/division.c              0x00000000   Number         0  uidiv.o ABSOLUTE
    ../clib/microlib/init/entry.s            0x00000000   Number         0  entry.o ABSOLUTE
    ../clib/microlib/init/entry.s            0x00000000   Number         0  entry11b.o ABSOLUTE
    ../clib/microlib/init/entry.s            0x00000000   Number         0  entry11a.o ABSOLUTE
    ../clib/microlib/init/entry.s            0x00000000   Number         0  entry7b.o ABSOLUTE
    ../clib/microlib/init/entry.s            0x00000000   Number         0  entry5.o ABSOLUTE
    ../clib/microlib/init/entry.s            0x00000000   Number         0  entry10a.o ABSOLUTE
    ../clib/microlib/init/entry.s            0x00000000   Number         0  entry8a.o ABSOLUTE
    ../clib/microlib/init/entry.s            0x00000000   Number         0  entry10b.o ABSOLUTE
    ../clib/microlib/init/entry.s            0x00000000   Number         0  entry9b.o ABSOLUTE
    ../clib/microlib/init/entry.s            0x00000000   Number         0  entry8b.o ABSOLUTE
    ../clib/microlib/init/entry.s            0x00000000   Number         0  entry9a.o ABSOLUTE
    ../clib/microlib/init/entry.s            0x00000000   Number         0  entry2.o ABSOLUTE
    ../clib/microlib/init/entry.s            0x00000000   Number         0  entry7a.o ABSOLUTE
    ../clib/microlib/longlong.c              0x00000000   Number         0  llshl.o ABSOLUTE
    ../clib/microlib/longlong.c              0x00000000   Number         0  llushr.o ABSOLUTE
    ../clib/microlib/longlong.c              0x00000000   Number         0  llsshr.o ABSOLUTE
    ../clib/microlib/string/memcpy.c         0x00000000   Number         0  memcpya.o ABSOLUTE
    ../clib/microlib/string/memcpy.c         0x00000000   Number         0  memcpyb.o ABSOLUTE
    ../clib/microlib/stubs.s                 0x00000000   Number         0  iusefp.o ABSOLUTE
    ../fplib/microlib/d2f.c                  0x00000000   Number         0  d2f.o ABSOLUTE
    ../fplib/microlib/f2d.c                  0x00000000   Number         0  f2d.o ABSOLUTE
    ../fplib/microlib/fpadd.c                0x00000000   Number         0  fadd.o ABSOLUTE
    ../fplib/microlib/fpadd.c                0x00000000   Number         0  dadd.o ABSOLUTE
    ../fplib/microlib/fpdiv.c                0x00000000   Number         0  fdiv.o ABSOLUTE
    ../fplib/microlib/fpdiv.c                0x00000000   Number         0  ddiv.o ABSOLUTE
    ../fplib/microlib/fpepilogue.c           0x00000000   Number         0  fepilogue.o ABSOLUTE
    ../fplib/microlib/fpepilogue.c           0x00000000   Number         0  depilogue.o ABSOLUTE
    ../fplib/microlib/fpfix.c                0x00000000   Number         0  ffixi.o ABSOLUTE
    ../fplib/microlib/fpflt.c                0x00000000   Number         0  dfltui.o ABSOLUTE
    ../fplib/microlib/fpflt.c                0x00000000   Number         0  ffltui.o ABSOLUTE
    ../fplib/microlib/fpflt.c                0x00000000   Number         0  fflti.o ABSOLUTE
    ../fplib/microlib/fpmul.c                0x00000000   Number         0  dmul.o ABSOLUTE
    ../fplib/microlib/fpmul.c                0x00000000   Number         0  fmul.o ABSOLUTE
    ..\Drivers\STM32L0xx_HAL_Driver\Src\stm32l0xx_ll_adc.c 0x00000000   Number         0  stm32l0xx_ll_adc.o ABSOLUTE
    ..\Drivers\STM32L0xx_HAL_Driver\Src\stm32l0xx_ll_crc.c 0x00000000   Number         0  stm32l0xx_ll_crc.o ABSOLUTE
    ..\Drivers\STM32L0xx_HAL_Driver\Src\stm32l0xx_ll_dma.c 0x00000000   Number         0  stm32l0xx_ll_dma.o ABSOLUTE
    ..\Drivers\STM32L0xx_HAL_Driver\Src\stm32l0xx_ll_exti.c 0x00000000   Number         0  stm32l0xx_ll_exti.o ABSOLUTE
    ..\Drivers\STM32L0xx_HAL_Driver\Src\stm32l0xx_ll_gpio.c 0x00000000   Number         0  stm32l0xx_ll_gpio.o ABSOLUTE
    ..\Drivers\STM32L0xx_HAL_Driver\Src\stm32l0xx_ll_i2c.c 0x00000000   Number         0  stm32l0xx_ll_i2c.o ABSOLUTE
    ..\Drivers\STM32L0xx_HAL_Driver\Src\stm32l0xx_ll_pwr.c 0x00000000   Number         0  stm32l0xx_ll_pwr.o ABSOLUTE
    ..\Drivers\STM32L0xx_HAL_Driver\Src\stm32l0xx_ll_rcc.c 0x00000000   Number         0  stm32l0xx_ll_rcc.o ABSOLUTE
    ..\Drivers\STM32L0xx_HAL_Driver\Src\stm32l0xx_ll_spi.c 0x00000000   Number         0  stm32l0xx_ll_spi.o ABSOLUTE
    ..\Drivers\STM32L0xx_HAL_Driver\Src\stm32l0xx_ll_tim.c 0x00000000   Number         0  stm32l0xx_ll_tim.o ABSOLUTE
    ..\Drivers\STM32L0xx_HAL_Driver\Src\stm32l0xx_ll_usart.c 0x00000000   Number         0  stm32l0xx_ll_usart.o ABSOLUTE
    ..\Drivers\STM32L0xx_HAL_Driver\Src\stm32l0xx_ll_utils.c 0x00000000   Number         0  stm32l0xx_ll_utils.o ABSOLUTE
    ..\Src\main.c                            0x00000000   Number         0  main.o ABSOLUTE
    ..\Src\stm32l0xx_it.c                    0x00000000   Number         0  stm32l0xx_it.o ABSOLUTE
    ..\Src\system_stm32l0xx.c                0x00000000   Number         0  system_stm32l0xx.o ABSOLUTE
    ACM_Incoming.c                           0x00000000   Number         0  acm_incoming.o ABSOLUTE
    ACM_Incoming.c                           0x00000000   Number         0  acm_incoming.o ABSOLUTE
    ACM_Sensors.c                            0x00000000   Number         0  acm_sensors.o ABSOLUTE
    ACM_Sensors.c                            0x00000000   Number         0  acm_sensors.o ABSOLUTE
    AZD_KRD_Message.c                        0x00000000   Number         0  azd_krd_message.o ABSOLUTE
    AZD_KRD_Message.c                        0x00000000   Number         0  azd_krd_message.o ABSOLUTE
    CAT725_Drive.c                           0x00000000   Number         0  cat725_drive.o ABSOLUTE
    CAT725_Drive.c                           0x00000000   Number         0  cat725_drive.o ABSOLUTE
    cdcmple.s                                0x00000000   Number         0  cdcmple.o ABSOLUTE
    cdrcmple.s                               0x00000000   Number         0  cdrcmple.o ABSOLUTE
    dc.s                                     0x00000000   Number         0  dc.o ABSOLUTE
    handlers.s                               0x00000000   Number         0  handlers.o ABSOLUTE
    init.s                                   0x00000000   Number         0  init.o ABSOLUTE
    myCrc16.c                                0x00000000   Number         0  mycrc16.o ABSOLUTE
    myCrc16.c                                0x00000000   Number         0  mycrc16.o ABSOLUTE
    myIwdg.c                                 0x00000000   Number         0  myiwdg.o ABSOLUTE
    myIwdg.c                                 0x00000000   Number         0  myiwdg.o ABSOLUTE
    mySub.c                                  0x00000000   Number         0  mysub.o ABSOLUTE
    mySub.c                                  0x00000000   Number         0  mysub.o ABSOLUTE
    myWait16MHz.c                            0x00000000   Number         0  mywait16mhz.o ABSOLUTE
    myWait16MHz.c                            0x00000000   Number         0  mywait16mhz.o ABSOLUTE
    myllUart.c                               0x00000000   Number         0  mylluart.o ABSOLUTE
    myllUart.c                               0x00000000   Number         0  mylluart.o ABSOLUTE
    startup_stm32l071xx.s                    0x00000000   Number         0  startup_stm32l071xx.o ABSOLUTE
    wa30.c                                   0x00000000   Number         0  wa30.o ABSOLUTE
    wa30.c                                   0x00000000   Number         0  wa30.o ABSOLUTE
    RESET                                    0x08000000   Section      192  startup_stm32l071xx.o(RESET)
    .ARM.Collect$$$$00000000                 0x080000c0   Section        0  entry.o(.ARM.Collect$$$$00000000)
    .ARM.Collect$$$$00000001                 0x080000c0   Section        4  entry2.o(.ARM.Collect$$$$00000001)
    .ARM.Collect$$$$00000004                 0x080000c4   Section        4  entry5.o(.ARM.Collect$$$$00000004)
    .ARM.Collect$$$$00000008                 0x080000c8   Section        0  entry7b.o(.ARM.Collect$$$$00000008)
    .ARM.Collect$$$$0000000A                 0x080000c8   Section        0  entry8b.o(.ARM.Collect$$$$0000000A)
    .ARM.Collect$$$$0000000B                 0x080000c8   Section        8  entry9a.o(.ARM.Collect$$$$0000000B)
    .ARM.Collect$$$$0000000D                 0x080000d0   Section        0  entry10a.o(.ARM.Collect$$$$0000000D)
    .ARM.Collect$$$$0000000F                 0x080000d0   Section        0  entry11a.o(.ARM.Collect$$$$0000000F)
    .ARM.Collect$$$$00002712                 0x080000d0   Section        4  entry2.o(.ARM.Collect$$$$00002712)
    __lit__00000000                          0x080000d0   Data           4  entry2.o(.ARM.Collect$$$$00002712)
    .text                                    0x080000d4   Section       28  startup_stm32l071xx.o(.text)
    .text                                    0x080000f0   Section        0  uidiv.o(.text)
    .text                                    0x0800011c   Section        0  idiv.o(.text)
    .text                                    0x08000144   Section        0  memcpya.o(.text)
    .text                                    0x08000168   Section        0  fadd.o(.text)
    .text                                    0x0800021a   Section        0  fmul.o(.text)
    .text                                    0x08000294   Section        0  fdiv.o(.text)
    .text                                    0x08000310   Section        0  dadd.o(.text)
    .text                                    0x08000474   Section        0  dmul.o(.text)
    .text                                    0x08000544   Section        0  ddiv.o(.text)
    .text                                    0x08000634   Section        0  ffltui.o(.text)
    .text                                    0x08000644   Section        0  dfltui.o(.text)
    .text                                    0x08000660   Section        0  ffixi.o(.text)
    .text                                    0x08000692   Section        0  f2d.o(.text)
    .text                                    0x080006bc   Section       40  cdcmple.o(.text)
    .text                                    0x080006e4   Section       40  cdrcmple.o(.text)
    .text                                    0x0800070c   Section        0  d2f.o(.text)
    .text                                    0x08000744   Section        0  llshl.o(.text)
    .text                                    0x08000764   Section        0  llsshr.o(.text)
    .text                                    0x0800078a   Section        0  fepilogue.o(.text)
    .text                                    0x0800078a   Section        0  iusefp.o(.text)
    .text                                    0x0800080c   Section        0  depilogue.o(.text)
    .text                                    0x080008cc   Section       36  init.o(.text)
    .text                                    0x080008f0   Section        0  llushr.o(.text)
    i.CRC16                                  0x08000914   Section        0  mycrc16.o(i.CRC16)
    i.HardFault_Handler                      0x08000944   Section        0  stm32l0xx_it.o(i.HardFault_Handler)
    i.LL_ADC_Init                            0x08000960   Section        0  stm32l0xx_ll_adc.o(i.LL_ADC_Init)
    i.LL_ADC_REG_Init                        0x08000990   Section        0  stm32l0xx_ll_adc.o(i.LL_ADC_REG_Init)
    i.LL_APB1_GRP1_EnableClock               0x080009c8   Section        0  main.o(i.LL_APB1_GRP1_EnableClock)
    LL_APB1_GRP1_EnableClock                 0x080009c9   Thumb Code    18  main.o(i.LL_APB1_GRP1_EnableClock)
    i.LL_APB2_GRP1_EnableClock               0x080009e0   Section        0  main.o(i.LL_APB2_GRP1_EnableClock)
    LL_APB2_GRP1_EnableClock                 0x080009e1   Thumb Code    18  main.o(i.LL_APB2_GRP1_EnableClock)
    i.LL_EXTI_Init                           0x080009f8   Section        0  stm32l0xx_ll_exti.o(i.LL_EXTI_Init)
    i.LL_GPIO_Init                           0x08000ab0   Section        0  stm32l0xx_ll_gpio.o(i.LL_GPIO_Init)
    i.LL_GPIO_SetPinMode                     0x08000b5e   Section        0  main.o(i.LL_GPIO_SetPinMode)
    LL_GPIO_SetPinMode                       0x08000b5f   Thumb Code    20  main.o(i.LL_GPIO_SetPinMode)
    i.LL_GPIO_SetPinPull                     0x08000b72   Section        0  main.o(i.LL_GPIO_SetPinPull)
    LL_GPIO_SetPinPull                       0x08000b73   Thumb Code    20  main.o(i.LL_GPIO_SetPinPull)
    i.LL_I2C_Init                            0x08000b86   Section        0  stm32l0xx_ll_i2c.o(i.LL_I2C_Init)
    i.LL_IOP_GRP1_EnableClock                0x08000bec   Section        0  main.o(i.LL_IOP_GRP1_EnableClock)
    LL_IOP_GRP1_EnableClock                  0x08000bed   Thumb Code    18  main.o(i.LL_IOP_GRP1_EnableClock)
    i.LL_Init1msTick                         0x08000c04   Section        0  stm32l0xx_ll_utils.o(i.LL_Init1msTick)
    i.LL_RCC_GetSystemClocksFreq             0x08000c24   Section        0  stm32l0xx_ll_rcc.o(i.LL_RCC_GetSystemClocksFreq)
    i.LL_RCC_GetUSARTClockFreq               0x08000c44   Section        0  stm32l0xx_ll_rcc.o(i.LL_RCC_GetUSARTClockFreq)
    i.LL_RCC_SetUSARTClockSource             0x08000cf8   Section        0  main.o(i.LL_RCC_SetUSARTClockSource)
    LL_RCC_SetUSARTClockSource               0x08000cf9   Thumb Code    16  main.o(i.LL_RCC_SetUSARTClockSource)
    i.LL_SPI_Init                            0x08000d0c   Section        0  stm32l0xx_ll_spi.o(i.LL_SPI_Init)
    i.LL_SYSCFG_SetEXTISource                0x08000d7c   Section        0  main.o(i.LL_SYSCFG_SetEXTISource)
    LL_SYSCFG_SetEXTISource                  0x08000d7d   Thumb Code    28  main.o(i.LL_SYSCFG_SetEXTISource)
    i.LL_SetSystemCoreClock                  0x08000d9c   Section        0  stm32l0xx_ll_utils.o(i.LL_SetSystemCoreClock)
    i.LL_TIM_Init                            0x08000da8   Section        0  stm32l0xx_ll_tim.o(i.LL_TIM_Init)
    i.LL_USART_ConfigAsyncMode               0x08000e0c   Section        0  main.o(i.LL_USART_ConfigAsyncMode)
    LL_USART_ConfigAsyncMode                 0x08000e0d   Thumb Code    20  main.o(i.LL_USART_ConfigAsyncMode)
    i.LL_USART_Init                          0x08000e20   Section        0  stm32l0xx_ll_usart.o(i.LL_USART_Init)
    i.MX_ADC_Init                            0x08000efc   Section        0  main.o(i.MX_ADC_Init)
    MX_ADC_Init                              0x08000efd   Thumb Code   306  main.o(i.MX_ADC_Init)
    i.MX_GPIO_Init                           0x08001040   Section        0  main.o(i.MX_GPIO_Init)
    MX_GPIO_Init                             0x08001041   Thumb Code   896  main.o(i.MX_GPIO_Init)
    i.MX_I2C1_Init                           0x080013d8   Section        0  main.o(i.MX_I2C1_Init)
    MX_I2C1_Init                             0x080013d9   Thumb Code   130  main.o(i.MX_I2C1_Init)
    i.MX_SPI1_Init                           0x0800146c   Section        0  main.o(i.MX_SPI1_Init)
    MX_SPI1_Init                             0x0800146d   Thumb Code   134  main.o(i.MX_SPI1_Init)
    i.MX_SPI2_Init                           0x080014fc   Section        0  main.o(i.MX_SPI2_Init)
    MX_SPI2_Init                             0x080014fd   Thumb Code   132  main.o(i.MX_SPI2_Init)
    i.MX_TIM2_Init                           0x0800158c   Section        0  main.o(i.MX_TIM2_Init)
    MX_TIM2_Init                             0x0800158d   Thumb Code    70  main.o(i.MX_TIM2_Init)
    i.MX_USART1_UART_Init                    0x080015d8   Section        0  main.o(i.MX_USART1_UART_Init)
    MX_USART1_UART_Init                      0x080015d9   Thumb Code   138  main.o(i.MX_USART1_UART_Init)
    i.MX_USART2_UART_Init                    0x08001668   Section        0  main.o(i.MX_USART2_UART_Init)
    MX_USART2_UART_Init                      0x08001669   Thumb Code   130  main.o(i.MX_USART2_UART_Init)
    i.MX_USART4_UART_Init                    0x080016f0   Section        0  main.o(i.MX_USART4_UART_Init)
    MX_USART4_UART_Init                      0x080016f1   Thumb Code   134  main.o(i.MX_USART4_UART_Init)
    i.MX_USART5_UART_Init                    0x0800177c   Section        0  main.o(i.MX_USART5_UART_Init)
    MX_USART5_UART_Init                      0x0800177d   Thumb Code   134  main.o(i.MX_USART5_UART_Init)
    i.NMI_Handler                            0x0800180c   Section        0  stm32l0xx_it.o(i.NMI_Handler)
    i.NVIC_EnableIRQ                         0x08001810   Section        0  main.o(i.NVIC_EnableIRQ)
    NVIC_EnableIRQ                           0x08001811   Thumb Code    14  main.o(i.NVIC_EnableIRQ)
    i.NVIC_SetPriority                       0x08001824   Section        0  main.o(i.NVIC_SetPriority)
    NVIC_SetPriority                         0x08001825   Thumb Code    60  main.o(i.NVIC_SetPriority)
    i.PendSV_Handler                         0x08001868   Section        0  stm32l0xx_it.o(i.PendSV_Handler)
    i.RCC_GetHCLKClockFreq                   0x0800186c   Section        0  stm32l0xx_ll_rcc.o(i.RCC_GetHCLKClockFreq)
    i.RCC_GetPCLK1ClockFreq                  0x08001888   Section        0  stm32l0xx_ll_rcc.o(i.RCC_GetPCLK1ClockFreq)
    i.RCC_GetPCLK2ClockFreq                  0x080018a4   Section        0  stm32l0xx_ll_rcc.o(i.RCC_GetPCLK2ClockFreq)
    i.RCC_GetSystemClockFreq                 0x080018c0   Section        0  stm32l0xx_ll_rcc.o(i.RCC_GetSystemClockFreq)
    i.RCC_PLL_GetFreqDomain_SYS              0x08001914   Section        0  stm32l0xx_ll_rcc.o(i.RCC_PLL_GetFreqDomain_SYS)
    i.SVC_Handler                            0x0800195c   Section        0  stm32l0xx_it.o(i.SVC_Handler)
    i.SysTick_Handler                        0x0800195e   Section        0  stm32l0xx_it.o(i.SysTick_Handler)
    i.SystemClock_Config                     0x08001960   Section        0  main.o(i.SystemClock_Config)
    i.SystemInit                             0x08001a30   Section        0  system_stm32l0xx.o(i.SystemInit)
    i.T2_Callback                            0x08001a84   Section        0  wa30.o(i.T2_Callback)
    i.TIM2_IRQHandler                        0x08001a90   Section        0  stm32l0xx_it.o(i.TIM2_IRQHandler)
    i.U1RX_Callback                          0x08001aac   Section        0  acm_sensors.o(i.U1RX_Callback)
    i.U2RX_Callback                          0x08001ae0   Section        0  acm_incoming.o(i.U2RX_Callback)
    i.U4RX_Callback                          0x08001b14   Section        0  cat725_drive.o(i.U4RX_Callback)
    i.USART1_IRQHandler                      0x08001b34   Section        0  stm32l0xx_it.o(i.USART1_IRQHandler)
    i.USART2_IRQHandler                      0x08001b54   Section        0  stm32l0xx_it.o(i.USART2_IRQHandler)
    i.USART4_5_IRQHandler                    0x08001b74   Section        0  stm32l0xx_it.o(i.USART4_5_IRQHandler)
    i.__ARM_clz                              0x08001b94   Section        0  depilogue.o(i.__ARM_clz)
    i.__ARM_common_switch8                   0x08001bc2   Section        0  acm_incoming.o(i.__ARM_common_switch8)
    i.__scatterload_copy                     0x08001bdc   Section       14  handlers.o(i.__scatterload_copy)
    i.__scatterload_null                     0x08001bea   Section        2  handlers.o(i.__scatterload_null)
    i.__scatterload_zeroinit                 0x08001bec   Section       14  handlers.o(i.__scatterload_zeroinit)
    i.blink                                  0x08001bfa   Section        0  mysub.o(i.blink)
    i.cat725DirectServoDrive                 0x08001c1c   Section        0  cat725_drive.o(i.cat725DirectServoDrive)
    i.cat725GamepadDrive                     0x08001d18   Section        0  cat725_drive.o(i.cat725GamepadDrive)
    i.checkAcmIncomming                      0x0800202c   Section        0  acm_incoming.o(i.checkAcmIncomming)
    i.checkSensorIncomming                   0x08002144   Section        0  acm_sensors.o(i.checkSensorIncomming)
    i.emgStopPosition                        0x080022ac   Section        0  cat725_drive.o(i.emgStopPosition)
    i.gamepadDrive                           0x0800232c   Section        0  acm_incoming.o(i.gamepadDrive)
    i.initIwdg                               0x08002364   Section        0  myiwdg.o(i.initIwdg)
    i.initTimers                             0x080023ac   Section        0  wa30.o(i.initTimers)
    i.ledOff                                 0x080023d4   Section        0  mysub.o(i.ledOff)
    i.ledOn                                  0x080023e4   Section        0  mysub.o(i.ledOn)
    i.main                                   0x080023f4   Section        0  main.o(i.main)
    i.packetWait                             0x080024b8   Section        0  cat725_drive.o(i.packetWait)
    i.pato1Off                               0x080024f0   Section        0  mysub.o(i.pato1Off)
    i.pato1On                                0x08002504   Section        0  mysub.o(i.pato1On)
    i.pato2Off                               0x08002518   Section        0  mysub.o(i.pato2Off)
    i.pato2On                                0x0800252c   Section        0  mysub.o(i.pato2On)
    i.pato3Off                               0x08002540   Section        0  mysub.o(i.pato3Off)
    i.queAlarmReset                          0x08002554   Section        0  azd_krd_message.o(i.queAlarmReset)
    i.queReadWriteRegisterSeq                0x08002570   Section        0  azd_krd_message.o(i.queReadWriteRegisterSeq)
    i.queSetposAndReadStatus                 0x080025dc   Section        0  azd_krd_message.o(i.queSetposAndReadStatus)
    i.queWriteRegisterSeq                    0x08002640   Section        0  azd_krd_message.o(i.queWriteRegisterSeq)
    i.resetWDT                               0x0800269c   Section        0  myiwdg.o(i.resetWDT)
    i.rxBufferPositionReset                  0x080026ac   Section        0  cat725_drive.o(i.rxBufferPositionReset)
    i.sendQuery                              0x080026c8   Section        0  azd_krd_message.o(i.sendQuery)
    i.sendSensData                           0x0800272c   Section        0  wa30.o(i.sendSensData)
    i.sendUart1Byte                          0x08002798   Section        0  mylluart.o(i.sendUart1Byte)
    i.sendUart1Packet                        0x080027b4   Section        0  mylluart.o(i.sendUart1Packet)
    i.sendUart2Byte                          0x080027d4   Section        0  mylluart.o(i.sendUart2Byte)
    i.sendUart2Packet                        0x080027f0   Section        0  mylluart.o(i.sendUart2Packet)
    i.sendUart4Byte                          0x08002810   Section        0  mylluart.o(i.sendUart4Byte)
    i.sendUart4Packet                        0x0800282c   Section        0  mylluart.o(i.sendUart4Packet)
    i.sendUart5Byte                          0x0800284c   Section        0  mylluart.o(i.sendUart5Byte)
    i.sendUart5Packet                        0x08002868   Section        0  mylluart.o(i.sendUart5Packet)
    i.sensorRequest                          0x08002888   Section        0  acm_sensors.o(i.sensorRequest)
    i.sensorsRead                            0x080028f4   Section        0  acm_sensors.o(i.sensorsRead)
    i.setAccel                               0x0800292c   Section        0  cat725_drive.o(i.setAccel)
    i.setArticulate                          0x08002944   Section        0  cat725_drive.o(i.setArticulate)
    i.setBrake                               0x080029b4   Section        0  cat725_drive.o(i.setBrake)
    i.setContinuousSpeed                     0x080029ca   Section        0  azd_krd_message.o(i.setContinuousSpeed)
    i.setDump                                0x080029e8   Section        0  cat725_drive.o(i.setDump)
    i.setGear                                0x08002a24   Section        0  cat725_drive.o(i.setGear)
    i.setHandle                              0x08002a78   Section        0  cat725_drive.o(i.setHandle)
    i.setPosAndReadStatusByDefaultSetting    0x08002b28   Section        0  azd_krd_message.o(i.setPosAndReadStatusByDefaultSetting)
    i.setRelativePosAndReadStatus            0x08002b58   Section        0  azd_krd_message.o(i.setRelativePosAndReadStatus)
    i.spanChk                                0x08002b7c   Section        0  cat725_drive.o(i.spanChk)
    i.stopAllControlAndResetStatus           0x08002b98   Section        0  cat725_drive.o(i.stopAllControlAndResetStatus)
    i.u1RxInterruptEnable                    0x08002ba4   Section        0  mylluart.o(i.u1RxInterruptEnable)
    i.u1RxLedOff                             0x08002bb4   Section        0  mysub.o(i.u1RxLedOff)
    i.u1RxLedOn                              0x08002bc4   Section        0  mysub.o(i.u1RxLedOn)
    i.u1TxDisable                            0x08002bd4   Section        0  mysub.o(i.u1TxDisable)
    i.u1TxEnable                             0x08002be4   Section        0  mysub.o(i.u1TxEnable)
    i.u1TxLedOff                             0x08002bf4   Section        0  mysub.o(i.u1TxLedOff)
    i.u1TxLedOn                              0x08002c04   Section        0  mysub.o(i.u1TxLedOn)
    i.u2RxInterruptEnable                    0x08002c14   Section        0  mylluart.o(i.u2RxInterruptEnable)
    i.u2RxLedOff                             0x08002c24   Section        0  mysub.o(i.u2RxLedOff)
    i.u2RxLedOn                              0x08002c34   Section        0  mysub.o(i.u2RxLedOn)
    i.u4RxInterruptEnable                    0x08002c44   Section        0  mylluart.o(i.u4RxInterruptEnable)
    i.u4TxDisable                            0x08002c54   Section        0  mysub.o(i.u4TxDisable)
    i.u4TxEnable                             0x08002c68   Section        0  mysub.o(i.u4TxEnable)
    i.u5TxDisable                            0x08002c7c   Section        0  mysub.o(i.u5TxDisable)
    i.u5TxEnable                             0x08002c90   Section        0  mysub.o(i.u5TxEnable)
    i.wa30Init                               0x08002ca4   Section        0  wa30.o(i.wa30Init)
    i.wa30_main                              0x08002ce4   Section        0  wa30.o(i.wa30_main)
    i.wait100ms                              0x08002d84   Section        0  mywait16mhz.o(i.wait100ms)
    i.wait10ms                               0x08002db4   Section        0  mywait16mhz.o(i.wait10ms)
    i.wait10us                               0x08002de0   Section        0  mywait16mhz.o(i.wait10us)
    i.wait1ms                                0x08002dea   Section        0  mywait16mhz.o(i.wait1ms)
    i.wait1s                                 0x08002df6   Section        0  mywait16mhz.o(i.wait1s)
    .constdata                               0x08002e22   Section       25  system_stm32l0xx.o(.constdata)
    .constdata                               0x08002e3b   Section        8  system_stm32l0xx.o(.constdata)
    .constdata                               0x08002e44   Section      512  mycrc16.o(.constdata)
    wCRCTable                                0x08002e44   Data         512  mycrc16.o(.constdata)
    .data                                    0x20000000   Section        4  system_stm32l0xx.o(.data)
    .data                                    0x20000004   Section       20  wa30.o(.data)
    .data                                    0x20000018   Section       20  acm_incoming.o(.data)
    .data                                    0x2000002c   Section       24  acm_sensors.o(.data)
    .data                                    0x20000044   Section       91  cat725_drive.o(.data)
    .bss                                     0x200000a0   Section       54  wa30.o(.bss)
    .bss                                     0x200000d6   Section      550  acm_incoming.o(.bss)
    .bss                                     0x200002fc   Section      330  acm_sensors.o(.bss)
    .bss                                     0x20000446   Section      100  cat725_drive.o(.bss)
    STACK                                    0x200004b0   Section     1024  startup_stm32l071xx.o(STACK)

    Global Symbols

    Symbol Name                              Value     Ov Type        Size  Object(Section)

    BuildAttributes$$THM_ISAv3M$S$PE$A:L22$X:L11$S22$IEEE1$IW$USESV6$~STKCKD$USESV7$~SHL$OTIME$ROPI$EBA8$MICROLIB$REQ8$PRES8$EABIv2 0x00000000   Number         0  anon$$obj.o ABSOLUTE
    __ARM_use_no_argv                        0x00000000   Number         0  main.o ABSOLUTE
    __cpp_initialize__aeabi_                  - Undefined Weak Reference
    __cxa_finalize                            - Undefined Weak Reference
    __decompress                              - Undefined Weak Reference
    _clock_init                               - Undefined Weak Reference
    _microlib_exit                            - Undefined Weak Reference
    __Vectors_Size                           0x000000c0   Number         0  startup_stm32l071xx.o ABSOLUTE
    __Vectors                                0x08000000   Data           4  startup_stm32l071xx.o(RESET)
    __Vectors_End                            0x080000c0   Data           0  startup_stm32l071xx.o(RESET)
    __main                                   0x080000c1   Thumb Code     0  entry.o(.ARM.Collect$$$$00000000)
    _main_stk                                0x080000c1   Thumb Code     0  entry2.o(.ARM.Collect$$$$00000001)
    _main_scatterload                        0x080000c5   Thumb Code     0  entry5.o(.ARM.Collect$$$$00000004)
    __main_after_scatterload                 0x080000c9   Thumb Code     0  entry5.o(.ARM.Collect$$$$00000004)
    _main_clock                              0x080000c9   Thumb Code     0  entry7b.o(.ARM.Collect$$$$00000008)
    _main_cpp_init                           0x080000c9   Thumb Code     0  entry8b.o(.ARM.Collect$$$$0000000A)
    _main_init                               0x080000c9   Thumb Code     0  entry9a.o(.ARM.Collect$$$$0000000B)
    __rt_final_cpp                           0x080000d1   Thumb Code     0  entry10a.o(.ARM.Collect$$$$0000000D)
    __rt_final_exit                          0x080000d1   Thumb Code     0  entry11a.o(.ARM.Collect$$$$0000000F)
    Reset_Handler                            0x080000d5   Thumb Code     8  startup_stm32l071xx.o(.text)
    ADC1_COMP_IRQHandler                     0x080000e7   Thumb Code     0  startup_stm32l071xx.o(.text)
    DMA1_Channel1_IRQHandler                 0x080000e7   Thumb Code     0  startup_stm32l071xx.o(.text)
    DMA1_Channel2_3_IRQHandler               0x080000e7   Thumb Code     0  startup_stm32l071xx.o(.text)
    DMA1_Channel4_5_6_7_IRQHandler           0x080000e7   Thumb Code     0  startup_stm32l071xx.o(.text)
    EXTI0_1_IRQHandler                       0x080000e7   Thumb Code     0  startup_stm32l071xx.o(.text)
    EXTI2_3_IRQHandler                       0x080000e7   Thumb Code     0  startup_stm32l071xx.o(.text)
    EXTI4_15_IRQHandler                      0x080000e7   Thumb Code     0  startup_stm32l071xx.o(.text)
    FLASH_IRQHandler                         0x080000e7   Thumb Code     0  startup_stm32l071xx.o(.text)
    I2C1_IRQHandler                          0x080000e7   Thumb Code     0  startup_stm32l071xx.o(.text)
    I2C2_IRQHandler                          0x080000e7   Thumb Code     0  startup_stm32l071xx.o(.text)
    I2C3_IRQHandler                          0x080000e7   Thumb Code     0  startup_stm32l071xx.o(.text)
    LPTIM1_IRQHandler                        0x080000e7   Thumb Code     0  startup_stm32l071xx.o(.text)
    LPUART1_IRQHandler                       0x080000e7   Thumb Code     0  startup_stm32l071xx.o(.text)
    PVD_IRQHandler                           0x080000e7   Thumb Code     0  startup_stm32l071xx.o(.text)
    RCC_IRQHandler                           0x080000e7   Thumb Code     0  startup_stm32l071xx.o(.text)
    RTC_IRQHandler                           0x080000e7   Thumb Code     0  startup_stm32l071xx.o(.text)
    SPI1_IRQHandler                          0x080000e7   Thumb Code     0  startup_stm32l071xx.o(.text)
    SPI2_IRQHandler                          0x080000e7   Thumb Code     0  startup_stm32l071xx.o(.text)
    TIM21_IRQHandler                         0x080000e7   Thumb Code     0  startup_stm32l071xx.o(.text)
    TIM22_IRQHandler                         0x080000e7   Thumb Code     0  startup_stm32l071xx.o(.text)
    TIM3_IRQHandler                          0x080000e7   Thumb Code     0  startup_stm32l071xx.o(.text)
    TIM6_IRQHandler                          0x080000e7   Thumb Code     0  startup_stm32l071xx.o(.text)
    TIM7_IRQHandler                          0x080000e7   Thumb Code     0  startup_stm32l071xx.o(.text)
    WWDG_IRQHandler                          0x080000e7   Thumb Code     0  startup_stm32l071xx.o(.text)
    __aeabi_uidiv                            0x080000f1   Thumb Code     0  uidiv.o(.text)
    __aeabi_uidivmod                         0x080000f1   Thumb Code    44  uidiv.o(.text)
    __aeabi_idiv                             0x0800011d   Thumb Code     0  idiv.o(.text)
    __aeabi_idivmod                          0x0800011d   Thumb Code    40  idiv.o(.text)
    __aeabi_memcpy                           0x08000145   Thumb Code    36  memcpya.o(.text)
    __aeabi_memcpy4                          0x08000145   Thumb Code     0  memcpya.o(.text)
    __aeabi_memcpy8                          0x08000145   Thumb Code     0  memcpya.o(.text)
    __aeabi_fadd                             0x08000169   Thumb Code   162  fadd.o(.text)
    __aeabi_fsub                             0x0800020b   Thumb Code     8  fadd.o(.text)
    __aeabi_frsub                            0x08000213   Thumb Code     8  fadd.o(.text)
    __aeabi_fmul                             0x0800021b   Thumb Code   122  fmul.o(.text)
    __aeabi_fdiv                             0x08000295   Thumb Code   124  fdiv.o(.text)
    __aeabi_dadd                             0x08000311   Thumb Code   328  dadd.o(.text)
    __aeabi_dsub                             0x08000459   Thumb Code    12  dadd.o(.text)
    __aeabi_drsub                            0x08000465   Thumb Code    12  dadd.o(.text)
    __aeabi_dmul                             0x08000475   Thumb Code   202  dmul.o(.text)
    __aeabi_ddiv                             0x08000545   Thumb Code   234  ddiv.o(.text)
    __aeabi_ui2f                             0x08000635   Thumb Code    14  ffltui.o(.text)
    __aeabi_ui2d                             0x08000645   Thumb Code    24  dfltui.o(.text)
    __aeabi_f2iz                             0x08000661   Thumb Code    50  ffixi.o(.text)
    __aeabi_f2d                              0x08000693   Thumb Code    40  f2d.o(.text)
    __aeabi_cdcmpeq                          0x080006bd   Thumb Code     0  cdcmple.o(.text)
    __aeabi_cdcmple                          0x080006bd   Thumb Code    38  cdcmple.o(.text)
    __aeabi_cdrcmple                         0x080006e5   Thumb Code    38  cdrcmple.o(.text)
    __aeabi_d2f                              0x0800070d   Thumb Code    56  d2f.o(.text)
    __aeabi_llsl                             0x08000745   Thumb Code    32  llshl.o(.text)
    _ll_shift_l                              0x08000745   Thumb Code     0  llshl.o(.text)
    __aeabi_lasr                             0x08000765   Thumb Code    38  llsshr.o(.text)
    _ll_sshift_r                             0x08000765   Thumb Code     0  llsshr.o(.text)
    __I$use$fp                               0x0800078b   Thumb Code     0  iusefp.o(.text)
    _float_round                             0x0800078b   Thumb Code    16  fepilogue.o(.text)
    _float_epilogue                          0x0800079b   Thumb Code   114  fepilogue.o(.text)
    _double_round                            0x0800080d   Thumb Code    26  depilogue.o(.text)
    _double_epilogue                         0x08000827   Thumb Code   164  depilogue.o(.text)
    __scatterload                            0x080008cd   Thumb Code    28  init.o(.text)
    __scatterload_rt2                        0x080008cd   Thumb Code     0  init.o(.text)
    __aeabi_llsr                             0x080008f1   Thumb Code    34  llushr.o(.text)
    _ll_ushift_r                             0x080008f1   Thumb Code     0  llushr.o(.text)
    CRC16                                    0x08000915   Thumb Code    38  mycrc16.o(i.CRC16)
    HardFault_Handler                        0x08000945   Thumb Code    18  stm32l0xx_it.o(i.HardFault_Handler)
    LL_ADC_Init                              0x08000961   Thumb Code    42  stm32l0xx_ll_adc.o(i.LL_ADC_Init)
    LL_ADC_REG_Init                          0x08000991   Thumb Code    50  stm32l0xx_ll_adc.o(i.LL_ADC_REG_Init)
    LL_EXTI_Init                             0x080009f9   Thumb Code   178  stm32l0xx_ll_exti.o(i.LL_EXTI_Init)
    LL_GPIO_Init                             0x08000ab1   Thumb Code   174  stm32l0xx_ll_gpio.o(i.LL_GPIO_Init)
    LL_I2C_Init                              0x08000b87   Thumb Code   102  stm32l0xx_ll_i2c.o(i.LL_I2C_Init)
    LL_Init1msTick                           0x08000c05   Thumb Code    26  stm32l0xx_ll_utils.o(i.LL_Init1msTick)
    LL_RCC_GetSystemClocksFreq               0x08000c25   Thumb Code    32  stm32l0xx_ll_rcc.o(i.LL_RCC_GetSystemClocksFreq)
    LL_RCC_GetUSARTClockFreq                 0x08000c45   Thumb Code   162  stm32l0xx_ll_rcc.o(i.LL_RCC_GetUSARTClockFreq)
    LL_SPI_Init                              0x08000d0d   Thumb Code   106  stm32l0xx_ll_spi.o(i.LL_SPI_Init)
    LL_SetSystemCoreClock                    0x08000d9d   Thumb Code     6  stm32l0xx_ll_utils.o(i.LL_SetSystemCoreClock)
    LL_TIM_Init                              0x08000da9   Thumb Code    88  stm32l0xx_ll_tim.o(i.LL_TIM_Init)
    LL_USART_Init                            0x08000e21   Thumb Code   194  stm32l0xx_ll_usart.o(i.LL_USART_Init)
    NMI_Handler                              0x0800180d   Thumb Code     2  stm32l0xx_it.o(i.NMI_Handler)
    PendSV_Handler                           0x08001869   Thumb Code     2  stm32l0xx_it.o(i.PendSV_Handler)
    RCC_GetHCLKClockFreq                     0x0800186d   Thumb Code    18  stm32l0xx_ll_rcc.o(i.RCC_GetHCLKClockFreq)
    RCC_GetPCLK1ClockFreq                    0x08001889   Thumb Code    20  stm32l0xx_ll_rcc.o(i.RCC_GetPCLK1ClockFreq)
    RCC_GetPCLK2ClockFreq                    0x080018a5   Thumb Code    20  stm32l0xx_ll_rcc.o(i.RCC_GetPCLK2ClockFreq)
    RCC_GetSystemClockFreq                   0x080018c1   Thumb Code    72  stm32l0xx_ll_rcc.o(i.RCC_GetSystemClockFreq)
    RCC_PLL_GetFreqDomain_SYS                0x08001915   Thumb Code    58  stm32l0xx_ll_rcc.o(i.RCC_PLL_GetFreqDomain_SYS)
    SVC_Handler                              0x0800195d   Thumb Code     2  stm32l0xx_it.o(i.SVC_Handler)
    SysTick_Handler                          0x0800195f   Thumb Code     2  stm32l0xx_it.o(i.SysTick_Handler)
    SystemClock_Config                       0x08001961   Thumb Code   186  main.o(i.SystemClock_Config)
    SystemInit                               0x08001a31   Thumb Code    66  system_stm32l0xx.o(i.SystemInit)
    T2_Callback                              0x08001a85   Thumb Code     8  wa30.o(i.T2_Callback)
    TIM2_IRQHandler                          0x08001a91   Thumb Code    26  stm32l0xx_it.o(i.TIM2_IRQHandler)
    U1RX_Callback                            0x08001aad   Thumb Code    40  acm_sensors.o(i.U1RX_Callback)
    U2RX_Callback                            0x08001ae1   Thumb Code    40  acm_incoming.o(i.U2RX_Callback)
    U4RX_Callback                            0x08001b15   Thumb Code    18  cat725_drive.o(i.U4RX_Callback)
    USART1_IRQHandler                        0x08001b35   Thumb Code    26  stm32l0xx_it.o(i.USART1_IRQHandler)
    USART2_IRQHandler                        0x08001b55   Thumb Code    26  stm32l0xx_it.o(i.USART2_IRQHandler)
    USART4_5_IRQHandler                      0x08001b75   Thumb Code    26  stm32l0xx_it.o(i.USART4_5_IRQHandler)
    __ARM_clz                                0x08001b95   Thumb Code    46  depilogue.o(i.__ARM_clz)
    __ARM_common_switch8                     0x08001bc3   Thumb Code    26  acm_incoming.o(i.__ARM_common_switch8)
    __scatterload_copy                       0x08001bdd   Thumb Code    14  handlers.o(i.__scatterload_copy)
    __scatterload_null                       0x08001beb   Thumb Code     2  handlers.o(i.__scatterload_null)
    __scatterload_zeroinit                   0x08001bed   Thumb Code    14  handlers.o(i.__scatterload_zeroinit)
    blink                                    0x08001bfb   Thumb Code    32  mysub.o(i.blink)
    cat725DirectServoDrive                   0x08001c1d   Thumb Code   244  cat725_drive.o(i.cat725DirectServoDrive)
    cat725GamepadDrive                       0x08001d19   Thumb Code   698  cat725_drive.o(i.cat725GamepadDrive)
    checkAcmIncomming                        0x0800202d   Thumb Code   258  acm_incoming.o(i.checkAcmIncomming)
    checkSensorIncomming                     0x08002145   Thumb Code   338  acm_sensors.o(i.checkSensorIncomming)
    emgStopPosition                          0x080022ad   Thumb Code   116  cat725_drive.o(i.emgStopPosition)
    gamepadDrive                             0x0800232d   Thumb Code    52  acm_incoming.o(i.gamepadDrive)
    initIwdg                                 0x08002365   Thumb Code    48  myiwdg.o(i.initIwdg)
    initTimers                               0x080023ad   Thumb Code    34  wa30.o(i.initTimers)
    ledOff                                   0x080023d5   Thumb Code    12  mysub.o(i.ledOff)
    ledOn                                    0x080023e5   Thumb Code    12  mysub.o(i.ledOn)
    main                                     0x080023f5   Thumb Code   184  main.o(i.main)
    packetWait                               0x080024b9   Thumb Code    56  cat725_drive.o(i.packetWait)
    pato1Off                                 0x080024f1   Thumb Code    14  mysub.o(i.pato1Off)
    pato1On                                  0x08002505   Thumb Code    14  mysub.o(i.pato1On)
    pato2Off                                 0x08002519   Thumb Code    14  mysub.o(i.pato2Off)
    pato2On                                  0x0800252d   Thumb Code    14  mysub.o(i.pato2On)
    pato3Off                                 0x08002541   Thumb Code    14  mysub.o(i.pato3Off)
    queAlarmReset                            0x08002555   Thumb Code    28  azd_krd_message.o(i.queAlarmReset)
    queReadWriteRegisterSeq                  0x08002571   Thumb Code   108  azd_krd_message.o(i.queReadWriteRegisterSeq)
    queSetposAndReadStatus                   0x080025dd   Thumb Code   100  azd_krd_message.o(i.queSetposAndReadStatus)
    queWriteRegisterSeq                      0x08002641   Thumb Code    90  azd_krd_message.o(i.queWriteRegisterSeq)
    resetWDT                                 0x0800269d   Thumb Code     8  myiwdg.o(i.resetWDT)
    rxBufferPositionReset                    0x080026ad   Thumb Code    20  cat725_drive.o(i.rxBufferPositionReset)
    sendQuery                                0x080026c9   Thumb Code    98  azd_krd_message.o(i.sendQuery)
    sendSensData                             0x0800272d   Thumb Code    98  wa30.o(i.sendSensData)
    sendUart1Byte                            0x08002799   Thumb Code    22  mylluart.o(i.sendUart1Byte)
    sendUart1Packet                          0x080027b5   Thumb Code    30  mylluart.o(i.sendUart1Packet)
    sendUart2Byte                            0x080027d5   Thumb Code    22  mylluart.o(i.sendUart2Byte)
    sendUart2Packet                          0x080027f1   Thumb Code    30  mylluart.o(i.sendUart2Packet)
    sendUart4Byte                            0x08002811   Thumb Code    22  mylluart.o(i.sendUart4Byte)
    sendUart4Packet                          0x0800282d   Thumb Code    30  mylluart.o(i.sendUart4Packet)
    sendUart5Byte                            0x0800284d   Thumb Code    22  mylluart.o(i.sendUart5Byte)
    sendUart5Packet                          0x08002869   Thumb Code    30  mylluart.o(i.sendUart5Packet)
    sensorRequest                            0x08002889   Thumb Code   104  acm_sensors.o(i.sensorRequest)
    sensorsRead                              0x080028f5   Thumb Code    52  acm_sensors.o(i.sensorsRead)
    setAccel                                 0x0800292d   Thumb Code    22  cat725_drive.o(i.setAccel)
    setArticulate                            0x08002945   Thumb Code    84  cat725_drive.o(i.setArticulate)
    setBrake                                 0x080029b5   Thumb Code    22  cat725_drive.o(i.setBrake)
    setContinuousSpeed                       0x080029cb   Thumb Code    28  azd_krd_message.o(i.setContinuousSpeed)
    setDump                                  0x080029e9   Thumb Code    50  cat725_drive.o(i.setDump)
    setGear                                  0x08002a25   Thumb Code    66  cat725_drive.o(i.setGear)
    setHandle                                0x08002a79   Thumb Code   148  cat725_drive.o(i.setHandle)
    setPosAndReadStatusByDefaultSetting      0x08002b29   Thumb Code    38  azd_krd_message.o(i.setPosAndReadStatusByDefaultSetting)
    setRelativePosAndReadStatus              0x08002b59   Thumb Code    36  azd_krd_message.o(i.setRelativePosAndReadStatus)
    spanChk                                  0x08002b7d   Thumb Code    28  cat725_drive.o(i.spanChk)
    stopAllControlAndResetStatus             0x08002b99   Thumb Code    12  cat725_drive.o(i.stopAllControlAndResetStatus)
    u1RxInterruptEnable                      0x08002ba5   Thumb Code    12  mylluart.o(i.u1RxInterruptEnable)
    u1RxLedOff                               0x08002bb5   Thumb Code    12  mysub.o(i.u1RxLedOff)
    u1RxLedOn                                0x08002bc5   Thumb Code    12  mysub.o(i.u1RxLedOn)
    u1TxDisable                              0x08002bd5   Thumb Code    16  mysub.o(i.u1TxDisable)
    u1TxEnable                               0x08002be5   Thumb Code    16  mysub.o(i.u1TxEnable)
    u1TxLedOff                               0x08002bf5   Thumb Code    12  mysub.o(i.u1TxLedOff)
    u1TxLedOn                                0x08002c05   Thumb Code    12  mysub.o(i.u1TxLedOn)
    u2RxInterruptEnable                      0x08002c15   Thumb Code    12  mylluart.o(i.u2RxInterruptEnable)
    u2RxLedOff                               0x08002c25   Thumb Code    12  mysub.o(i.u2RxLedOff)
    u2RxLedOn                                0x08002c35   Thumb Code    12  mysub.o(i.u2RxLedOn)
    u4RxInterruptEnable                      0x08002c45   Thumb Code    12  mylluart.o(i.u4RxInterruptEnable)
    u4TxDisable                              0x08002c55   Thumb Code    14  mysub.o(i.u4TxDisable)
    u4TxEnable                               0x08002c69   Thumb Code    14  mysub.o(i.u4TxEnable)
    u5TxDisable                              0x08002c7d   Thumb Code    14  mysub.o(i.u5TxDisable)
    u5TxEnable                               0x08002c91   Thumb Code    14  mysub.o(i.u5TxEnable)
    wa30Init                                 0x08002ca5   Thumb Code    52  wa30.o(i.wa30Init)
    wa30_main                                0x08002ce5   Thumb Code   156  wa30.o(i.wa30_main)
    wait100ms                                0x08002d85   Thumb Code    48  mywait16mhz.o(i.wait100ms)
    wait10ms                                 0x08002db5   Thumb Code    44  mywait16mhz.o(i.wait10ms)
    wait10us                                 0x08002de1   Thumb Code    10  mywait16mhz.o(i.wait10us)
    wait1ms                                  0x08002deb   Thumb Code    12  mywait16mhz.o(i.wait1ms)
    wait1s                                   0x08002df7   Thumb Code    44  mywait16mhz.o(i.wait1s)
    AHBPrescTable                            0x08002e22   Data          16  system_stm32l0xx.o(.constdata)
    PLLMulTable                              0x08002e32   Data           9  system_stm32l0xx.o(.constdata)
    APBPrescTable                            0x08002e3b   Data           8  system_stm32l0xx.o(.constdata)
    Region$$Table$$Base                      0x08003044   Number         0  anon$$obj.o(Region$$Table)
    Region$$Table$$Limit                     0x08003064   Number         0  anon$$obj.o(Region$$Table)
    SystemCoreClock                          0x20000000   Data           4  system_stm32l0xx.o(.data)
    isRearRadarDetected                      0x20000004   Data           1  wa30.o(.data)
    isCom                                    0x20000005   Data           1  wa30.o(.data)
    isEmgStopRequested                       0x20000006   Data           1  wa30.o(.data)
    RQ                                       0x20000007   Data           1  wa30.o(.data)
    packetCount                              0x20000008   Data           1  wa30.o(.data)
    is100msInterval                          0x20000009   Data           1  wa30.o(.data)
    ledStat                                  0x2000000a   Data           1  wa30.o(.data)
    ledBlinkcounter                          0x2000000b   Data           1  wa30.o(.data)
    comTimeCnt                               0x2000000c   Data           4  wa30.o(.data)
    rearRadarDetectCnt                       0x20000010   Data           4  wa30.o(.data)
    DIO                                      0x20000014   Data           4  wa30.o(.data)
    u2RxCnt                                  0x20000018   Data           1  acm_incoming.o(.data)
    u2RxLen                                  0x20000019   Data           1  acm_incoming.o(.data)
    u2RxSum                                  0x2000001a   Data           1  acm_incoming.o(.data)
    acmPacketPos                             0x2000001b   Data           1  acm_incoming.o(.data)
    U2Q                                      0x2000001c   Data           4  acm_incoming.o(.data)
    u2RxPos                                  0x20000020   Data           4  acm_incoming.o(.data)
    u2RxPrePos                               0x20000024   Data           4  acm_incoming.o(.data)
    acmDio                                   0x20000028   Data           4  acm_incoming.o(.data)
    u1RxSum                                  0x2000002c   Data           1  acm_sensors.o(.data)
    u1RxLen                                  0x2000002d   Data           1  acm_sensors.o(.data)
    u1RxCnt                                  0x2000002e   Data           1  acm_sensors.o(.data)
    acmSensPos                               0x2000002f   Data           1  acm_sensors.o(.data)
    sqCnt                                    0x20000030   Data           1  acm_sensors.o(.data)
    u1RxPos                                  0x20000034   Data           4  acm_sensors.o(.data)
    u1RxPrePos                               0x20000038   Data           4  acm_sensors.o(.data)
    U1Q                                      0x2000003c   Data           4  acm_sensors.o(.data)
    sensCnt                                  0x20000040   Data           4  acm_sensors.o(.data)
    dBRAKE                                   0x20000044   Data           1  cat725_drive.o(.data)
    dACCEL                                   0x20000045   Data           1  cat725_drive.o(.data)
    u4rxPos                                  0x20000048   Data           4  cat725_drive.o(.data)
    thisDirection                            0x2000004c   Data           4  cat725_drive.o(.data)
    testFlg                                  0x20000050   Data           4  cat725_drive.o(.data)
    ST                                       0x20000054   Data           4  cat725_drive.o(.data)
    AC                                       0x20000058   Data           4  cat725_drive.o(.data)
    BL                                       0x2000005c   Data           4  cat725_drive.o(.data)
    FR                                       0x20000060   Data           4  cat725_drive.o(.data)
    DP                                       0x20000064   Data           4  cat725_drive.o(.data)
    KY                                       0x20000068   Data           4  cat725_drive.o(.data)
    nowAngle                                 0x2000006c   Data           4  cat725_drive.o(.data)
    distAngle                                0x20000070   Data           4  cat725_drive.o(.data)
    dumpAngle                                0x20000074   Data           4  cat725_drive.o(.data)
    distDumpAngle                            0x20000078   Data           4  cat725_drive.o(.data)
    handleStep                               0x2000007c   Data           4  cat725_drive.o(.data)
    nowArt                                   0x20000080   Data           4  cat725_drive.o(.data)
    deltaArt                                 0x20000084   Data           4  cat725_drive.o(.data)
    distArt                                  0x20000088   Data           4  cat725_drive.o(.data)
    targetArt                                0x2000008c   Data           4  cat725_drive.o(.data)
    dHANDLE                                  0x20000090   Data           4  cat725_drive.o(.data)
    tempVal                                  0x20000094   Data           4  cat725_drive.o(.data)
    svStatus                                 0x20000098   Data           7  cat725_drive.o(.data)
    sens_data                                0x200000a0   Data          24  wa30.o(.bss)
    dt                                       0x200000b8   Data          30  wa30.o(.bss)
    u2RxBuf                                  0x200000d6   Data         500  acm_incoming.o(.bss)
    acmPacketBuf                             0x200002ca   Data          50  acm_incoming.o(.bss)
    u1RxBuf                                  0x200002fc   Data         300  acm_sensors.o(.bss)
    acmSensBuf                               0x20000428   Data          30  acm_sensors.o(.bss)
    u4RxBuf                                  0x20000446   Data         100  cat725_drive.o(.bss)
    __initial_sp                             0x200008b0   Data           0  startup_stm32l071xx.o(STACK)



==============================================================================

Memory Map of the image

  Image Entry point : 0x080000c1

  Load Region LR_IROM1 (Base: 0x08000000, Size: 0x00003104, Max: 0x00010000, ABSOLUTE)

    Execution Region ER_IROM1 (Exec base: 0x08000000, Load base: 0x08000000, Size: 0x00003064, Max: 0x00010000, ABSOLUTE)

    Exec Addr    Load Addr    Size         Type   Attr      Idx    E Section Name        Object

    0x08000000   0x08000000   0x000000c0   Data   RO           61    RESET               startup_stm32l071xx.o
    0x080000c0   0x080000c0   0x00000000   Code   RO         1813  * .ARM.Collect$$$$00000000  mc_p.l(entry.o)
    0x080000c0   0x080000c0   0x00000004   Code   RO         1852    .ARM.Collect$$$$00000001  mc_p.l(entry2.o)
    0x080000c4   0x080000c4   0x00000004   Code   RO         1855    .ARM.Collect$$$$00000004  mc_p.l(entry5.o)
    0x080000c8   0x080000c8   0x00000000   Code   RO         1857    .ARM.Collect$$$$00000008  mc_p.l(entry7b.o)
    0x080000c8   0x080000c8   0x00000000   Code   RO         1859    .ARM.Collect$$$$0000000A  mc_p.l(entry8b.o)
    0x080000c8   0x080000c8   0x00000008   Code   RO         1860    .ARM.Collect$$$$0000000B  mc_p.l(entry9a.o)
    0x080000d0   0x080000d0   0x00000000   Code   RO         1862    .ARM.Collect$$$$0000000D  mc_p.l(entry10a.o)
    0x080000d0   0x080000d0   0x00000000   Code   RO         1864    .ARM.Collect$$$$0000000F  mc_p.l(entry11a.o)
    0x080000d0   0x080000d0   0x00000004   Code   RO         1853    .ARM.Collect$$$$00002712  mc_p.l(entry2.o)
    0x080000d4   0x080000d4   0x0000001c   Code   RO           62    .text               startup_stm32l071xx.o
    0x080000f0   0x080000f0   0x0000002c   Code   RO         1816    .text               mc_p.l(uidiv.o)
    0x0800011c   0x0800011c   0x00000028   Code   RO         1818    .text               mc_p.l(idiv.o)
    0x08000144   0x08000144   0x00000024   Code   RO         1820    .text               mc_p.l(memcpya.o)
    0x08000168   0x08000168   0x000000b2   Code   RO         1824    .text               mf_p.l(fadd.o)
    0x0800021a   0x0800021a   0x0000007a   Code   RO         1826    .text               mf_p.l(fmul.o)
    0x08000294   0x08000294   0x0000007c   Code   RO         1828    .text               mf_p.l(fdiv.o)
    0x08000310   0x08000310   0x00000164   Code   RO         1830    .text               mf_p.l(dadd.o)
    0x08000474   0x08000474   0x000000d0   Code   RO         1832    .text               mf_p.l(dmul.o)
    0x08000544   0x08000544   0x000000f0   Code   RO         1834    .text               mf_p.l(ddiv.o)
    0x08000634   0x08000634   0x0000000e   Code   RO         1838    .text               mf_p.l(ffltui.o)
    0x08000642   0x08000642   0x00000002   PAD
    0x08000644   0x08000644   0x0000001c   Code   RO         1840    .text               mf_p.l(dfltui.o)
    0x08000660   0x08000660   0x00000032   Code   RO         1842    .text               mf_p.l(ffixi.o)
    0x08000692   0x08000692   0x00000028   Code   RO         1844    .text               mf_p.l(f2d.o)
    0x080006ba   0x080006ba   0x00000002   PAD
    0x080006bc   0x080006bc   0x00000028   Code   RO         1846    .text               mf_p.l(cdcmple.o)
    0x080006e4   0x080006e4   0x00000028   Code   RO         1848    .text               mf_p.l(cdrcmple.o)
    0x0800070c   0x0800070c   0x00000038   Code   RO         1850    .text               mf_p.l(d2f.o)
    0x08000744   0x08000744   0x00000020   Code   RO         1866    .text               mc_p.l(llshl.o)
    0x08000764   0x08000764   0x00000026   Code   RO         1868    .text               mc_p.l(llsshr.o)
    0x0800078a   0x0800078a   0x00000000   Code   RO         1870    .text               mc_p.l(iusefp.o)
    0x0800078a   0x0800078a   0x00000082   Code   RO         1871    .text               mf_p.l(fepilogue.o)
    0x0800080c   0x0800080c   0x000000be   Code   RO         1873    .text               mf_p.l(depilogue.o)
    0x080008ca   0x080008ca   0x00000002   PAD
    0x080008cc   0x080008cc   0x00000024   Code   RO         1877    .text               mc_p.l(init.o)
    0x080008f0   0x080008f0   0x00000022   Code   RO         1879    .text               mc_p.l(llushr.o)
    0x08000912   0x08000912   0x00000002   PAD
    0x08000914   0x08000914   0x00000030   Code   RO          588    i.CRC16             mycrc16.o
    0x08000944   0x08000944   0x0000001c   Code   RO          940    i.HardFault_Handler  stm32l0xx_it.o
    0x08000960   0x08000960   0x00000030   Code   RO         1330    i.LL_ADC_Init       stm32l0xx_ll_adc.o
    0x08000990   0x08000990   0x00000038   Code   RO         1331    i.LL_ADC_REG_Init   stm32l0xx_ll_adc.o
    0x080009c8   0x080009c8   0x00000018   Code   RO          769    i.LL_APB1_GRP1_EnableClock  main.o
    0x080009e0   0x080009e0   0x00000018   Code   RO          770    i.LL_APB2_GRP1_EnableClock  main.o
    0x080009f8   0x080009f8   0x000000b8   Code   RO         1254    i.LL_EXTI_Init      stm32l0xx_ll_exti.o
    0x08000ab0   0x08000ab0   0x000000ae   Code   RO         1289    i.LL_GPIO_Init      stm32l0xx_ll_gpio.o
    0x08000b5e   0x08000b5e   0x00000014   Code   RO          771    i.LL_GPIO_SetPinMode  main.o
    0x08000b72   0x08000b72   0x00000014   Code   RO          772    i.LL_GPIO_SetPinPull  main.o
    0x08000b86   0x08000b86   0x00000066   Code   RO         1455    i.LL_I2C_Init       stm32l0xx_ll_i2c.o
    0x08000bec   0x08000bec   0x00000018   Code   RO          773    i.LL_IOP_GRP1_EnableClock  main.o
    0x08000c04   0x08000c04   0x00000020   Code   RO         1177    i.LL_Init1msTick    stm32l0xx_ll_utils.o
    0x08000c24   0x08000c24   0x00000020   Code   RO         1736    i.LL_RCC_GetSystemClocksFreq  stm32l0xx_ll_rcc.o
    0x08000c44   0x08000c44   0x000000b4   Code   RO         1737    i.LL_RCC_GetUSARTClockFreq  stm32l0xx_ll_rcc.o
    0x08000cf8   0x08000cf8   0x00000014   Code   RO          774    i.LL_RCC_SetUSARTClockSource  main.o
    0x08000d0c   0x08000d0c   0x00000070   Code   RO         1497    i.LL_SPI_Init       stm32l0xx_ll_spi.o
    0x08000d7c   0x08000d7c   0x00000020   Code   RO          775    i.LL_SYSCFG_SetEXTISource  main.o
    0x08000d9c   0x08000d9c   0x0000000c   Code   RO         1180    i.LL_SetSystemCoreClock  stm32l0xx_ll_utils.o
    0x08000da8   0x08000da8   0x00000064   Code   RO         1583    i.LL_TIM_Init       stm32l0xx_ll_tim.o
    0x08000e0c   0x08000e0c   0x00000014   Code   RO          776    i.LL_USART_ConfigAsyncMode  main.o
    0x08000e20   0x08000e20   0x000000dc   Code   RO         1688    i.LL_USART_Init     stm32l0xx_ll_usart.o
    0x08000efc   0x08000efc   0x00000144   Code   RO          777    i.MX_ADC_Init       main.o
    0x08001040   0x08001040   0x00000398   Code   RO          778    i.MX_GPIO_Init      main.o
    0x080013d8   0x080013d8   0x00000094   Code   RO          779    i.MX_I2C1_Init      main.o
    0x0800146c   0x0800146c   0x00000090   Code   RO          780    i.MX_SPI1_Init      main.o
    0x080014fc   0x080014fc   0x00000090   Code   RO          781    i.MX_SPI2_Init      main.o
    0x0800158c   0x0800158c   0x0000004c   Code   RO          782    i.MX_TIM2_Init      main.o
    0x080015d8   0x080015d8   0x00000090   Code   RO          783    i.MX_USART1_UART_Init  main.o
    0x08001668   0x08001668   0x00000088   Code   RO          784    i.MX_USART2_UART_Init  main.o
    0x080016f0   0x080016f0   0x0000008c   Code   RO          785    i.MX_USART4_UART_Init  main.o
    0x0800177c   0x0800177c   0x00000090   Code   RO          786    i.MX_USART5_UART_Init  main.o
    0x0800180c   0x0800180c   0x00000002   Code   RO          941    i.NMI_Handler       stm32l0xx_it.o
    0x0800180e   0x0800180e   0x00000002   PAD
    0x08001810   0x08001810   0x00000014   Code   RO          787    i.NVIC_EnableIRQ    main.o
    0x08001824   0x08001824   0x00000044   Code   RO          788    i.NVIC_SetPriority  main.o
    0x08001868   0x08001868   0x00000002   Code   RO          942    i.PendSV_Handler    stm32l0xx_it.o
    0x0800186a   0x0800186a   0x00000002   PAD
    0x0800186c   0x0800186c   0x0000001c   Code   RO         1738    i.RCC_GetHCLKClockFreq  stm32l0xx_ll_rcc.o
    0x08001888   0x08001888   0x0000001c   Code   RO         1739    i.RCC_GetPCLK1ClockFreq  stm32l0xx_ll_rcc.o
    0x080018a4   0x080018a4   0x0000001c   Code   RO         1740    i.RCC_GetPCLK2ClockFreq  stm32l0xx_ll_rcc.o
    0x080018c0   0x080018c0   0x00000054   Code   RO         1741    i.RCC_GetSystemClockFreq  stm32l0xx_ll_rcc.o
    0x08001914   0x08001914   0x00000048   Code   RO         1742    i.RCC_PLL_GetFreqDomain_SYS  stm32l0xx_ll_rcc.o
    0x0800195c   0x0800195c   0x00000002   Code   RO          943    i.SVC_Handler       stm32l0xx_it.o
    0x0800195e   0x0800195e   0x00000002   Code   RO          944    i.SysTick_Handler   stm32l0xx_it.o
    0x08001960   0x08001960   0x000000d0   Code   RO          789    i.SystemClock_Config  main.o
    0x08001a30   0x08001a30   0x00000054   Code   RO            4    i.SystemInit        system_stm32l0xx.o
    0x08001a84   0x08001a84   0x0000000c   Code   RO          609    i.T2_Callback       wa30.o
    0x08001a90   0x08001a90   0x0000001a   Code   RO          945    i.TIM2_IRQHandler   stm32l0xx_it.o
    0x08001aaa   0x08001aaa   0x00000002   PAD
    0x08001aac   0x08001aac   0x00000034   Code   RO          720    i.U1RX_Callback     acm_sensors.o
    0x08001ae0   0x08001ae0   0x00000034   Code   RO          666    i.U2RX_Callback     acm_incoming.o
    0x08001b14   0x08001b14   0x00000020   Code   RO         1020    i.U4RX_Callback     cat725_drive.o
    0x08001b34   0x08001b34   0x00000020   Code   RO          946    i.USART1_IRQHandler  stm32l0xx_it.o
    0x08001b54   0x08001b54   0x00000020   Code   RO          947    i.USART2_IRQHandler  stm32l0xx_it.o
    0x08001b74   0x08001b74   0x00000020   Code   RO          948    i.USART4_5_IRQHandler  stm32l0xx_it.o
    0x08001b94   0x08001b94   0x0000002e   Code   RO         1875    i.__ARM_clz         mf_p.l(depilogue.o)
    0x08001bc2   0x08001bc2   0x0000001a   Code   RO          709    i.__ARM_common_switch8  acm_incoming.o
    0x08001bdc   0x08001bdc   0x0000000e   Code   RO         1883    i.__scatterload_copy  mc_p.l(handlers.o)
    0x08001bea   0x08001bea   0x00000002   Code   RO         1884    i.__scatterload_null  mc_p.l(handlers.o)
    0x08001bec   0x08001bec   0x0000000e   Code   RO         1885    i.__scatterload_zeroinit  mc_p.l(handlers.o)
    0x08001bfa   0x08001bfa   0x00000020   Code   RO          381    i.blink             mysub.o
    0x08001c1a   0x08001c1a   0x00000002   PAD
    0x08001c1c   0x08001c1c   0x000000fc   Code   RO         1024    i.cat725DirectServoDrive  cat725_drive.o
    0x08001d18   0x08001d18   0x00000314   Code   RO         1025    i.cat725GamepadDrive  cat725_drive.o
    0x0800202c   0x0800202c   0x00000118   Code   RO          668    i.checkAcmIncomming  acm_incoming.o
    0x08002144   0x08002144   0x00000168   Code   RO          721    i.checkSensorIncomming  acm_sensors.o
    0x080022ac   0x080022ac   0x00000080   Code   RO         1028    i.emgStopPosition   cat725_drive.o
    0x0800232c   0x0800232c   0x00000038   Code   RO          669    i.gamepadDrive      acm_incoming.o
    0x08002364   0x08002364   0x00000048   Code   RO           68    i.initIwdg          myiwdg.o
    0x080023ac   0x080023ac   0x00000028   Code   RO          610    i.initTimers        wa30.o
    0x080023d4   0x080023d4   0x00000010   Code   RO          382    i.ledOff            mysub.o
    0x080023e4   0x080023e4   0x00000010   Code   RO          383    i.ledOn             mysub.o
    0x080023f4   0x080023f4   0x000000c4   Code   RO          791    i.main              main.o
    0x080024b8   0x080024b8   0x00000038   Code   RO         1030    i.packetWait        cat725_drive.o
    0x080024f0   0x080024f0   0x00000014   Code   RO          384    i.pato1Off          mysub.o
    0x08002504   0x08002504   0x00000014   Code   RO          385    i.pato1On           mysub.o
    0x08002518   0x08002518   0x00000014   Code   RO          386    i.pato2Off          mysub.o
    0x0800252c   0x0800252c   0x00000014   Code   RO          387    i.pato2On           mysub.o
    0x08002540   0x08002540   0x00000014   Code   RO          388    i.pato3Off          mysub.o
    0x08002554   0x08002554   0x0000001c   Code   RO          266    i.queAlarmReset     azd_krd_message.o
    0x08002570   0x08002570   0x0000006c   Code   RO          270    i.queReadWriteRegisterSeq  azd_krd_message.o
    0x080025dc   0x080025dc   0x00000064   Code   RO          271    i.queSetposAndReadStatus  azd_krd_message.o
    0x08002640   0x08002640   0x0000005a   Code   RO          273    i.queWriteRegisterSeq  azd_krd_message.o
    0x0800269a   0x0800269a   0x00000002   PAD
    0x0800269c   0x0800269c   0x00000010   Code   RO           69    i.resetWDT          myiwdg.o
    0x080026ac   0x080026ac   0x0000001c   Code   RO         1031    i.rxBufferPositionReset  cat725_drive.o
    0x080026c8   0x080026c8   0x00000062   Code   RO          275    i.sendQuery         azd_krd_message.o
    0x0800272a   0x0800272a   0x00000002   PAD
    0x0800272c   0x0800272c   0x0000006c   Code   RO          611    i.sendSensData      wa30.o
    0x08002798   0x08002798   0x0000001c   Code   RO          152    i.sendUart1Byte     mylluart.o
    0x080027b4   0x080027b4   0x0000001e   Code   RO          153    i.sendUart1Packet   mylluart.o
    0x080027d2   0x080027d2   0x00000002   PAD
    0x080027d4   0x080027d4   0x0000001c   Code   RO          154    i.sendUart2Byte     mylluart.o
    0x080027f0   0x080027f0   0x0000001e   Code   RO          155    i.sendUart2Packet   mylluart.o
    0x0800280e   0x0800280e   0x00000002   PAD
    0x08002810   0x08002810   0x0000001c   Code   RO          156    i.sendUart4Byte     mylluart.o
    0x0800282c   0x0800282c   0x0000001e   Code   RO          157    i.sendUart4Packet   mylluart.o
    0x0800284a   0x0800284a   0x00000002   PAD
    0x0800284c   0x0800284c   0x0000001c   Code   RO          158    i.sendUart5Byte     mylluart.o
    0x08002868   0x08002868   0x0000001e   Code   RO          159    i.sendUart5Packet   mylluart.o
    0x08002886   0x08002886   0x00000002   PAD
    0x08002888   0x08002888   0x0000006c   Code   RO          722    i.sensorRequest     acm_sensors.o
    0x080028f4   0x080028f4   0x00000038   Code   RO          723    i.sensorsRead       acm_sensors.o
    0x0800292c   0x0800292c   0x00000016   Code   RO         1032    i.setAccel          cat725_drive.o
    0x08002942   0x08002942   0x00000002   PAD
    0x08002944   0x08002944   0x00000070   Code   RO         1033    i.setArticulate     cat725_drive.o
    0x080029b4   0x080029b4   0x00000016   Code   RO         1034    i.setBrake          cat725_drive.o
    0x080029ca   0x080029ca   0x0000001c   Code   RO          276    i.setContinuousSpeed  azd_krd_message.o
    0x080029e6   0x080029e6   0x00000002   PAD
    0x080029e8   0x080029e8   0x0000003c   Code   RO         1035    i.setDump           cat725_drive.o
    0x08002a24   0x08002a24   0x00000054   Code   RO         1036    i.setGear           cat725_drive.o
    0x08002a78   0x08002a78   0x000000b0   Code   RO         1037    i.setHandle         cat725_drive.o
    0x08002b28   0x08002b28   0x00000030   Code   RO          278    i.setPosAndReadStatusByDefaultSetting  azd_krd_message.o
    0x08002b58   0x08002b58   0x00000024   Code   RO          281    i.setRelativePosAndReadStatus  azd_krd_message.o
    0x08002b7c   0x08002b7c   0x0000001c   Code   RO         1038    i.spanChk           cat725_drive.o
    0x08002b98   0x08002b98   0x0000000c   Code   RO         1041    i.stopAllControlAndResetStatus  cat725_drive.o
    0x08002ba4   0x08002ba4   0x00000010   Code   RO          161    i.u1RxInterruptEnable  mylluart.o
    0x08002bb4   0x08002bb4   0x00000010   Code   RO          390    i.u1RxLedOff        mysub.o
    0x08002bc4   0x08002bc4   0x00000010   Code   RO          391    i.u1RxLedOn         mysub.o
    0x08002bd4   0x08002bd4   0x00000010   Code   RO          392    i.u1TxDisable       mysub.o
    0x08002be4   0x08002be4   0x00000010   Code   RO          393    i.u1TxEnable        mysub.o
    0x08002bf4   0x08002bf4   0x00000010   Code   RO          394    i.u1TxLedOff        mysub.o
    0x08002c04   0x08002c04   0x00000010   Code   RO          395    i.u1TxLedOn         mysub.o
    0x08002c14   0x08002c14   0x00000010   Code   RO          163    i.u2RxInterruptEnable  mylluart.o
    0x08002c24   0x08002c24   0x00000010   Code   RO          396    i.u2RxLedOff        mysub.o
    0x08002c34   0x08002c34   0x00000010   Code   RO          397    i.u2RxLedOn         mysub.o
    0x08002c44   0x08002c44   0x00000010   Code   RO          165    i.u4RxInterruptEnable  mylluart.o
    0x08002c54   0x08002c54   0x00000014   Code   RO          400    i.u4TxDisable       mysub.o
    0x08002c68   0x08002c68   0x00000014   Code   RO          401    i.u4TxEnable        mysub.o
    0x08002c7c   0x08002c7c   0x00000014   Code   RO          402    i.u5TxDisable       mysub.o
    0x08002c90   0x08002c90   0x00000014   Code   RO          403    i.u5TxEnable        mysub.o
    0x08002ca4   0x08002ca4   0x00000040   Code   RO          612    i.wa30Init          wa30.o
    0x08002ce4   0x08002ce4   0x000000a0   Code   RO          613    i.wa30_main         wa30.o
    0x08002d84   0x08002d84   0x00000030   Code   RO          532    i.wait100ms         mywait16mhz.o
    0x08002db4   0x08002db4   0x0000002c   Code   RO          534    i.wait10ms          mywait16mhz.o
    0x08002de0   0x08002de0   0x0000000a   Code   RO          535    i.wait10us          mywait16mhz.o
    0x08002dea   0x08002dea   0x0000000c   Code   RO          536    i.wait1ms           mywait16mhz.o
    0x08002df6   0x08002df6   0x0000002c   Code   RO          537    i.wait1s            mywait16mhz.o
    0x08002e22   0x08002e22   0x00000019   Data   RO            5    .constdata          system_stm32l0xx.o
    0x08002e3b   0x08002e3b   0x00000008   Data   RO            6    .constdata          system_stm32l0xx.o
    0x08002e43   0x08002e43   0x00000001   PAD
    0x08002e44   0x08002e44   0x00000200   Data   RO          589    .constdata          mycrc16.o
    0x08003044   0x08003044   0x00000020   Data   RO         1881    Region$$Table       anon$$obj.o


    Execution Region RW_IRAM1 (Exec base: 0x20000000, Load base: 0x08003064, Size: 0x000008b0, Max: 0x00005000, ABSOLUTE)

    Exec Addr    Load Addr    Size         Type   Attr      Idx    E Section Name        Object

    0x20000000   0x08003064   0x00000004   Data   RW            7    .data               system_stm32l0xx.o
    0x20000004   0x08003068   0x00000014   Data   RW          615    .data               wa30.o
    0x20000018   0x0800307c   0x00000014   Data   RW          671    .data               acm_incoming.o
    0x2000002c   0x08003090   0x00000018   Data   RW          726    .data               acm_sensors.o
    0x20000044   0x080030a8   0x0000005b   Data   RW         1043    .data               cat725_drive.o
    0x2000009f   0x08003103   0x00000001   PAD
    0x200000a0        -       0x00000036   Zero   RW          614    .bss                wa30.o
    0x200000d6        -       0x00000226   Zero   RW          670    .bss                acm_incoming.o
    0x200002fc        -       0x0000014a   Zero   RW          724    .bss                acm_sensors.o
    0x20000446        -       0x00000064   Zero   RW         1042    .bss                cat725_drive.o
    0x200004aa   0x08003103   0x00000006   PAD
    0x200004b0        -       0x00000400   Zero   RW           59    STACK               startup_stm32l071xx.o


==============================================================================

Image component sizes


      Code (inc. data)   RO Data    RW Data    ZI Data      Debug   Object Name

       414         46          0         20        550      21219   acm_incoming.o
       576         56          0         24        330       4925   acm_sensors.o
       536         10          0          0          0       6154   azd_krd_message.o
      1800        232          0         91        100      10867   cat725_drive.o
      2996        190          0          0          0     154641   main.o
        48         10        512          0          0        972   mycrc16.o
        88         32          0          0          0      17778   myiwdg.o
       280         36          0          0          0      38420   mylluart.o
       372         86          0          0          0       8320   mysub.o
       158          0          0          0          0       2601   mywait16mhz.o
        28          8        192          0       1024        616   startup_stm32l071xx.o
       158         28          0          0          0      54695   stm32l0xx_it.o
       104         12          0          0          0      31976   stm32l0xx_ll_adc.o
       184          6          0          0          0       5563   stm32l0xx_ll_exti.o
       174          0          0          0          0       7163   stm32l0xx_ll_gpio.o
       102          0          0          0          0      15210   stm32l0xx_ll_i2c.o
       452         70          0          0          0      20412   stm32l0xx_ll_rcc.o
       112          6          0          0          0      15094   stm32l0xx_ll_spi.o
       100         12          0          0          0      27978   stm32l0xx_ll_tim.o
       220         26          0          0          0      21500   stm32l0xx_ll_usart.o
        44         12          0          0          0       2285   stm32l0xx_ll_utils.o
        84         18         33          4          0     218243   system_stm32l0xx.o
       384         36          0         20         54       3661   wa30.o

    ----------------------------------------------------------------------
      9438        932        770        160       2064     690293   Object Totals
         0          0         32          0          0          0   (incl. Generated)
        24          0          1          1          6          0   (incl. Padding)

    ----------------------------------------------------------------------

      Code (inc. data)   RO Data    RW Data    ZI Data      Debug   Library Member Name

         0          0          0          0          0          0   entry.o
         0          0          0          0          0          0   entry10a.o
         0          0          0          0          0          0   entry11a.o
         8          4          0          0          0          0   entry2.o
         4          0          0          0          0          0   entry5.o
         0          0          0          0          0          0   entry7b.o
         0          0          0          0          0          0   entry8b.o
         8          4          0          0          0          0   entry9a.o
        30          0          0          0          0          0   handlers.o
        40          0          0          0          0         72   idiv.o
        36          8          0          0          0         68   init.o
         0          0          0          0          0          0   iusefp.o
        32          0          0          0          0         68   llshl.o
        38          0          0          0          0         68   llsshr.o
        34          0          0          0          0         68   llushr.o
        36          0          0          0          0         60   memcpya.o
        44          0          0          0          0         72   uidiv.o
        40          2          0          0          0         68   cdcmple.o
        40          2          0          0          0         68   cdrcmple.o
        56          0          0          0          0         68   d2f.o
       356          4          0          0          0        140   dadd.o
       240          6          0          0          0         84   ddiv.o
       236          0          0          0          0        216   depilogue.o
        28          4          0          0          0         68   dfltui.o
       208          6          0          0          0         88   dmul.o
        40          0          0          0          0         60   f2d.o
       178          0          0          0          0        108   fadd.o
       124          0          0          0          0         72   fdiv.o
       130          0          0          0          0        144   fepilogue.o
        50          0          0          0          0         60   ffixi.o
        14          0          0          0          0         68   ffltui.o
       122          0          0          0          0         72   fmul.o

    ----------------------------------------------------------------------
      2180         40          0          0          0       1860   Library Totals
         8          0          0          0          0          0   (incl. Padding)

    ----------------------------------------------------------------------

      Code (inc. data)   RO Data    RW Data    ZI Data      Debug   Library Name

       310         16          0          0          0        476   mc_p.l
      1862         24          0          0          0       1384   mf_p.l

    ----------------------------------------------------------------------
      2180         40          0          0          0       1860   Library Totals

    ----------------------------------------------------------------------

==============================================================================


      Code (inc. data)   RO Data    RW Data    ZI Data      Debug   

     11618        972        770        160       2064     686217   Grand Totals
     11618        972        770        160       2064     686217   ELF Image Totals
     11618        972        770        160          0          0   ROM Totals

==============================================================================

    Total RO  Size (Code + RO Data)                12388 (  12.10kB)
    Total RW  Size (RW Data + ZI Data)              2224 (   2.17kB)
    Total ROM Size (Code + RO Data + RW Data)      12548 (  12.25kB)

==============================================================================

