Component: ARM Compiler 5.06 update 6 (build 750) Tool: armlink [4d35ed]

==============================================================================

Section Cross References

    system_stm32l0xx.o(i.SystemCoreClockUpdate) refers to uidiv.o(.text) for __aeabi_uidivmod
    system_stm32l0xx.o(i.SystemCoreClockUpdate) refers to system_stm32l0xx.o(.data) for .data
    system_stm32l0xx.o(i.SystemCoreClockUpdate) refers to system_stm32l0xx.o(.constdata) for .constdata
    startup_stm32l071xx.o(RESET) refers to startup_stm32l071xx.o(STACK) for __initial_sp
    startup_stm32l071xx.o(RESET) refers to startup_stm32l071xx.o(.text) for Reset_Handler
    startup_stm32l071xx.o(RESET) refers to stm32l0xx_it.o(i.NMI_Handler) for NMI_Handler
    startup_stm32l071xx.o(RESET) refers to stm32l0xx_it.o(i.HardFault_Handler) for HardFault_Handler
    startup_stm32l071xx.o(RESET) refers to stm32l0xx_it.o(i.SVC_Handler) for SVC_Handler
    startup_stm32l071xx.o(RESET) refers to stm32l0xx_it.o(i.PendSV_Handler) for PendSV_Handler
    startup_stm32l071xx.o(RESET) refers to stm32l0xx_it.o(i.SysTick_Handler) for SysTick_Handler
    startup_stm32l071xx.o(RESET) refers to stm32l0xx_it.o(i.USART4_5_IRQHandler) for USART4_5_IRQHandler
    startup_stm32l071xx.o(RESET) refers to stm32l0xx_it.o(i.TIM2_IRQHandler) for TIM2_IRQHandler
    startup_stm32l071xx.o(RESET) refers to stm32l0xx_it.o(i.USART1_IRQHandler) for USART1_IRQHandler
    startup_stm32l071xx.o(RESET) refers to stm32l0xx_it.o(i.USART2_IRQHandler) for USART2_IRQHandler
    startup_stm32l071xx.o(.text) refers to system_stm32l0xx.o(i.SystemInit) for SystemInit
    startup_stm32l071xx.o(.text) refers to entry.o(.ARM.Collect$$$$00000000) for __main
    mylluart.o(i.sendUart1Packet) refers to mylluart.o(i.sendUart1Byte) for sendUart1Byte
    mylluart.o(i.sendUart2Packet) refers to mylluart.o(i.sendUart2Byte) for sendUart2Byte
    mylluart.o(i.sendUart4Packet) refers to mylluart.o(i.sendUart4Byte) for sendUart4Byte
    mylluart.o(i.sendUart5Packet) refers to mylluart.o(i.sendUart5Byte) for sendUart5Byte
    azd_krd_message.o(i.continuousDrive) refers to azd_krd_message.o(i.queWriteRegister) for queWriteRegister
    azd_krd_message.o(i.queAlarmReset) refers to azd_krd_message.o(i.queWriteRegisterSeq) for queWriteRegisterSeq
    azd_krd_message.o(i.queFreeRequest) refers to azd_krd_message.o(i.queWriteRegister) for queWriteRegister
    azd_krd_message.o(i.queIoStatusRequest) refers to azd_krd_message.o(i.queReadRegister) for queReadRegister
    azd_krd_message.o(i.queReadRegister) refers to mycrc16.o(i.CRC16) for CRC16
    azd_krd_message.o(i.queReadRegister) refers to azd_krd_message.o(i.sendQuery) for sendQuery
    azd_krd_message.o(i.queReadWriteRegisterSeq) refers to mycrc16.o(i.CRC16) for CRC16
    azd_krd_message.o(i.queReadWriteRegisterSeq) refers to azd_krd_message.o(i.sendQuery) for sendQuery
    azd_krd_message.o(i.queSetposAndReadStatus) refers to azd_krd_message.o(i.queReadWriteRegisterSeq) for queReadWriteRegisterSeq
    azd_krd_message.o(i.queWriteRegister) refers to mycrc16.o(i.CRC16) for CRC16
    azd_krd_message.o(i.queWriteRegister) refers to azd_krd_message.o(i.sendQuery) for sendQuery
    azd_krd_message.o(i.queWriteRegisterSeq) refers to mycrc16.o(i.CRC16) for CRC16
    azd_krd_message.o(i.queWriteRegisterSeq) refers to azd_krd_message.o(i.sendQuery) for sendQuery
    azd_krd_message.o(i.queZhomeRequest) refers to azd_krd_message.o(i.queWriteRegister) for queWriteRegister
    azd_krd_message.o(i.queZhomeRequest) refers to mywait16mhz.o(i.wait10ms) for wait10ms
    azd_krd_message.o(i.sendQuery) refers to mysub.o(i.u4TxEnable) for u4TxEnable
    azd_krd_message.o(i.sendQuery) refers to mywait16mhz.o(i.wait10us) for wait10us
    azd_krd_message.o(i.sendQuery) refers to mylluart.o(i.sendUart4Packet) for sendUart4Packet
    azd_krd_message.o(i.sendQuery) refers to mysub.o(i.u4TxDisable) for u4TxDisable
    azd_krd_message.o(i.sendQuery) refers to mysub.o(i.u5TxEnable) for u5TxEnable
    azd_krd_message.o(i.sendQuery) refers to mylluart.o(i.sendUart5Packet) for sendUart5Packet
    azd_krd_message.o(i.sendQuery) refers to mysub.o(i.u5TxDisable) for u5TxDisable
    azd_krd_message.o(i.setContinuousSpeed) refers to azd_krd_message.o(i.queWriteRegisterSeq) for queWriteRegisterSeq
    azd_krd_message.o(i.setDirectDataDrive) refers to mycrc16.o(i.CRC16) for CRC16
    azd_krd_message.o(i.setDirectDataDrive) refers to azd_krd_message.o(i.sendQuery) for sendQuery
    azd_krd_message.o(i.setPosAndReadStatusByDefaultSetting) refers to azd_krd_message.o(i.queSetposAndReadStatus) for queSetposAndReadStatus
    azd_krd_message.o(i.setPosAndReadStatusByDefaultSetting3) refers to azd_krd_message.o(i.queSetposAndReadStatus) for queSetposAndReadStatus
    azd_krd_message.o(i.setPositionByDefaultSetting) refers to azd_krd_message.o(i.setDirectDataDrive) for setDirectDataDrive
[...]
    main.o(i.main) refers to main.o(i.MX_GPIO_Init) for MX_GPIO_Init
    main.o(i.main) refers to main.o(i.MX_ADC_Init) for MX_ADC_Init
    main.o(i.main) refers to main.o(i.MX_I2C1_Init) for MX_I2C1_Init
    main.o(i.main) refers to main.o(i.MX_SPI1_Init) for MX_SPI1_Init
    main.o(i.main) refers to main.o(i.MX_SPI2_Init) for MX_SPI2_Init
    main.o(i.main) refers to main.o(i.MX_USART1_UART_Init) for MX_USART1_UART_Init
    main.o(i.main) refers to main.o(i.MX_USART2_UART_Init) for MX_USART2_UART_Init
    main.o(i.main) refers to main.o(i.MX_USART4_UART_Init) for MX_USART4_UART_Init
    main.o(i.main) refers to main.o(i.MX_USART5_UART_Init) for MX_USART5_UART_Init
    main.o(i.main) refers to main.o(i.MX_TIM2_Init) for MX_TIM2_Init
    main.o(i.main) refers to mylluart.o(i.u4RxInterruptEnable) for u4RxInterruptEnable
    main.o(i.main) refers to mylluart.o(i.u2RxInterruptEnable) for u2RxInterruptEnable
    main.o(i.main) refers to mylluart.o(i.u1RxInterruptEnable) for u1RxInterruptEnable
    main.o(i.main) refers to kanapilot_bh.o(i.initTimers) for initTimers
    main.o(i.main) refers to kanapilot_bh.o(i.initKanaPilotBH) for initKanaPilotBH
    main.o(i.main) refers to mysub.o(i.pato1Off) for pato1Off
    main.o(i.main) refers to mysub.o(i.blink) for blink
    main.o(i.main) refers to mysub.o(i.pato1On) for pato1On
    main.o(i.main) refers to myiwdg.o(i.resetWDT) for resetWDT
    main.o(i.main) refers to kanapilot_bh.o(i.mainKanaPilotBH) for mainKanaPilotBH
    stm32l0xx_it.o(i.TIM2_IRQHandler) refers to kanapilot_bh.o(i.T2_Callback) for T2_Callback
    stm32l0xx_it.o(i.USART1_IRQHandler) refers to kanapilot_senscom.o(i.U1RX_Callback) for U1RX_Callback
    stm32l0xx_it.o(i.USART2_IRQHandler) refers to kanapilot_pccom.o(i.U2RX_Callback) for U2RX_Callback
    stm32l0xx_it.o(i.USART4_5_IRQHandler) refers to backhoe_drive.o(i.U4RX_Callback) for U4RX_Callback
    kanapilot_bh.o(i.T2_Callback) refers to kanapilot_bh.o(.data) for .data
    kanapilot_bh.o(i.initKanaPilotBH) refers to mylluart.o(i.u2RxInterruptEnable) for u2RxInterruptEnable
    kanapilot_bh.o(i.initKanaPilotBH) refers to mysub.o(i.pato1Off) for pato1Off
    kanapilot_bh.o(i.initKanaPilotBH) refers to mysub.o(i.pato2Off) for pato2Off
    kanapilot_bh.o(i.initKanaPilotBH) refers to mysub.o(i.pato3Off) for pato3Off
    kanapilot_bh.o(i.initKanaPilotBH) refers to azd_krd_message.o(i.setContinuousSpeed) for setContinuousSpeed
    kanapilot_bh.o(i.initKanaPilotBH) refers to kanapilot_bh.o(.data) for .data
    kanapilot_bh.o(i.mainKanaPilotBH) refers to myiwdg.o(i.resetWDT) for resetWDT
    kanapilot_bh.o(i.mainKanaPilotBH) refers to mysub.o(i.ledOff) for ledOff
    kanapilot_bh.o(i.mainKanaPilotBH) refers to mysub.o(i.hornOn) for hornOn
    kanapilot_bh.o(i.mainKanaPilotBH) refers to mysub.o(i.ledOn) for ledOn
    kanapilot_bh.o(i.mainKanaPilotBH) refers to mysub.o(i.hornOff) for hornOff
    kanapilot_bh.o(i.mainKanaPilotBH) refers to kanapilot_bh.o(i.sendSensData) for sendSensData
    kanapilot_bh.o(i.mainKanaPilotBH) refers to kanapilot_pccom.o(i.checkPcCom) for checkPcCom
    kanapilot_bh.o(i.mainKanaPilotBH) refers to kanapilot_senscom.o(i.sensorsRead) for sensorsRead
    kanapilot_bh.o(i.mainKanaPilotBH) refers to backhoe_drive.o(i.stopAllControlAndResetStatus) for stopAllControlAndResetStatus
    kanapilot_bh.o(i.mainKanaPilotBH) refers to mywait16mhz.o(i.wait10ms) for wait10ms
    kanapilot_bh.o(i.mainKanaPilotBH) refers to kanapilot_bh.o(.data) for .data
    kanapilot_bh.o(i.mainKanaPilotBH) refers to kanapilot_pccom.o(.data) for soundHornTimes
    kanapilot_bh.o(i.mainKanaPilotBH) refers to kanapilot_senscom.o(.data) for isRearRadarDetected
    kanapilot_bh.o(i.sendSensData) refers to mysub.o(i.u2RxLedOn) for u2RxLedOn
    kanapilot_bh.o(i.sendSensData) refers to mylluart.o(i.sendUart2Packet) for sendUart2Packet
    kanapilot_bh.o(i.sendSensData) refers to mysub.o(i.u2RxLedOff) for u2RxLedOff
    kanapilot_bh.o(i.sendSensData) refers to kanapilot_bh.o(.bss) for .bss
    kanapilot_bh.o(i.sendSensData) refers to kanapilot_bh.o(.data) for .data
    kanapilot_bh.o(i.sendSensData) refers to kanapilot_senscom.o(.data) for Pitch
    backhoe_drive.o(i.U4RX_Callback) refers to backhoe_drive.o(.bss) for .bss
    backhoe_drive.o(i.U4RX_Callback) refers to backhoe_drive.o(.data) for .data
    backhoe_drive.o(i.allFreeOff) refers to azd_krd_message.o(i.queWriteRegister) for queWriteRegister
    backhoe_drive.o(i.allFreeOff) refers to backhoe_drive.o(i.packetWait) for packetWait
    backhoe_drive.o(i.allFreeOn) refers to azd_krd_message.o(i.queFreeRequest) for queFreeRequest
    backhoe_drive.o(i.allFreeOn) refers to backhoe_drive.o(i.packetWait) for packetWait
    backhoe_drive.o(i.allZhome) refers to azd_krd_message.o(i.queZhomeRequest) for queZhomeRequest
    backhoe_drive.o(i.allZhome) refers to backhoe_drive.o(i.packetWait) for packetWait
    backhoe_drive.o(i.allZhome) refers to mywait16mhz.o(i.wait1s) for wait1s
    backhoe_drive.o(i.backhoeDirectServoDrive) refers to backhoe_drive.o(i.spanChk) for spanChk
    backhoe_drive.o(i.backhoeDirectServoDrive) refers to backhoe_drive.o(i.convToStep) for convToStep
    backhoe_drive.o(i.backhoeDirectServoDrive) refers to backhoe_drive.o(i.rxBufferPositionReset) for rxBufferPositionReset
    backhoe_drive.o(i.backhoeDirectServoDrive) refers to azd_krd_message.o(i.setPositionByDefaultSetting) for setPositionByDefaultSetting
    backhoe_drive.o(i.backhoeDirectServoDrive) refers to backhoe_drive.o(i.packetWait) for packetWait
    backhoe_drive.o(i.backhoeDirectServoDrive) refers to backhoe_drive.o(.data) for .data
    backhoe_drive.o(i.convToStep) refers to idiv.o(.text) for __aeabi_idivmod
    backhoe_drive.o(i.emgStopPosition) refers to backhoe_drive.o(i.rxBufferPositionReset) for rxBufferPositionReset
    backhoe_drive.o(i.emgStopPosition) refers to azd_krd_message.o(i.setPositionByDefaultSetting) for setPositionByDefaultSetting
    backhoe_drive.o(i.emgStopPosition) refers to backhoe_drive.o(i.packetWait) for packetWait
    backhoe_drive.o(i.emgStopPosition) refers to backhoe_drive.o(.data) for .data
    backhoe_drive.o(i.packetWait) refers to myiwdg.o(i.resetWDT) for resetWDT
    backhoe_drive.o(i.packetWait) refers to mywait16mhz.o(i.wait1ms) for wait1ms
    backhoe_drive.o(i.rxBufferPositionReset) refers to backhoe_drive.o(.data) for .data
    backhoe_drive.o(i.rxBufferPositionReset) refers to backhoe_drive.o(.bss) for .bss
    backhoe_drive.o(i.stopAllControlAndResetStatus) refers to backhoe_drive.o(i.emgStopPosition) for emgStopPosition
    backhoe_drive.o(i.stopAllControlAndResetStatus) refers to mysub.o(i.pato2Off) for pato2Off
    kanapilot_pccom.o(i.U2RX_Callback) refers to mysub.o(i.u2RxLedOn) for u2RxLedOn
    kanapilot_pccom.o(i.U2RX_Callback) refers to mysub.o(i.u2RxLedOff) for u2RxLedOff
    kanapilot_pccom.o(i.U2RX_Callback) refers to kanapilot_pccom.o(.bss) for .bss
    kanapilot_pccom.o(i.U2RX_Callback) refers to kanapilot_pccom.o(.data) for .data
    kanapilot_pccom.o(i.checkPcCom) refers to myiwdg.o(i.resetWDT) for resetWDT
    kanapilot_pccom.o(i.checkPcCom) refers to kanapilot_pccom.o(i.__ARM_common_switch8) for __ARM_common_switch8
    kanapilot_pccom.o(i.checkPcCom) refers to backhoe_drive.o(i.backhoeDirectServoDrive) for backhoeDirectServoDrive
    kanapilot_pccom.o(i.checkPcCom) refers to mysub.o(i.pato2On) for pato2On
    kanapilot_pccom.o(i.checkPcCom) refers to kanapilot_pccom.o(.data) for .data
    kanapilot_pccom.o(i.checkPcCom) refers to kanapilot_pccom.o(.bss) for .bss
    kanapilot_pccom.o(i.checkPcCom) refers to kanapilot_bh.o(.data) for comTimeCnt
    kanapilot_senscom.o(i.U1RX_Callback) refers to mysub.o(i.u1RxLedOn) for u1RxLedOn
    kanapilot_senscom.o(i.U1RX_Callback) refers to mysub.o(i.u1RxLedOff) for u1RxLedOff
    kanapilot_senscom.o(i.U1RX_Callback) refers to kanapilot_senscom.o(.bss) for .bss
    kanapilot_senscom.o(i.U1RX_Callback) refers to kanapilot_senscom.o(.data) for .data
    kanapilot_senscom.o(i.checkSensorIncomming) refers to myiwdg.o(i.resetWDT) for resetWDT
    kanapilot_senscom.o(i.checkSensorIncomming) refers to kanapilot_pccom.o(i.__ARM_common_switch8) for __ARM_common_switch8
    kanapilot_senscom.o(i.checkSensorIncomming) refers to kanapilot_senscom.o(.data) for .data
    kanapilot_senscom.o(i.checkSensorIncomming) refers to kanapilot_senscom.o(.bss) for .bss
    kanapilot_senscom.o(i.sensorRequest) refers to mysub.o(i.u1TxLedOn) for u1TxLedOn
    kanapilot_senscom.o(i.sensorRequest) refers to mysub.o(i.u1TxEnable) for u1TxEnable
    kanapilot_senscom.o(i.sensorRequest) refers to mywait16mhz.o(i.wait10us) for wait10us
    kanapilot_senscom.o(i.sensorRequest) refers to mylluart.o(i.sendUart1Packet) for sendUart1Packet
    kanapilot_senscom.o(i.sensorRequest) refers to mysub.o(i.u1TxDisable) for u1TxDisable
    kanapilot_senscom.o(i.sensorRequest) refers to mysub.o(i.u1TxLedOff) for u1TxLedOff
    kanapilot_senscom.o(i.sensorRequest) refers to kanapilot_senscom.o(.data) for .data
    kanapilot_senscom.o(i.sensorsRead) refers to kanapilot_pccom.o(i.__ARM_common_switch8) for __ARM_common_switch8
    kanapilot_senscom.o(i.sensorsRead) refers to kanapilot_senscom.o(i.sensorRequest) for sensorRequest
    kanapilot_senscom.o(i.sensorsRead) refers to kanapilot_senscom.o(i.checkSensorIncomming) for checkSensorIncomming
    kanapilot_senscom.o(i.sensorsRead) refers to kanapilot_senscom.o(.data) for .data
    stm32l0xx_ll_utils.o(i.LL_Init1msTick) refers to uidiv.o(.text) for __aeabi_uidivmod
    stm32l0xx_ll_utils.o(i.LL_PLL_ConfigSystemClock_HSE) refers to stm32l0xx_ll_utils.o(i.UTILS_PLL_IsBusy) for UTILS_PLL_IsBusy
    stm32l0xx_ll_utils.o(i.LL_PLL_ConfigSystemClock_HSE) refers to stm32l0xx_ll_utils.o(i.UTILS_GetPLLOutputFrequency) for UTILS_GetPLLOutputFrequency
    stm32l0xx_ll_utils.o(i.LL_PLL_ConfigSystemClock_HSE) refers to stm32l0xx_ll_utils.o(i.UTILS_EnablePLLAndSwitchSystem) for UTILS_EnablePLLAndSwitchSystem
    stm32l0xx_ll_utils.o(i.LL_PLL_ConfigSystemClock_HSI) refers to stm32l0xx_ll_utils.o(i.UTILS_PLL_IsBusy) for UTILS_PLL_IsBusy
    stm32l0xx_ll_utils.o(i.LL_PLL_ConfigSystemClock_HSI) refers to stm32l0xx_ll_utils.o(i.UTILS_GetPLLOutputFrequency) for UTILS_GetPLLOutputFrequency
    stm32l0xx_ll_utils.o(i.LL_PLL_ConfigSystemClock_HSI) refers to stm32l0xx_ll_utils.o(i.UTILS_EnablePLLAndSwitchSystem) for UTILS_EnablePLLAndSwitchSystem
    stm32l0xx_ll_utils.o(i.LL_SetSystemCoreClock) refers to system_stm32l0xx.o(.data) for SystemCoreClock
    stm32l0xx_ll_utils.o(i.UTILS_EnablePLLAndSwitchSystem) refers to stm32l0xx_ll_utils.o(i.UTILS_SetFlashLatency) for UTILS_SetFlashLatency
    stm32l0xx_ll_utils.o(i.UTILS_EnablePLLAndSwitchSystem) refers to stm32l0xx_ll_utils.o(i.LL_SetSystemCoreClock) for LL_SetSystemCoreClock
    stm32l0xx_ll_utils.o(i.UTILS_EnablePLLAndSwitchSystem) refers to system_stm32l0xx.o(.constdata) for AHBPrescTable
    stm32l0xx_ll_utils.o(i.UTILS_EnablePLLAndSwitchSystem) refers to system_stm32l0xx.o(.data) for SystemCoreClock
    stm32l0xx_ll_utils.o(i.UTILS_GetPLLOutputFrequency) refers to uidiv.o(.text) for __aeabi_uidivmod
    stm32l0xx_ll_utils.o(i.UTILS_GetPLLOutputFrequency) refers to system_stm32l0xx.o(.constdata) for PLLMulTable
    stm32l0xx_ll_dma.o(i.LL_DMA_Init) refers to stm32l0xx_ll_dma.o(.constdata) for .constdata
    stm32l0xx_ll_spi.o(i.LL_I2S_DeInit) refers to stm32l0xx_ll_spi.o(i.LL_SPI_DeInit) for LL_SPI_DeInit
    stm32l0xx_ll_spi.o(i.LL_I2S_Init) refers to stm32l0xx_ll_rcc.o(i.LL_RCC_GetSystemClocksFreq) for LL_RCC_GetSystemClocksFreq
    stm32l0xx_ll_spi.o(i.LL_I2S_Init) refers to uidiv.o(.text) for __aeabi_uidivmod
    stm32l0xx_ll_tim.o(i.LL_TIM_IC_Init) refers to stm32l0xx_ll_tim.o(i.IC4Config) for IC4Config
    stm32l0xx_ll_tim.o(i.LL_TIM_IC_Init) refers to stm32l0xx_ll_tim.o(i.IC1Config) for IC1Config
    stm32l0xx_ll_tim.o(i.LL_TIM_IC_Init) refers to stm32l0xx_ll_tim.o(i.IC2Config) for IC2Config
    stm32l0xx_ll_tim.o(i.LL_TIM_IC_Init) refers to stm32l0xx_ll_tim.o(i.IC3Config) for IC3Config
    stm32l0xx_ll_tim.o(i.LL_TIM_OC_Init) refers to stm32l0xx_ll_tim.o(i.OC4Config) for OC4Config
    stm32l0xx_ll_tim.o(i.LL_TIM_OC_Init) refers to stm32l0xx_ll_tim.o(i.OC1Config) for OC1Config
    stm32l0xx_ll_tim.o(i.LL_TIM_OC_Init) refers to stm32l0xx_ll_tim.o(i.OC2Config) for OC2Config
    stm32l0xx_ll_tim.o(i.LL_TIM_OC_Init) refers to stm32l0xx_ll_tim.o(i.OC3Config) for OC3Config
    stm32l0xx_ll_usart.o(i.LL_USART_Init) refers to stm32l0xx_ll_rcc.o(i.LL_RCC_GetUSARTClockFreq) for LL_RCC_GetUSARTClockFreq
    stm32l0xx_ll_usart.o(i.LL_USART_Init) refers to stm32l0xx_ll_rcc.o(i.LL_RCC_GetSystemClocksFreq) for LL_RCC_GetSystemClocksFreq
    stm32l0xx_ll_usart.o(i.LL_USART_Init) refers to uidiv.o(.text) for __aeabi_uidivmod
    stm32l0xx_ll_rcc.o(i.LL_RCC_GetI2CClockFreq) refers to stm32l0xx_ll_rcc.o(i.RCC_GetSystemClockFreq) for RCC_GetSystemClockFreq
    stm32l0xx_ll_rcc.o(i.LL_RCC_GetI2CClockFreq) refers to stm32l0xx_ll_rcc.o(i.RCC_GetHCLKClockFreq) for RCC_GetHCLKClockFreq
    stm32l0xx_ll_rcc.o(i.LL_RCC_GetI2CClockFreq) refers to stm32l0xx_ll_rcc.o(i.RCC_GetPCLK1ClockFreq) for RCC_GetPCLK1ClockFreq
    stm32l0xx_ll_rcc.o(i.LL_RCC_GetLPTIMClockFreq) refers to stm32l0xx_ll_rcc.o(i.RCC_GetSystemClockFreq) for RCC_GetSystemClockFreq
    stm32l0xx_ll_rcc.o(i.LL_RCC_GetLPTIMClockFreq) refers to stm32l0xx_ll_rcc.o(i.RCC_GetHCLKClockFreq) for RCC_GetHCLKClockFreq
    stm32l0xx_ll_rcc.o(i.LL_RCC_GetLPTIMClockFreq) refers to stm32l0xx_ll_rcc.o(i.RCC_GetPCLK1ClockFreq) for RCC_GetPCLK1ClockFreq
    stm32l0xx_ll_rcc.o(i.LL_RCC_GetLPUARTClockFreq) refers to stm32l0xx_ll_rcc.o(i.RCC_GetSystemClockFreq) for RCC_GetSystemClockFreq
    stm32l0xx_ll_rcc.o(i.LL_RCC_GetLPUARTClockFreq) refers to stm32l0xx_ll_rcc.o(i.RCC_GetHCLKClockFreq) for RCC_GetHCLKClockFreq
    stm32l0xx_ll_rcc.o(i.LL_RCC_GetLPUARTClockFreq) refers to stm32l0xx_ll_rcc.o(i.RCC_GetPCLK1ClockFreq) for RCC_GetPCLK1ClockFreq
    stm32l0xx_ll_rcc.o(i.LL_RCC_GetSystemClocksFreq) refers to stm32l0xx_ll_rcc.o(i.RCC_GetSystemClockFreq) for RCC_GetSystemClockFreq
    stm32l0xx_ll_rcc.o(i.LL_RCC_GetSystemClocksFreq) refers to stm32l0xx_ll_rcc.o(i.RCC_GetHCLKClockFreq) for RCC_GetHCLKClockFreq
    stm32l0xx_ll_rcc.o(i.LL_RCC_GetSystemClocksFreq) refers to stm32l0xx_ll_rcc.o(i.RCC_GetPCLK1ClockFreq) for RCC_GetPCLK1ClockFreq
    stm32l0xx_ll_rcc.o(i.LL_RCC_GetSystemClocksFreq) refers to stm32l0xx_ll_rcc.o(i.RCC_GetPCLK2ClockFreq) for RCC_GetPCLK2ClockFreq
    stm32l0xx_ll_rcc.o(i.LL_RCC_GetUSARTClockFreq) refers to stm32l0xx_ll_rcc.o(i.RCC_GetSystemClockFreq) for RCC_GetSystemClockFreq
    stm32l0xx_ll_rcc.o(i.LL_RCC_GetUSARTClockFreq) refers to stm32l0xx_ll_rcc.o(i.RCC_GetHCLKClockFreq) for RCC_GetHCLKClockFreq
    stm32l0xx_ll_rcc.o(i.LL_RCC_GetUSARTClockFreq) refers to stm32l0xx_ll_rcc.o(i.RCC_GetPCLK2ClockFreq) for RCC_GetPCLK2ClockFreq
    stm32l0xx_ll_rcc.o(i.LL_RCC_GetUSARTClockFreq) refers to stm32l0xx_ll_rcc.o(i.RCC_GetPCLK1ClockFreq) for RCC_GetPCLK1ClockFreq
    stm32l0xx_ll_rcc.o(i.RCC_GetHCLKClockFreq) refers to system_stm32l0xx.o(.constdata) for AHBPrescTable
    stm32l0xx_ll_rcc.o(i.RCC_GetPCLK1ClockFreq) refers to system_stm32l0xx.o(.constdata) for APBPrescTable
    stm32l0xx_ll_rcc.o(i.RCC_GetPCLK2ClockFreq) refers to system_stm32l0xx.o(.constdata) for APBPrescTable
    stm32l0xx_ll_rcc.o(i.RCC_GetSystemClockFreq) refers to stm32l0xx_ll_rcc.o(i.RCC_PLL_GetFreqDomain_SYS) for RCC_PLL_GetFreqDomain_SYS
    stm32l0xx_ll_rcc.o(i.RCC_PLL_GetFreqDomain_SYS) refers to uidiv.o(.text) for __aeabi_uidivmod
    stm32l0xx_ll_rcc.o(i.RCC_PLL_GetFreqDomain_SYS) refers to system_stm32l0xx.o(.constdata) for PLLMulTable
    entry.o(.ARM.Collect$$$$00000000) refers (Special) to entry10a.o(.ARM.Collect$$$$0000000D) for __rt_final_cpp
    entry.o(.ARM.Collect$$$$00000000) refers (Special) to entry11a.o(.ARM.Collect$$$$0000000F) for __rt_final_exit
    entry.o(.ARM.Collect$$$$00000000) refers (Special) to entry7b.o(.ARM.Collect$$$$00000008) for _main_clock
    entry.o(.ARM.Collect$$$$00000000) refers (Special) to entry8b.o(.ARM.Collect$$$$0000000A) for _main_cpp_init
    entry.o(.ARM.Collect$$$$00000000) refers (Special) to entry9a.o(.ARM.Collect$$$$0000000B) for _main_init
    entry.o(.ARM.Collect$$$$00000000) refers (Special) to entry5.o(.ARM.Collect$$$$00000004) for _main_scatterload
    entry.o(.ARM.Collect$$$$00000000) refers (Special) to entry2.o(.ARM.Collect$$$$00000001) for _main_stk
    idiv.o(.text) refers to uidiv.o(.text) for __aeabi_uidivmod
    entry2.o(.ARM.Collect$$$$00000001) refers to entry2.o(.ARM.Collect$$$$00002712) for __lit__00000000
    entry2.o(.ARM.Collect$$$$00002712) refers to startup_stm32l071xx.o(STACK) for __initial_sp
    entry2.o(__vectab_stack_and_reset_area) refers to startup_stm32l071xx.o(STACK) for __initial_sp
    entry2.o(__vectab_stack_and_reset_area) refers to entry.o(.ARM.Collect$$$$00000000) for __main
    entry5.o(.ARM.Collect$$$$00000004) refers to init.o(.text) for __scatterload
    entry9a.o(.ARM.Collect$$$$0000000B) refers to main.o(i.main) for main
    entry9b.o(.ARM.Collect$$$$0000000C) refers to main.o(i.main) for main
    init.o(.text) refers to entry5.o(.ARM.Collect$$$$00000004) for __main_after_scatterload


==============================================================================

Removing Unused input sections from the image.

    Removing system_stm32l0xx.o(.rev16_text), (4 bytes).
    Removing system_stm32l0xx.o(.revsh_text), (4 bytes).
    Removing system_stm32l0xx.o(i.SystemCoreClockUpdate), (136 bytes).
    Removing startup_stm32l071xx.o(HEAP), (512 bytes).
    Removing myiwdg.o(.rev16_text), (4 bytes).
    Removing myiwdg.o(.revsh_text), (4 bytes).
    Removing myiwdg.o(i.initIwdg), (72 bytes).
    Removing mylluart.o(.rev16_text), (4 bytes).
    Removing mylluart.o(.revsh_text), (4 bytes).
    Removing mylluart.o(i.u1RxInterruptDisable), (16 bytes).
    Removing mylluart.o(i.u2RxInterruptDisable), (16 bytes).
    Removing mylluart.o(i.u4RxInterruptDisable), (16 bytes).
    Removing mylluart.o(i.u5RxInterruptDisable), (16 bytes).
    Removing mylluart.o(i.u5RxInterruptEnable), (16 bytes).
    Removing azd_krd_message.o(.rev16_text), (4 bytes).
    Removing azd_krd_message.o(.revsh_text), (4 bytes).
    Removing azd_krd_message.o(i.continuousDrive), (36 bytes).
    Removing azd_krd_message.o(i.queAlarmReset), (28 bytes).
    Removing azd_krd_message.o(i.queFreeRequest), (12 bytes).
    Removing azd_krd_message.o(i.queIoStatusRequest), (12 bytes).
    Removing azd_krd_message.o(i.queReadRegister), (50 bytes).
    Removing azd_krd_message.o(i.queReadWriteRegisterSeq), (108 bytes).
    Removing azd_krd_message.o(i.queSetposAndReadStatus), (100 bytes).
    Removing azd_krd_message.o(i.queWriteRegister), (50 bytes).
    Removing azd_krd_message.o(i.queZhomeRequest), (32 bytes).
    Removing azd_krd_message.o(i.setPosAndReadStatusByDefaultSetting), (48 bytes).
    Removing azd_krd_message.o(i.setPosAndReadStatusByDefaultSetting3), (40 bytes).
    Removing azd_krd_message.o(i.setRelativePosAndReadStatus), (36 bytes).
    Removing mysub.o(.rev16_text), (4 bytes).
    Removing mysub.o(.revsh_text), (4 bytes).
    Removing mysub.o(i.pato3On), (20 bytes).
    Removing mysub.o(i.u2TxLedOff), (16 bytes).
    Removing mysub.o(i.u2TxLedOn), (16 bytes).
    Removing mywait16mhz.o(.rev16_text), (4 bytes).
    Removing mywait16mhz.o(.revsh_text), (4 bytes).
    Removing mywait16mhz.o(i.wait100us), (12 bytes).
    Removing mywait16mhz.o(i.wait1s), (44 bytes).
    Removing mywait16mhz.o(i.wait_ms), (20 bytes).
    Removing mycrc16.o(.rev16_text), (4 bytes).
    Removing mycrc16.o(.revsh_text), (4 bytes).
    Removing main.o(.rev16_text), (4 bytes).
    Removing main.o(.revsh_text), (4 bytes).
    Removing main.o(i._Error_Handler), (2 bytes).
    Removing stm32l0xx_it.o(.rev16_text), (4 bytes).
    Removing stm32l0xx_it.o(.revsh_text), (4 bytes).
    Removing kanapilot_bh.o(.rev16_text), (4 bytes).
    Removing kanapilot_bh.o(.revsh_text), (4 bytes).
    Removing kanapilot_bh.o(.data), (1 bytes).
    Removing kanapilot_bh.o(.data), (1 bytes).
    Removing backhoe_drive.o(.rev16_text), (4 bytes).
    Removing backhoe_drive.o(.revsh_text), (4 bytes).
    Removing backhoe_drive.o(i.allFreeOff), (132 bytes).
    Removing backhoe_drive.o(i.allFreeOn), (100 bytes).
    Removing backhoe_drive.o(i.allZhome), (96 bytes).
    Removing backhoe_drive.o(i.invertStickValue), (10 bytes).
    Removing backhoe_drive.o(.bss), (9 bytes).
    Removing backhoe_drive.o(.data), (4 bytes).
    Removing backhoe_drive.o(.data), (1 bytes).
    Removing backhoe_drive.o(.data), (4 bytes).
    Removing backhoe_drive.o(.data), (4 bytes).
    Removing backhoe_drive.o(.data), (1 bytes).
    Removing backhoe_drive.o(.data), (1 bytes).
    Removing backhoe_drive.o(.data), (4 bytes).
    Removing kanapilot_pccom.o(.rev16_text), (4 bytes).
    Removing kanapilot_pccom.o(.revsh_text), (4 bytes).
    Removing kanapilot_pccom.o(i.acmCommandCheck), (2 bytes).
    Removing kanapilot_pccom.o(.data), (1 bytes).
    Removing kanapilot_pccom.o(.data), (4 bytes).
    Removing kanapilot_pccom.o(.data), (4 bytes).
    Removing kanapilot_pccom.o(.data), (4 bytes).
    Removing kanapilot_pccom.o(.data), (1 bytes).
    Removing kanapilot_pccom.o(.data), (1 bytes).
    Removing kanapilot_pccom.o(.data), (1 bytes).
    Removing kanapilot_senscom.o(.rev16_text), (4 bytes).
    Removing kanapilot_senscom.o(.revsh_text), (4 bytes).
    Removing kanapilot_senscom.o(.data), (1 bytes).
    Removing stm32l0xx_ll_utils.o(.rev16_text), (4 bytes).
    Removing stm32l0xx_ll_utils.o(.revsh_text), (4 bytes).
    Removing stm32l0xx_ll_utils.o(i.LL_PLL_ConfigSystemClock_HSE), (116 bytes).
    Removing stm32l0xx_ll_utils.o(i.LL_PLL_ConfigSystemClock_HSI), (96 bytes).
    Removing stm32l0xx_ll_utils.o(i.LL_mDelay), (40 bytes).
    Removing stm32l0xx_ll_utils.o(i.UTILS_EnablePLLAndSwitchSystem), (156 bytes).
    Removing stm32l0xx_ll_utils.o(i.UTILS_GetPLLOutputFrequency), (28 bytes).
    Removing stm32l0xx_ll_utils.o(i.UTILS_PLL_IsBusy), (24 bytes).
    Removing stm32l0xx_ll_utils.o(i.UTILS_SetFlashLatency), (120 bytes).
    Removing stm32l0xx_ll_exti.o(.rev16_text), (4 bytes).
    Removing stm32l0xx_ll_exti.o(.revsh_text), (4 bytes).
    Removing stm32l0xx_ll_exti.o(i.LL_EXTI_DeInit), (36 bytes).
    Removing stm32l0xx_ll_exti.o(i.LL_EXTI_StructInit), (14 bytes).
    Removing stm32l0xx_ll_gpio.o(.rev16_text), (4 bytes).
    Removing stm32l0xx_ll_gpio.o(.revsh_text), (4 bytes).
    Removing stm32l0xx_ll_gpio.o(i.LL_GPIO_DeInit), (168 bytes).
    Removing stm32l0xx_ll_gpio.o(i.LL_GPIO_StructInit), (24 bytes).
    Removing stm32l0xx_ll_adc.o(.rev16_text), (4 bytes).
    Removing stm32l0xx_ll_adc.o(.revsh_text), (4 bytes).
    Removing stm32l0xx_ll_adc.o(i.LL_ADC_CommonDeInit), (28 bytes).
    Removing stm32l0xx_ll_adc.o(i.LL_ADC_CommonInit), (44 bytes).
    Removing stm32l0xx_ll_adc.o(i.LL_ADC_CommonStructInit), (8 bytes).
    Removing stm32l0xx_ll_adc.o(i.LL_ADC_DeInit), (248 bytes).
    Removing stm32l0xx_ll_adc.o(i.LL_ADC_REG_StructInit), (18 bytes).
    Removing stm32l0xx_ll_adc.o(i.LL_ADC_StructInit), (16 bytes).
    Removing stm32l0xx_ll_dma.o(.rev16_text), (4 bytes).
    Removing stm32l0xx_ll_dma.o(.revsh_text), (4 bytes).
    Removing stm32l0xx_ll_dma.o(i.LL_DMA_DeInit), (304 bytes).
    Removing stm32l0xx_ll_dma.o(i.LL_DMA_Init), (120 bytes).
    Removing stm32l0xx_ll_dma.o(i.LL_DMA_StructInit), (26 bytes).
    Removing stm32l0xx_ll_dma.o(.constdata), (7 bytes).
    Removing stm32l0xx_ll_crc.o(.rev16_text), (4 bytes).
    Removing stm32l0xx_ll_crc.o(.revsh_text), (4 bytes).
    Removing stm32l0xx_ll_crc.o(i.LL_CRC_DeInit), (40 bytes).
    Removing stm32l0xx_ll_i2c.o(.rev16_text), (4 bytes).
    Removing stm32l0xx_ll_i2c.o(.revsh_text), (4 bytes).
    Removing stm32l0xx_ll_i2c.o(i.LL_I2C_DeInit), (96 bytes).
    Removing stm32l0xx_ll_i2c.o(i.LL_I2C_StructInit), (22 bytes).
    Removing stm32l0xx_ll_spi.o(.rev16_text), (4 bytes).
    Removing stm32l0xx_ll_spi.o(.revsh_text), (4 bytes).
    Removing stm32l0xx_ll_spi.o(i.LL_I2S_ConfigPrescaler), (16 bytes).
    Removing stm32l0xx_ll_spi.o(i.LL_I2S_DeInit), (8 bytes).
    Removing stm32l0xx_ll_spi.o(i.LL_I2S_Init), (176 bytes).
    Removing stm32l0xx_ll_spi.o(i.LL_I2S_StructInit), (18 bytes).
    Removing stm32l0xx_ll_spi.o(i.LL_SPI_DeInit), (64 bytes).
    Removing stm32l0xx_ll_spi.o(i.LL_SPI_StructInit), (26 bytes).
    Removing stm32l0xx_ll_pwr.o(.rev16_text), (4 bytes).
    Removing stm32l0xx_ll_pwr.o(.revsh_text), (4 bytes).
    Removing stm32l0xx_ll_pwr.o(i.LL_PWR_DeInit), (28 bytes).
    Removing stm32l0xx_ll_tim.o(.rev16_text), (4 bytes).
    Removing stm32l0xx_ll_tim.o(.revsh_text), (4 bytes).
    Removing stm32l0xx_ll_tim.o(i.IC1Config), (50 bytes).
    Removing stm32l0xx_ll_tim.o(i.IC2Config), (56 bytes).
    Removing stm32l0xx_ll_tim.o(i.IC3Config), (58 bytes).
    Removing stm32l0xx_ll_tim.o(i.IC4Config), (60 bytes).
    Removing stm32l0xx_ll_tim.o(i.LL_TIM_DeInit), (168 bytes).
    Removing stm32l0xx_ll_tim.o(i.LL_TIM_ENCODER_Init), (98 bytes).
    Removing stm32l0xx_ll_tim.o(i.LL_TIM_ENCODER_StructInit), (28 bytes).
    Removing stm32l0xx_ll_tim.o(i.LL_TIM_IC_Init), (68 bytes).
    Removing stm32l0xx_ll_tim.o(i.LL_TIM_IC_StructInit), (16 bytes).
    Removing stm32l0xx_ll_tim.o(i.LL_TIM_OC_Init), (68 bytes).
    Removing stm32l0xx_ll_tim.o(i.LL_TIM_OC_StructInit), (12 bytes).
    Removing stm32l0xx_ll_tim.o(i.LL_TIM_StructInit), (14 bytes).
    Removing stm32l0xx_ll_tim.o(i.OC1Config), (60 bytes).
    Removing stm32l0xx_ll_tim.o(i.OC2Config), (68 bytes).
    Removing stm32l0xx_ll_tim.o(i.OC3Config), (64 bytes).
    Removing stm32l0xx_ll_tim.o(i.OC4Config), (70 bytes).
    Removing stm32l0xx_ll_usart.o(.rev16_text), (4 bytes).
    Removing stm32l0xx_ll_usart.o(.revsh_text), (4 bytes).
    Removing stm32l0xx_ll_usart.o(i.LL_USART_ClockInit), (64 bytes).
    Removing stm32l0xx_ll_usart.o(i.LL_USART_ClockStructInit), (12 bytes).
    Removing stm32l0xx_ll_usart.o(i.LL_USART_DeInit), (124 bytes).
    Removing stm32l0xx_ll_usart.o(i.LL_USART_StructInit), (24 bytes).
    Removing stm32l0xx_ll_rcc.o(.rev16_text), (4 bytes).
    Removing stm32l0xx_ll_rcc.o(.revsh_text), (4 bytes).
    Removing stm32l0xx_ll_rcc.o(i.LL_RCC_DeInit), (132 bytes).
    Removing stm32l0xx_ll_rcc.o(i.LL_RCC_GetI2CClockFreq), (156 bytes).
    Removing stm32l0xx_ll_rcc.o(i.LL_RCC_GetLPTIMClockFreq), (112 bytes).
    Removing stm32l0xx_ll_rcc.o(i.LL_RCC_GetLPUARTClockFreq), (88 bytes).

155 unused section(s) (total 5874 bytes) removed from the image.

==============================================================================

Image Symbol Table

    Local Symbols

    Symbol Name                              Value     Ov Type        Size  Object(Section)

    ../Drivers/STM32L0xx_HAL_Driver/Src/stm32l0xx_ll_adc.c 0x00000000   Number         0  stm32l0xx_ll_adc.o ABSOLUTE
    ../Drivers/STM32L0xx_HAL_Driver/Src/stm32l0xx_ll_crc.c 0x00000000   Number         0  stm32l0xx_ll_crc.o ABSOLUTE
    ../Drivers/STM32L0xx_HAL_Driver/Src/stm32l0xx_ll_dma.c 0x00000000   Number         0  stm32l0xx_ll_dma.o ABSOLUTE
    ../Drivers/STM32L0xx_HAL_Driver/Src/stm32l0xx_ll_exti.c 0x00000000   Number         0  stm32l0xx_ll_exti.o ABSOLUTE
    ../Drivers/STM32L0xx_HAL_Driver/Src/stm32l0xx_ll_gpio.c 0x00000000   Number         0  stm32l0xx_ll_gpio.o ABSOLUTE
    ../Drivers/STM32L0xx_HAL_Driver/Src/stm32l0xx_ll_i2c.c 0x00000000   Number         0  stm32l0xx_ll_i2c.o ABSOLUTE
    ../Drivers/STM32L0xx_HAL_Driver/Src/stm32l0xx_ll_pwr.c 0x00000000   Number         0  stm32l0xx_ll_pwr.o ABSOLUTE
    ../Drivers/STM32L0xx_HAL_Driver/Src/stm32l0xx_ll_rcc.c 0x00000000   Number         0  stm32l0xx_ll_rcc.o ABSOLUTE
    ../Drivers/STM32L0xx_HAL_Driver/Src/stm32l0xx_ll_spi.c 0x00000000   Number         0  stm32l0xx_ll_spi.o ABSOLUTE
    ../Drivers/STM32L0xx_HAL_Driver/Src/stm32l0xx_ll_tim.c 0x00000000   Number         0  stm32l0xx_ll_tim.o ABSOLUTE
    ../Drivers/STM32L0xx_HAL_Driver/Src/stm32l0xx_ll_usart.c 0x00000000   Number         0  stm32l0xx_ll_usart.o ABSOLUTE
    ../Drivers/STM32L0xx_HAL_Driver/Src/stm32l0xx_ll_utils.c 0x00000000   Number         0  stm32l0xx_ll_utils.o ABSOLUTE
    ../Src/main.c                            0x00000000   Number         0  main.o ABSOLUTE
    ../Src/stm32l0xx_it.c                    0x00000000   Number         0  stm32l0xx_it.o ABSOLUTE
    ../Src/system_stm32l0xx.c                0x00000000   Number         0  system_stm32l0xx.o ABSOLUTE
    ../clib/microlib/division.c              0x00000000   Number         0  idiv.o ABSOLUTE
    ../clib/microlib/division.c              0x00000000   Number         0  uidiv.o ABSOLUTE
    ../clib/microlib/init/entry.s            0x00000000   Number         0  entry10b.o ABSOLUTE
    ../clib/microlib/init/entry.s            0x00000000   Number         0  entry.o ABSOLUTE
    ../clib/microlib/init/entry.s            0x00000000   Number         0  entry10a.o ABSOLUTE
    ../clib/microlib/init/entry.s            0x00000000   Number         0  entry9b.o ABSOLUTE
    ../clib/microlib/init/entry.s            0x00000000   Number         0  entry7b.o ABSOLUTE
    ../clib/microlib/init/entry.s            0x00000000   Number         0  entry9a.o ABSOLUTE
    ../clib/microlib/init/entry.s            0x00000000   Number         0  entry8b.o ABSOLUTE
    ../clib/microlib/init/entry.s            0x00000000   Number         0  entry8a.o ABSOLUTE
    ../clib/microlib/init/entry.s            0x00000000   Number         0  entry11b.o ABSOLUTE
    ../clib/microlib/init/entry.s            0x00000000   Number         0  entry7a.o ABSOLUTE
    ../clib/microlib/init/entry.s            0x00000000   Number         0  entry5.o ABSOLUTE
    ../clib/microlib/init/entry.s            0x00000000   Number         0  entry2.o ABSOLUTE
    ../clib/microlib/init/entry.s            0x00000000   Number         0  entry11a.o ABSOLUTE
    ..\Drivers\STM32L0xx_HAL_Driver\Src\stm32l0xx_ll_adc.c 0x00000000   Number         0  stm32l0xx_ll_adc.o ABSOLUTE
    ..\Drivers\STM32L0xx_HAL_Driver\Src\stm32l0xx_ll_crc.c 0x00000000   Number         0  stm32l0xx_ll_crc.o ABSOLUTE
    ..\Drivers\STM32L0xx_HAL_Driver\Src\stm32l0xx_ll_dma.c 0x00000000   Number         0  stm32l0xx_ll_dma.o ABSOLUTE
    ..\Drivers\STM32L0xx_HAL_Driver\Src\stm32l0xx_ll_exti.c 0x00000000   Number         0  stm32l0xx_ll_exti.o ABSOLUTE
    ..\Drivers\STM32L0xx_HAL_Driver\Src\stm32l0xx_ll_gpio.c 0x00000000   Number         0  stm32l0xx_ll_gpio.o ABSOLUTE
    ..\Drivers\STM32L0xx_HAL_Driver\Src\stm32l0xx_ll_i2c.c 0x00000000   Number         0  stm32l0xx_ll_i2c.o ABSOLUTE
    ..\Drivers\STM32L0xx_HAL_Driver\Src\stm32l0xx_ll_pwr.c 0x00000000   Number         0  stm32l0xx_ll_pwr.o ABSOLUTE
    ..\Drivers\STM32L0xx_HAL_Driver\Src\stm32l0xx_ll_rcc.c 0x00000000   Number         0  stm32l0xx_ll_rcc.o ABSOLUTE
    ..\Drivers\STM32L0xx_HAL_Driver\Src\stm32l0xx_ll_spi.c 0x00000000   Number         0  stm32l0xx_ll_spi.o ABSOLUTE
    ..\Drivers\STM32L0xx_HAL_Driver\Src\stm32l0xx_ll_tim.c 0x00000000   Number         0  stm32l0xx_ll_tim.o ABSOLUTE
    ..\Drivers\STM32L0xx_HAL_Driver\Src\stm32l0xx_ll_usart.c 0x00000000   Number         0  stm32l0xx_ll_usart.o ABSOLUTE
    ..\Drivers\STM32L0xx_HAL_Driver\Src\stm32l0xx_ll_utils.c 0x00000000   Number         0  stm32l0xx_ll_utils.o ABSOLUTE
    ..\Src\main.c                            0x00000000   Number         0  main.o ABSOLUTE
    ..\Src\stm32l0xx_it.c                    0x00000000   Number         0  stm32l0xx_it.o ABSOLUTE
    ..\Src\system_stm32l0xx.c                0x00000000   Number         0  system_stm32l0xx.o ABSOLUTE
    AZD_KRD_Message.c                        0x00000000   Number         0  azd_krd_message.o ABSOLUTE
    AZD_KRD_Message.c                        0x00000000   Number         0  azd_krd_message.o ABSOLUTE
    BackHoe_Drive.c                          0x00000000   Number         0  backhoe_drive.o ABSOLUTE
    BackHoe_Drive.c                          0x00000000   Number         0  backhoe_drive.o ABSOLUTE
    KanaPilot_BH.c                           0x00000000   Number         0  kanapilot_bh.o ABSOLUTE
    KanaPilot_BH.c                           0x00000000   Number         0  kanapilot_bh.o ABSOLUTE
    KanaPilot_PcCom.c                        0x00000000   Number         0  kanapilot_pccom.o ABSOLUTE
    KanaPilot_PcCom.c                        0x00000000   Number         0  kanapilot_pccom.o ABSOLUTE
    KanaPilot_SensCom.c                      0x00000000   Number         0  kanapilot_senscom.o ABSOLUTE
    KanaPilot_SensCom.c                      0x00000000   Number         0  kanapilot_senscom.o ABSOLUTE
    dc.s                                     0x00000000   Number         0  dc.o ABSOLUTE
    handlers.s                               0x00000000   Number         0  handlers.o ABSOLUTE
    init.s                                   0x00000000   Number         0  init.o ABSOLUTE
    myCrc16.c                                0x00000000   Number         0  mycrc16.o ABSOLUTE
    myCrc16.c                                0x00000000   Number         0  mycrc16.o ABSOLUTE
    myIwdg.c                                 0x00000000   Number         0  myiwdg.o ABSOLUTE
    myIwdg.c                                 0x00000000   Number         0  myiwdg.o ABSOLUTE
    mySub.c                                  0x00000000   Number         0  mysub.o ABSOLUTE
    mySub.c                                  0x00000000   Number         0  mysub.o ABSOLUTE
    myWait16MHz.c                            0x00000000   Number         0  mywait16mhz.o ABSOLUTE
    myWait16MHz.c                            0x00000000   Number         0  mywait16mhz.o ABSOLUTE
    myllUart.c                               0x00000000   Number         0  mylluart.o ABSOLUTE
    myllUart.c                               0x00000000   Number         0  mylluart.o ABSOLUTE
    startup_stm32l071xx.s                    0x00000000   Number         0  startup_stm32l071xx.o ABSOLUTE
    RESET                                    0x08000000   Section      192  startup_stm32l071xx.o(RESET)
    .ARM.Collect$$$$00000000                 0x080000c0   Section        0  entry.o(.ARM.Collect$$$$00000000)
    .ARM.Collect$$$$00000001                 0x080000c0   Section        4  entry2.o(.ARM.Collect$$$$00000001)
    .ARM.Collect$$$$00000004                 0x080000c4   Section        4  entry5.o(.ARM.Collect$$$$00000004)
    .ARM.Collect$$$$00000008                 0x080000c8   Section        0  entry7b.o(.ARM.Collect$$$$00000008)
    .ARM.Collect$$$$0000000A                 0x080000c8   Section        0  entry8b.o(.ARM.Collect$$$$0000000A)
    .ARM.Collect$$$$0000000B                 0x080000c8   Section        8  entry9a.o(.ARM.Collect$$$$0000000B)
    .ARM.Collect$$$$0000000D                 0x080000d0   Section        0  entry10a.o(.ARM.Collect$$$$0000000D)
    .ARM.Collect$$$$0000000F                 0x080000d0   Section        0  entry11a.o(.ARM.Collect$$$$0000000F)
    .ARM.Collect$$$$00002712                 0x080000d0   Section        4  entry2.o(.ARM.Collect$$$$00002712)
    __lit__00000000                          0x080000d0   Data           4  entry2.o(.ARM.Collect$$$$00002712)
    .text                                    0x080000d4   Section       28  startup_stm32l071xx.o(.text)
    .text                                    0x080000f0   Section        0  uidiv.o(.text)
    .text                                    0x0800011c   Section        0  idiv.o(.text)
    .text                                    0x08000144   Section       36  init.o(.text)
    i.CRC16                                  0x08000168   Section        0  mycrc16.o(i.CRC16)
    i.HardFault_Handler                      0x08000198   Section        0  stm32l0xx_it.o(i.HardFault_Handler)
    i.LL_ADC_Init                            0x080001b4   Section        0  stm32l0xx_ll_adc.o(i.LL_ADC_Init)
    i.LL_ADC_REG_Init                        0x080001e4   Section        0  stm32l0xx_ll_adc.o(i.LL_ADC_REG_Init)
    i.LL_APB1_GRP1_EnableClock               0x0800021c   Section        0  main.o(i.LL_APB1_GRP1_EnableClock)
    LL_APB1_GRP1_EnableClock                 0x0800021d   Thumb Code    18  main.o(i.LL_APB1_GRP1_EnableClock)
    i.LL_APB2_GRP1_EnableClock               0x08000234   Section        0  main.o(i.LL_APB2_GRP1_EnableClock)
    LL_APB2_GRP1_EnableClock                 0x08000235   Thumb Code    18  main.o(i.LL_APB2_GRP1_EnableClock)
    i.LL_EXTI_Init                           0x0800024c   Section        0  stm32l0xx_ll_exti.o(i.LL_EXTI_Init)
    i.LL_GPIO_Init                           0x08000304   Section        0  stm32l0xx_ll_gpio.o(i.LL_GPIO_Init)
    i.LL_GPIO_SetPinMode                     0x080003b2   Section        0  main.o(i.LL_GPIO_SetPinMode)
    LL_GPIO_SetPinMode                       0x080003b3   Thumb Code    20  main.o(i.LL_GPIO_SetPinMode)
    i.LL_GPIO_SetPinPull                     0x080003c6   Section        0  main.o(i.LL_GPIO_SetPinPull)
    LL_GPIO_SetPinPull                       0x080003c7   Thumb Code    20  main.o(i.LL_GPIO_SetPinPull)
    i.LL_I2C_Init                            0x080003da   Section        0  stm32l0xx_ll_i2c.o(i.LL_I2C_Init)
    i.LL_IOP_GRP1_EnableClock                0x08000440   Section        0  main.o(i.LL_IOP_GRP1_EnableClock)
    LL_IOP_GRP1_EnableClock                  0x08000441   Thumb Code    18  main.o(i.LL_IOP_GRP1_EnableClock)
    i.LL_Init1msTick                         0x08000458   Section        0  stm32l0xx_ll_utils.o(i.LL_Init1msTick)
    i.LL_RCC_GetSystemClocksFreq             0x08000478   Section        0  stm32l0xx_ll_rcc.o(i.LL_RCC_GetSystemClocksFreq)
    i.LL_RCC_GetUSARTClockFreq               0x08000498   Section        0  stm32l0xx_ll_rcc.o(i.LL_RCC_GetUSARTClockFreq)
    i.LL_RCC_SetUSARTClockSource             0x0800054c   Section        0  main.o(i.LL_RCC_SetUSARTClockSource)
    LL_RCC_SetUSARTClockSource               0x0800054d   Thumb Code    16  main.o(i.LL_RCC_SetUSARTClockSource)
    i.LL_SPI_Init                            0x08000560   Section        0  stm32l0xx_ll_spi.o(i.LL_SPI_Init)
    i.LL_SYSCFG_SetEXTISource                0x080005d0   Section        0  main.o(i.LL_SYSCFG_SetEXTISource)
    LL_SYSCFG_SetEXTISource                  0x080005d1   Thumb Code    28  main.o(i.LL_SYSCFG_SetEXTISource)
    i.LL_SetSystemCoreClock                  0x080005f0   Section        0  stm32l0xx_ll_utils.o(i.LL_SetSystemCoreClock)
    i.LL_TIM_Init                            0x080005fc   Section        0  stm32l0xx_ll_tim.o(i.LL_TIM_Init)
    i.LL_USART_ConfigAsyncMode               0x08000660   Section        0  main.o(i.LL_USART_ConfigAsyncMode)
    LL_USART_ConfigAsyncMode                 0x08000661   Thumb Code    20  main.o(i.LL_USART_ConfigAsyncMode)
    i.LL_USART_Init                          0x08000674   Section        0  stm32l0xx_ll_usart.o(i.LL_USART_Init)
    i.MX_ADC_Init                            0x08000750   Section        0  main.o(i.MX_ADC_Init)
    MX_ADC_Init                              0x08000751   Thumb Code   306  main.o(i.MX_ADC_Init)
    i.MX_GPIO_Init                           0x08000894   Section        0  main.o(i.MX_GPIO_Init)
    MX_GPIO_Init                             0x08000895   Thumb Code   896  main.o(i.MX_GPIO_Init)
    i.MX_I2C1_Init                           0x08000c2c   Section        0  main.o(i.MX_I2C1_Init)
    MX_I2C1_Init                             0x08000c2d   Thumb Code   130  main.o(i.MX_I2C1_Init)
    i.MX_SPI1_Init                           0x08000cc0   Section        0  main.o(i.MX_SPI1_Init)
    MX_SPI1_Init                             0x08000cc1   Thumb Code   134  main.o(i.MX_SPI1_Init)
    i.MX_SPI2_Init                           0x08000d50   Section        0  main.o(i.MX_SPI2_Init)
    MX_SPI2_Init                             0x08000d51   Thumb Code   132  main.o(i.MX_SPI2_Init)
    i.MX_TIM2_Init                           0x08000de0   Section        0  main.o(i.MX_TIM2_Init)
    MX_TIM2_Init                             0x08000de1   Thumb Code    70  main.o(i.MX_TIM2_Init)
    i.MX_USART1_UART_Init                    0x08000e2c   Section        0  main.o(i.MX_USART1_UART_Init)
    MX_USART1_UART_Init                      0x08000e2d   Thumb Code   138  main.o(i.MX_USART1_UART_Init)
    i.MX_USART2_UART_Init                    0x08000ebc   Section        0  main.o(i.MX_USART2_UART_Init)
    MX_USART2_UART_Init                      0x08000ebd   Thumb Code   130  main.o(i.MX_USART2_UART_Init)
    i.MX_USART4_UART_Init                    0x08000f44   Section        0  main.o(i.MX_USART4_UART_Init)
    MX_USART4_UART_Init                      0x08000f45   Thumb Code   134  main.o(i.MX_USART4_UART_Init)
    i.MX_USART5_UART_Init                    0x08000fd0   Section        0  main.o(i.MX_USART5_UART_Init)
    MX_USART5_UART_Init                      0x08000fd1   Thumb Code   134  main.o(i.MX_USART5_UART_Init)
    i.NMI_Handler                            0x08001060   Section        0  stm32l0xx_it.o(i.NMI_Handler)
    i.NVIC_EnableIRQ                         0x08001064   Section        0  main.o(i.NVIC_EnableIRQ)
    NVIC_EnableIRQ                           0x08001065   Thumb Code    14  main.o(i.NVIC_EnableIRQ)
    i.NVIC_SetPriority                       0x08001078   Section        0  main.o(i.NVIC_SetPriority)
    NVIC_SetPriority                         0x08001079   Thumb Code    60  main.o(i.NVIC_SetPriority)
    i.PendSV_Handler                         0x080010bc   Section        0  stm32l0xx_it.o(i.PendSV_Handler)
    i.RCC_GetHCLKClockFreq                   0x080010c0   Section        0  stm32l0xx_ll_rcc.o(i.RCC_GetHCLKClockFreq)
    i.RCC_GetPCLK1ClockFreq                  0x080010dc   Section        0  stm32l0xx_ll_rcc.o(i.RCC_GetPCLK1ClockFreq)
    i.RCC_GetPCLK2ClockFreq                  0x080010f8   Section        0  stm32l0xx_ll_rcc.o(i.RCC_GetPCLK2ClockFreq)
    i.RCC_GetSystemClockFreq                 0x08001114   Section        0  stm32l0xx_ll_rcc.o(i.RCC_GetSystemClockFreq)
    i.RCC_PLL_GetFreqDomain_SYS              0x08001168   Section        0  stm32l0xx_ll_rcc.o(i.RCC_PLL_GetFreqDomain_SYS)
    i.SVC_Handler                            0x080011b0   Section        0  stm32l0xx_it.o(i.SVC_Handler)
    i.SysTick_Handler                        0x080011b2   Section        0  stm32l0xx_it.o(i.SysTick_Handler)
    i.SystemClock_Config                     0x080011b4   Section        0  main.o(i.SystemClock_Config)
    i.SystemInit                             0x08001284   Section        0  system_stm32l0xx.o(i.SystemInit)
    i.T2_Callback                            0x080012d8   Section        0  kanapilot_bh.o(i.T2_Callback)
    i.TIM2_IRQHandler                        0x080012e4   Section        0  stm32l0xx_it.o(i.TIM2_IRQHandler)
    i.U1RX_Callback                          0x08001300   Section        0  kanapilot_senscom.o(i.U1RX_Callback)
    i.U2RX_Callback                          0x08001334   Section        0  kanapilot_pccom.o(i.U2RX_Callback)
    i.U4RX_Callback                          0x08001368   Section        0  backhoe_drive.o(i.U4RX_Callback)
    i.USART1_IRQHandler                      0x08001388   Section        0  stm32l0xx_it.o(i.USART1_IRQHandler)
    i.USART2_IRQHandler                      0x080013a8   Section        0  stm32l0xx_it.o(i.USART2_IRQHandler)
    i.USART4_5_IRQHandler                    0x080013c8   Section        0  stm32l0xx_it.o(i.USART4_5_IRQHandler)
    i.__ARM_common_switch8                   0x080013e8   Section        0  kanapilot_pccom.o(i.__ARM_common_switch8)
    i.__scatterload_copy                     0x08001402   Section       14  handlers.o(i.__scatterload_copy)
    i.__scatterload_null                     0x08001410   Section        2  handlers.o(i.__scatterload_null)
    i.__scatterload_zeroinit                 0x08001412   Section       14  handlers.o(i.__scatterload_zeroinit)
    i.backhoeDirectServoDrive                0x08001420   Section        0  backhoe_drive.o(i.backhoeDirectServoDrive)
    i.blink                                  0x0800152c   Section        0  mysub.o(i.blink)
    i.checkPcCom                             0x0800154c   Section        0  kanapilot_pccom.o(i.checkPcCom)
    i.checkSensorIncomming                   0x08001674   Section        0  kanapilot_senscom.o(i.checkSensorIncomming)
    i.convToStep                             0x08001830   Section        0  backhoe_drive.o(i.convToStep)
    i.emgStopPosition                        0x08001860   Section        0  backhoe_drive.o(i.emgStopPosition)
    i.hornOff                                0x080018e0   Section        0  mysub.o(i.hornOff)
    i.hornOn                                 0x080018f4   Section        0  mysub.o(i.hornOn)
    i.initKanaPilotBH                        0x08001908   Section        0  kanapilot_bh.o(i.initKanaPilotBH)
    i.initTimers                             0x08001934   Section        0  kanapilot_bh.o(i.initTimers)
    i.ledOff                                 0x0800195c   Section        0  mysub.o(i.ledOff)
    i.ledOn                                  0x0800196c   Section        0  mysub.o(i.ledOn)
    i.main                                   0x0800197c   Section        0  main.o(i.main)
    i.mainKanaPilotBH                        0x08001a3c   Section        0  kanapilot_bh.o(i.mainKanaPilotBH)
    i.packetWait                             0x08001b10   Section        0  backhoe_drive.o(i.packetWait)
    i.pato1Off                               0x08001b30   Section        0  mysub.o(i.pato1Off)
    i.pato1On                                0x08001b44   Section        0  mysub.o(i.pato1On)
    i.pato2Off                               0x08001b58   Section        0  mysub.o(i.pato2Off)
    i.pato2On                                0x08001b6c   Section        0  mysub.o(i.pato2On)
    i.pato3Off                               0x08001b80   Section        0  mysub.o(i.pato3Off)
    i.queWriteRegisterSeq                    0x08001b94   Section        0  azd_krd_message.o(i.queWriteRegisterSeq)
    i.resetWDT                               0x08001bf0   Section        0  myiwdg.o(i.resetWDT)
    i.rxBufferPositionReset                  0x08001c00   Section        0  backhoe_drive.o(i.rxBufferPositionReset)
    i.sendQuery                              0x08001c1c   Section        0  azd_krd_message.o(i.sendQuery)
    i.sendSensData                           0x08001c80   Section        0  kanapilot_bh.o(i.sendSensData)
    i.sendUart1Byte                          0x08001e44   Section        0  mylluart.o(i.sendUart1Byte)
    i.sendUart1Packet                        0x08001e60   Section        0  mylluart.o(i.sendUart1Packet)
    i.sendUart2Byte                          0x08001e80   Section        0  mylluart.o(i.sendUart2Byte)
    i.sendUart2Packet                        0x08001e9c   Section        0  mylluart.o(i.sendUart2Packet)
    i.sendUart4Byte                          0x08001ebc   Section        0  mylluart.o(i.sendUart4Byte)
    i.sendUart4Packet                        0x08001ed8   Section        0  mylluart.o(i.sendUart4Packet)
    i.sendUart5Byte                          0x08001ef8   Section        0  mylluart.o(i.sendUart5Byte)
    i.sendUart5Packet                        0x08001f14   Section        0  mylluart.o(i.sendUart5Packet)
    i.sensorRequest                          0x08001f34   Section        0  kanapilot_senscom.o(i.sensorRequest)
    i.sensorsRead                            0x08001fa0   Section        0  kanapilot_senscom.o(i.sensorsRead)
    i.setContinuousSpeed                     0x08001ff8   Section        0  azd_krd_message.o(i.setContinuousSpeed)
    i.setDirectDataDrive                     0x08002014   Section        0  azd_krd_message.o(i.setDirectDataDrive)
    i.setPositionByDefaultSetting            0x080020dc   Section        0  azd_krd_message.o(i.setPositionByDefaultSetting)
    i.spanChk                                0x0800210c   Section        0  backhoe_drive.o(i.spanChk)
    i.stopAllControlAndResetStatus           0x08002128   Section        0  backhoe_drive.o(i.stopAllControlAndResetStatus)
    i.u1RxInterruptEnable                    0x08002134   Section        0  mylluart.o(i.u1RxInterruptEnable)
    i.u1RxLedOff                             0x08002144   Section        0  mysub.o(i.u1RxLedOff)
    i.u1RxLedOn                              0x08002154   Section        0  mysub.o(i.u1RxLedOn)
    i.u1TxDisable                            0x08002164   Section        0  mysub.o(i.u1TxDisable)
    i.u1TxEnable                             0x08002174   Section        0  mysub.o(i.u1TxEnable)
    i.u1TxLedOff                             0x08002184   Section        0  mysub.o(i.u1TxLedOff)
    i.u1TxLedOn                              0x08002194   Section        0  mysub.o(i.u1TxLedOn)
    i.u2RxInterruptEnable                    0x080021a4   Section        0  mylluart.o(i.u2RxInterruptEnable)
    i.u2RxLedOff                             0x080021b4   Section        0  mysub.o(i.u2RxLedOff)
    i.u2RxLedOn                              0x080021c4   Section        0  mysub.o(i.u2RxLedOn)
    i.u4RxInterruptEnable                    0x080021d4   Section        0  mylluart.o(i.u4RxInterruptEnable)
    i.u4TxDisable                            0x080021e4   Section        0  mysub.o(i.u4TxDisable)
    i.u4TxEnable                             0x080021f8   Section        0  mysub.o(i.u4TxEnable)
    i.u5TxDisable                            0x0800220c   Section        0  mysub.o(i.u5TxDisable)
    i.u5TxEnable                             0x08002220   Section        0  mysub.o(i.u5TxEnable)
    i.wait100ms                              0x08002234   Section        0  mywait16mhz.o(i.wait100ms)
    i.wait10ms                               0x08002264   Section        0  mywait16mhz.o(i.wait10ms)
    i.wait10us                               0x08002290   Section        0  mywait16mhz.o(i.wait10us)
    i.wait1ms                                0x0800229a   Section        0  mywait16mhz.o(i.wait1ms)
    .constdata                               0x080022a6   Section       25  system_stm32l0xx.o(.constdata)
    .constdata                               0x080022bf   Section        8  system_stm32l0xx.o(.constdata)
    .constdata                               0x080022c8   Section      512  mycrc16.o(.constdata)
    wCRCTable                                0x080022c8   Data         512  mycrc16.o(.constdata)
    .data                                    0x20000000   Section        4  system_stm32l0xx.o(.data)
    .data                                    0x20000004   Section       24  kanapilot_bh.o(.data)
    .data                                    0x2000001c   Section       32  backhoe_drive.o(.data)
    .data                                    0x2000003c   Section       20  kanapilot_pccom.o(.data)
    .data                                    0x20000050   Section       64  kanapilot_senscom.o(.data)
    .bss                                     0x20000090   Section      256  kanapilot_bh.o(.bss)
    .bss                                     0x20000190   Section      100  backhoe_drive.o(.bss)
    .bss                                     0x200001f4   Section      550  kanapilot_pccom.o(.bss)
    .bss                                     0x2000041a   Section      330  kanapilot_senscom.o(.bss)
    STACK                                    0x20000568   Section     1024  startup_stm32l071xx.o(STACK)

    Global Symbols

    Symbol Name                              Value     Ov Type        Size  Object(Section)

    BuildAttributes$$THM_ISAv3M$S$PE$A:L22$X:L11$S22$IEEE1$IW$USESV6$~STKCKD$USESV7$~SHL$OTIME$EBA8$MICROLIB$REQ8$PRES8$EABIv2 0x00000000   Number         0  anon$$obj.o ABSOLUTE
    __ARM_use_no_argv                        0x00000000   Number         0  main.o ABSOLUTE
    __cpp_initialize__aeabi_                  - Undefined Weak Reference
    __cxa_finalize                            - Undefined Weak Reference
    __decompress                              - Undefined Weak Reference
    _clock_init                               - Undefined Weak Reference
    _microlib_exit                            - Undefined Weak Reference
    __Vectors_Size                           0x000000c0   Number         0  startup_stm32l071xx.o ABSOLUTE
    __Vectors                                0x08000000   Data           4  startup_stm32l071xx.o(RESET)
    __Vectors_End                            0x080000c0   Data           0  startup_stm32l071xx.o(RESET)
    __main                                   0x080000c1   Thumb Code     0  entry.o(.ARM.Collect$$$$00000000)
    _main_stk                                0x080000c1   Thumb Code     0  entry2.o(.ARM.Collect$$$$00000001)
    _main_scatterload                        0x080000c5   Thumb Code     0  entry5.o(.ARM.Collect$$$$00000004)
    __main_after_scatterload                 0x080000c9   Thumb Code     0  entry5.o(.ARM.Collect$$$$00000004)
    _main_clock                              0x080000c9   Thumb Code     0  entry7b.o(.ARM.Collect$$$$00000008)
    _main_cpp_init                           0x080000c9   Thumb Code     0  entry8b.o(.ARM.Collect$$$$0000000A)
    _main_init                               0x080000c9   Thumb Code     0  entry9a.o(.ARM.Collect$$$$0000000B)
    __rt_final_cpp                           0x080000d1   Thumb Code     0  entry10a.o(.ARM.Collect$$$$0000000D)
    __rt_final_exit                          0x080000d1   Thumb Code     0  entry11a.o(.ARM.Collect$$$$0000000F)
    Reset_Handler                            0x080000d5   Thumb Code     8  startup_stm32l071xx.o(.text)
    ADC1_COMP_IRQHandler                     0x080000e7   Thumb Code     0  startup_stm32l071xx.o(.text)
    DMA1_Channel1_IRQHandler                 0x080000e7   Thumb Code     0  startup_stm32l071xx.o(.text)
    DMA1_Channel2_3_IRQHandler               0x080000e7   Thumb Code     0  startup_stm32l071xx.o(.text)
    DMA1_Channel4_5_6_7_IRQHandler           0x080000e7   Thumb Code     0  startup_stm32l071xx.o(.text)
    EXTI0_1_IRQHandler                       0x080000e7   Thumb Code     0  startup_stm32l071xx.o(.text)
    EXTI2_3_IRQHandler                       0x080000e7   Thumb Code     0  startup_stm32l071xx.o(.text)
    EXTI4_15_IRQHandler                      0x080000e7   Thumb Code     0  startup_stm32l071xx.o(.text)
    FLASH_IRQHandler                         0x080000e7   Thumb Code     0  startup_stm32l071xx.o(.text)
    I2C1_IRQHandler                          0x080000e7   Thumb Code     0  startup_stm32l071xx.o(.text)
    I2C2_IRQHandler                          0x080000e7   Thumb Code     0  startup_stm32l071xx.o(.text)
    I2C3_IRQHandler                          0x080000e7   Thumb Code     0  startup_stm32l071xx.o(.text)
    LPTIM1_IRQHandler                        0x080000e7   Thumb Code     0  startup_stm32l071xx.o(.text)
    LPUART1_IRQHandler                       0x080000e7   Thumb Code     0  startup_stm32l071xx.o(.text)
    PVD_IRQHandler                           0x080000e7   Thumb Code     0  startup_stm32l071xx.o(.text)
    RCC_IRQHandler                           0x080000e7   Thumb Code     0  startup_stm32l071xx.o(.text)
    RTC_IRQHandler                           0x080000e7   Thumb Code     0  startup_stm32l071xx.o(.text)
    SPI1_IRQHandler                          0x080000e7   Thumb Code     0  startup_stm32l071xx.o(.text)
    SPI2_IRQHandler                          0x080000e7   Thumb Code     0  startup_stm32l071xx.o(.text)
    TIM21_IRQHandler                         0x080000e7   Thumb Code     0  startup_stm32l071xx.o(.text)
    TIM22_IRQHandler                         0x080000e7   Thumb Code     0  startup_stm32l071xx.o(.text)
    TIM3_IRQHandler                          0x080000e7   Thumb Code     0  startup_stm32l071xx.o(.text)
    TIM6_IRQHandler                          0x080000e7   Thumb Code     0  startup_stm32l071xx.o(.text)
    TIM7_IRQHandler                          0x080000e7   Thumb Code     0  startup_stm32l071xx.o(.text)
    WWDG_IRQHandler                          0x080000e7   Thumb Code     0  startup_stm32l071xx.o(.text)
    __aeabi_uidiv                            0x080000f1   Thumb Code     0  uidiv.o(.text)
    __aeabi_uidivmod                         0x080000f1   Thumb Code    44  uidiv.o(.text)
    __aeabi_idiv                             0x0800011d   Thumb Code     0  idiv.o(.text)
    __aeabi_idivmod                          0x0800011d   Thumb Code    40  idiv.o(.text)
    __scatterload                            0x08000145   Thumb Code    28  init.o(.text)
    __scatterload_rt2                        0x08000145   Thumb Code     0  init.o(.text)
    CRC16                                    0x08000169   Thumb Code    38  mycrc16.o(i.CRC16)
    HardFault_Handler                        0x08000199   Thumb Code    18  stm32l0xx_it.o(i.HardFault_Handler)
    LL_ADC_Init                              0x080001b5   Thumb Code    42  stm32l0xx_ll_adc.o(i.LL_ADC_Init)
    LL_ADC_REG_Init                          0x080001e5   Thumb Code    50  stm32l0xx_ll_adc.o(i.LL_ADC_REG_Init)
    LL_EXTI_Init                             0x0800024d   Thumb Code   178  stm32l0xx_ll_exti.o(i.LL_EXTI_Init)
    LL_GPIO_Init                             0x08000305   Thumb Code   174  stm32l0xx_ll_gpio.o(i.LL_GPIO_Init)
    LL_I2C_Init                              0x080003db   Thumb Code   102  stm32l0xx_ll_i2c.o(i.LL_I2C_Init)
    LL_Init1msTick                           0x08000459   Thumb Code    26  stm32l0xx_ll_utils.o(i.LL_Init1msTick)
    LL_RCC_GetSystemClocksFreq               0x08000479   Thumb Code    32  stm32l0xx_ll_rcc.o(i.LL_RCC_GetSystemClocksFreq)
    LL_RCC_GetUSARTClockFreq                 0x08000499   Thumb Code   162  stm32l0xx_ll_rcc.o(i.LL_RCC_GetUSARTClockFreq)
    LL_SPI_Init                              0x08000561   Thumb Code   106  stm32l0xx_ll_spi.o(i.LL_SPI_Init)
    LL_SetSystemCoreClock                    0x080005f1   Thumb Code     6  stm32l0xx_ll_utils.o(i.LL_SetSystemCoreClock)
    LL_TIM_Init                              0x080005fd   Thumb Code    88  stm32l0xx_ll_tim.o(i.LL_TIM_Init)
    LL_USART_Init                            0x08000675   Thumb Code   194  stm32l0xx_ll_usart.o(i.LL_USART_Init)
    NMI_Handler                              0x08001061   Thumb Code     2  stm32l0xx_it.o(i.NMI_Handler)
    PendSV_Handler                           0x080010bd   Thumb Code     2  stm32l0xx_it.o(i.PendSV_Handler)
    RCC_GetHCLKClockFreq                     0x080010c1   Thumb Code    18  stm32l0xx_ll_rcc.o(i.RCC_GetHCLKClockFreq)
    RCC_GetPCLK1ClockFreq                    0x080010dd   Thumb Code    20  stm32l0xx_ll_rcc.o(i.RCC_GetPCLK1ClockFreq)
    RCC_GetPCLK2ClockFreq                    0x080010f9   Thumb Code    20  stm32l0xx_ll_rcc.o(i.RCC_GetPCLK2ClockFreq)
    RCC_GetSystemClockFreq                   0x08001115   Thumb Code    72  stm32l0xx_ll_rcc.o(i.RCC_GetSystemClockFreq)
    RCC_PLL_GetFreqDomain_SYS                0x08001169   Thumb Code    58  stm32l0xx_ll_rcc.o(i.RCC_PLL_GetFreqDomain_SYS)
    SVC_Handler                              0x080011b1   Thumb Code     2  stm32l0xx_it.o(i.SVC_Handler)
    SysTick_Handler                          0x080011b3   Thumb Code     2  stm32l0xx_it.o(i.SysTick_Handler)
    SystemClock_Config                       0x080011b5   Thumb Code   186  main.o(i.SystemClock_Config)
    SystemInit                               0x08001285   Thumb Code    66  system_stm32l0xx.o(i.SystemInit)
    T2_Callback                              0x080012d9   Thumb Code     8  kanapilot_bh.o(i.T2_Callback)
    TIM2_IRQHandler                          0x080012e5   Thumb Code    26  stm32l0xx_it.o(i.TIM2_IRQHandler)
    U1RX_Callback                            0x08001301   Thumb Code    40  kanapilot_senscom.o(i.U1RX_Callback)
    U2RX_Callback                            0x08001335   Thumb Code    40  kanapilot_pccom.o(i.U2RX_Callback)
    U4RX_Callback                            0x08001369   Thumb Code    18  backhoe_drive.o(i.U4RX_Callback)
    USART1_IRQHandler                        0x08001389   Thumb Code    26  stm32l0xx_it.o(i.USART1_IRQHandler)
    USART2_IRQHandler                        0x080013a9   Thumb Code    26  stm32l0xx_it.o(i.USART2_IRQHandler)
    USART4_5_IRQHandler                      0x080013c9   Thumb Code    26  stm32l0xx_it.o(i.USART4_5_IRQHandler)
    __ARM_common_switch8                     0x080013e9   Thumb Code    26  kanapilot_pccom.o(i.__ARM_common_switch8)
    __scatterload_copy                       0x08001403   Thumb Code    14  handlers.o(i.__scatterload_copy)
    __scatterload_null                       0x08001411   Thumb Code     2  handlers.o(i.__scatterload_null)
    __scatterload_zeroinit                   0x08001413   Thumb Code    14  handlers.o(i.__scatterload_zeroinit)
    backhoeDirectServoDrive                  0x08001421   Thumb Code   246  backhoe_drive.o(i.backhoeDirectServoDrive)
    blink                                    0x0800152d   Thumb Code    32  mysub.o(i.blink)
    checkPcCom                               0x0800154d   Thumb Code   274  kanapilot_pccom.o(i.checkPcCom)
    checkSensorIncomming                     0x08001675   Thumb Code   430  kanapilot_senscom.o(i.checkSensorIncomming)
    convToStep                               0x08001831   Thumb Code    46  backhoe_drive.o(i.convToStep)
    emgStopPosition                          0x08001861   Thumb Code   124  backhoe_drive.o(i.emgStopPosition)
    hornOff                                  0x080018e1   Thumb Code    14  mysub.o(i.hornOff)
    hornOn                                   0x080018f5   Thumb Code    14  mysub.o(i.hornOn)
    initKanaPilotBH                          0x08001909   Thumb Code    36  kanapilot_bh.o(i.initKanaPilotBH)
    initTimers                               0x08001935   Thumb Code    34  kanapilot_bh.o(i.initTimers)
    ledOff                                   0x0800195d   Thumb Code    12  mysub.o(i.ledOff)
    ledOn                                    0x0800196d   Thumb Code    12  mysub.o(i.ledOn)
    main                                     0x0800197d   Thumb Code   180  main.o(i.main)
    mainKanaPilotBH                          0x08001a3d   Thumb Code   200  kanapilot_bh.o(i.mainKanaPilotBH)
    packetWait                               0x08001b11   Thumb Code    32  backhoe_drive.o(i.packetWait)
    pato1Off                                 0x08001b31   Thumb Code    14  mysub.o(i.pato1Off)
    pato1On                                  0x08001b45   Thumb Code    14  mysub.o(i.pato1On)
    pato2Off                                 0x08001b59   Thumb Code    14  mysub.o(i.pato2Off)
    pato2On                                  0x08001b6d   Thumb Code    14  mysub.o(i.pato2On)
    pato3Off                                 0x08001b81   Thumb Code    14  mysub.o(i.pato3Off)
    queWriteRegisterSeq                      0x08001b95   Thumb Code    90  azd_krd_message.o(i.queWriteRegisterSeq)
    resetWDT                                 0x08001bf1   Thumb Code     8  myiwdg.o(i.resetWDT)
    rxBufferPositionReset                    0x08001c01   Thumb Code    20  backhoe_drive.o(i.rxBufferPositionReset)
    sendQuery                                0x08001c1d   Thumb Code    98  azd_krd_message.o(i.sendQuery)
    sendSensData                             0x08001c81   Thumb Code   392  kanapilot_bh.o(i.sendSensData)
    sendUart1Byte                            0x08001e45   Thumb Code    22  mylluart.o(i.sendUart1Byte)
    sendUart1Packet                          0x08001e61   Thumb Code    30  mylluart.o(i.sendUart1Packet)
    sendUart2Byte                            0x08001e81   Thumb Code    22  mylluart.o(i.sendUart2Byte)
    sendUart2Packet                          0x08001e9d   Thumb Code    30  mylluart.o(i.sendUart2Packet)
    sendUart4Byte                            0x08001ebd   Thumb Code    22  mylluart.o(i.sendUart4Byte)
    sendUart4Packet                          0x08001ed9   Thumb Code    30  mylluart.o(i.sendUart4Packet)
    sendUart5Byte                            0x08001ef9   Thumb Code    22  mylluart.o(i.sendUart5Byte)
    sendUart5Packet                          0x08001f15   Thumb Code    30  mylluart.o(i.sendUart5Packet)
    sensorRequest                            0x08001f35   Thumb Code   104  kanapilot_senscom.o(i.sensorRequest)
    sensorsRead                              0x08001fa1   Thumb Code    82  kanapilot_senscom.o(i.sensorsRead)
    setContinuousSpeed                       0x08001ff9   Thumb Code    28  azd_krd_message.o(i.setContinuousSpeed)
    setDirectDataDrive                       0x08002015   Thumb Code   198  azd_krd_message.o(i.setDirectDataDrive)
    setPositionByDefaultSetting              0x080020dd   Thumb Code    38  azd_krd_message.o(i.setPositionByDefaultSetting)
    spanChk                                  0x0800210d   Thumb Code    28  backhoe_drive.o(i.spanChk)
    stopAllControlAndResetStatus             0x08002129   Thumb Code    12  backhoe_drive.o(i.stopAllControlAndResetStatus)
    u1RxInterruptEnable                      0x08002135   Thumb Code    12  mylluart.o(i.u1RxInterruptEnable)
    u1RxLedOff                               0x08002145   Thumb Code    12  mysub.o(i.u1RxLedOff)
    u1RxLedOn                                0x08002155   Thumb Code    12  mysub.o(i.u1RxLedOn)
    u1TxDisable                              0x08002165   Thumb Code    16  mysub.o(i.u1TxDisable)
    u1TxEnable                               0x08002175   Thumb Code    16  mysub.o(i.u1TxEnable)
    u1TxLedOff                               0x08002185   Thumb Code    12  mysub.o(i.u1TxLedOff)
    u1TxLedOn                                0x08002195   Thumb Code    12  mysub.o(i.u1TxLedOn)
    u2RxInterruptEnable                      0x080021a5   Thumb Code    12  mylluart.o(i.u2RxInterruptEnable)
    u2RxLedOff                               0x080021b5   Thumb Code    12  mysub.o(i.u2RxLedOff)
    u2RxLedOn                                0x080021c5   Thumb Code    12  mysub.o(i.u2RxLedOn)
    u4RxInterruptEnable                      0x080021d5   Thumb Code    12  mylluart.o(i.u4RxInterruptEnable)
    u4TxDisable                              0x080021e5   Thumb Code    14  mysub.o(i.u4TxDisable)
    u4TxEnable                               0x080021f9   Thumb Code    14  mysub.o(i.u4TxEnable)
    u5TxDisable                              0x0800220d   Thumb Code    14  mysub.o(i.u5TxDisable)
    u5TxEnable                               0x08002221   Thumb Code    14  mysub.o(i.u5TxEnable)
    wait100ms                                0x08002235   Thumb Code    48  mywait16mhz.o(i.wait100ms)
    wait10ms                                 0x08002265   Thumb Code    44  mywait16mhz.o(i.wait10ms)
    wait10us                                 0x08002291   Thumb Code    10  mywait16mhz.o(i.wait10us)
    wait1ms                                  0x0800229b   Thumb Code    12  mywait16mhz.o(i.wait1ms)
    AHBPrescTable                            0x080022a6   Data          16  system_stm32l0xx.o(.constdata)
    PLLMulTable                              0x080022b6   Data           9  system_stm32l0xx.o(.constdata)
    APBPrescTable                            0x080022bf   Data           8  system_stm32l0xx.o(.constdata)
    Region$$Table$$Base                      0x080024c8   Number         0  anon$$obj.o(Region$$Table)
    Region$$Table$$Limit                     0x080024e8   Number         0  anon$$obj.o(Region$$Table)
    SystemCoreClock                          0x20000000   Data           4  system_stm32l0xx.o(.data)
    isEmgStop                                0x20000004   Data           1  kanapilot_bh.o(.data)
    isCom                                    0x20000005   Data           1  kanapilot_bh.o(.data)
    isEmgStopRequested                       0x20000006   Data           1  kanapilot_bh.o(.data)
    RQ                                       0x20000007   Data           1  kanapilot_bh.o(.data)
    packetCount                              0x20000008   Data           1  kanapilot_bh.o(.data)
    hornOnOffCnt                             0x20000009   Data           1  kanapilot_bh.o(.data)
    is100msInterval                          0x2000000a   Data           1  kanapilot_bh.o(.data)
    ledStat                                  0x2000000b   Data           1  kanapilot_bh.o(.data)
    ledBlinkcounter                          0x2000000c   Data           1  kanapilot_bh.o(.data)
    comTimeCnt                               0x20000010   Data           4  kanapilot_bh.o(.data)
    rearRadarDetectCnt                       0x20000014   Data           4  kanapilot_bh.o(.data)
    DIO                                      0x20000018   Data           4  kanapilot_bh.o(.data)
    u4rxPos                                  0x2000001c   Data           4  backhoe_drive.o(.data)
    LX                                       0x20000020   Data           4  backhoe_drive.o(.data)
    LY                                       0x20000024   Data           4  backhoe_drive.o(.data)
    RX                                       0x20000028   Data           4  backhoe_drive.o(.data)
    RY                                       0x2000002c   Data           4  backhoe_drive.o(.data)
    RR                                       0x20000030   Data           4  backhoe_drive.o(.data)
    LR                                       0x20000034   Data           4  backhoe_drive.o(.data)
    VL                                       0x20000038   Data           4  backhoe_drive.o(.data)
    soundHornTimes                           0x2000003c   Data           1  kanapilot_pccom.o(.data)
    u2RxCnt                                  0x2000003d   Data           1  kanapilot_pccom.o(.data)
    u2RxLen                                  0x2000003e   Data           1  kanapilot_pccom.o(.data)
    u2RxSum                                  0x2000003f   Data           1  kanapilot_pccom.o(.data)
    acmPacketPos                             0x20000040   Data           1  kanapilot_pccom.o(.data)
    U2Q                                      0x20000044   Data           4  kanapilot_pccom.o(.data)
    u2RxPos                                  0x20000048   Data           4  kanapilot_pccom.o(.data)
    u2RxPrePos                               0x2000004c   Data           4  kanapilot_pccom.o(.data)
    IsRotationInit                           0x20000050   Data           1  kanapilot_senscom.o(.data)
    RotationDirection                        0x20000051   Data           1  kanapilot_senscom.o(.data)
    isRearRadarDetected                      0x20000052   Data           1  kanapilot_senscom.o(.data)
    u1RxSum                                  0x20000053   Data           1  kanapilot_senscom.o(.data)
    u1RxLen                                  0x20000054   Data           1  kanapilot_senscom.o(.data)
    u1RxCnt                                  0x20000055   Data           1  kanapilot_senscom.o(.data)
    sensPos                                  0x20000056   Data           1  kanapilot_senscom.o(.data)
    sqCnt                                    0x20000057   Data           1  kanapilot_senscom.o(.data)
    BoomLength                               0x20000058   Data           2  kanapilot_senscom.o(.data)
    ArmLength                                0x2000005a   Data           2  kanapilot_senscom.o(.data)
    BacketLength                             0x2000005c   Data           2  kanapilot_senscom.o(.data)
    u1RxPos                                  0x20000060   Data           4  kanapilot_senscom.o(.data)
    u1RxPrePos                               0x20000064   Data           4  kanapilot_senscom.o(.data)
    U1Q                                      0x20000068   Data           4  kanapilot_senscom.o(.data)
    sensCnt                                  0x2000006c   Data           4  kanapilot_senscom.o(.data)
    Pitch                                    0x20000070   Data           4  kanapilot_senscom.o(.data)
    Roll                                     0x20000074   Data           4  kanapilot_senscom.o(.data)
    SwingRate                                0x20000078   Data           4  kanapilot_senscom.o(.data)
    BoomAngle                                0x2000007c   Data           4  kanapilot_senscom.o(.data)
    ArmAngle                                 0x20000080   Data           4  kanapilot_senscom.o(.data)
    BacketAngle                              0x20000084   Data           4  kanapilot_senscom.o(.data)
    RotationAngle                            0x20000088   Data           4  kanapilot_senscom.o(.data)
    SensorTemp                               0x2000008c   Data           4  kanapilot_senscom.o(.data)
    dt                                       0x20000090   Data         256  kanapilot_bh.o(.bss)
    u4RxBuf                                  0x20000190   Data         100  backhoe_drive.o(.bss)
    u2RxBuf                                  0x200001f4   Data         500  kanapilot_pccom.o(.bss)
    acmPacketBuf                             0x200003e8   Data          50  kanapilot_pccom.o(.bss)
    u1RxBuf                                  0x2000041a   Data         300  kanapilot_senscom.o(.bss)
    sensBuf                                  0x20000546   Data          30  kanapilot_senscom.o(.bss)
    __initial_sp                             0x20000968   Data           0  startup_stm32l071xx.o(STACK)



==============================================================================

Memory Map of the image

  Image Entry point : 0x080000c1

  Load Region LR_IROM1 (Base: 0x08000000, Size: 0x00002578, Max: 0x00010000, ABSOLUTE)

    Execution Region ER_IROM1 (Exec base: 0x08000000, Load base: 0x08000000, Size: 0x000024e8, Max: 0x00010000, ABSOLUTE)

    Exec Addr    Load Addr    Size         Type   Attr      Idx    E Section Name        Object

    0x08000000   0x08000000   0x000000c0   Data   RO           61    RESET               startup_stm32l071xx.o
    0x080000c0   0x080000c0   0x00000000   Code   RO         1757  * .ARM.Collect$$$$00000000  mc_p.l(entry.o)
    0x080000c0   0x080000c0   0x00000004   Code   RO         1764    .ARM.Collect$$$$00000001  mc_p.l(entry2.o)
    0x080000c4   0x080000c4   0x00000004   Code   RO         1767    .ARM.Collect$$$$00000004  mc_p.l(entry5.o)
    0x080000c8   0x080000c8   0x00000000   Code   RO         1769    .ARM.Collect$$$$00000008  mc_p.l(entry7b.o)
    0x080000c8   0x080000c8   0x00000000   Code   RO         1771    .ARM.Collect$$$$0000000A  mc_p.l(entry8b.o)
    0x080000c8   0x080000c8   0x00000008   Code   RO         1772    .ARM.Collect$$$$0000000B  mc_p.l(entry9a.o)
    0x080000d0   0x080000d0   0x00000000   Code   RO         1774    .ARM.Collect$$$$0000000D  mc_p.l(entry10a.o)
    0x080000d0   0x080000d0   0x00000000   Code   RO         1776    .ARM.Collect$$$$0000000F  mc_p.l(entry11a.o)
    0x080000d0   0x080000d0   0x00000004   Code   RO         1765    .ARM.Collect$$$$00002712  mc_p.l(entry2.o)
    0x080000d4   0x080000d4   0x0000001c   Code   RO           62    .text               startup_stm32l071xx.o
    0x080000f0   0x080000f0   0x0000002c   Code   RO         1760    .text               mc_p.l(uidiv.o)
    0x0800011c   0x0800011c   0x00000028   Code   RO         1762    .text               mc_p.l(idiv.o)
    0x08000144   0x08000144   0x00000024   Code   RO         1778    .text               mc_p.l(init.o)
    0x08000168   0x08000168   0x00000030   Code   RO          600    i.CRC16             mycrc16.o
    0x08000198   0x08000198   0x0000001c   Code   RO          792    i.HardFault_Handler  stm32l0xx_it.o
    0x080001b4   0x080001b4   0x00000030   Code   RO         1274    i.LL_ADC_Init       stm32l0xx_ll_adc.o
    0x080001e4   0x080001e4   0x00000038   Code   RO         1275    i.LL_ADC_REG_Init   stm32l0xx_ll_adc.o
    0x0800021c   0x0800021c   0x00000018   Code   RO          621    i.LL_APB1_GRP1_EnableClock  main.o
    0x08000234   0x08000234   0x00000018   Code   RO          622    i.LL_APB2_GRP1_EnableClock  main.o
    0x0800024c   0x0800024c   0x000000b8   Code   RO         1198    i.LL_EXTI_Init      stm32l0xx_ll_exti.o
    0x08000304   0x08000304   0x000000ae   Code   RO         1233    i.LL_GPIO_Init      stm32l0xx_ll_gpio.o
    0x080003b2   0x080003b2   0x00000014   Code   RO          623    i.LL_GPIO_SetPinMode  main.o
    0x080003c6   0x080003c6   0x00000014   Code   RO          624    i.LL_GPIO_SetPinPull  main.o
    0x080003da   0x080003da   0x00000066   Code   RO         1399    i.LL_I2C_Init       stm32l0xx_ll_i2c.o
    0x08000440   0x08000440   0x00000018   Code   RO          625    i.LL_IOP_GRP1_EnableClock  main.o
    0x08000458   0x08000458   0x00000020   Code   RO         1121    i.LL_Init1msTick    stm32l0xx_ll_utils.o
    0x08000478   0x08000478   0x00000020   Code   RO         1680    i.LL_RCC_GetSystemClocksFreq  stm32l0xx_ll_rcc.o
    0x08000498   0x08000498   0x000000b4   Code   RO         1681    i.LL_RCC_GetUSARTClockFreq  stm32l0xx_ll_rcc.o
    0x0800054c   0x0800054c   0x00000014   Code   RO          626    i.LL_RCC_SetUSARTClockSource  main.o
    0x08000560   0x08000560   0x00000070   Code   RO         1441    i.LL_SPI_Init       stm32l0xx_ll_spi.o
    0x080005d0   0x080005d0   0x00000020   Code   RO          627    i.LL_SYSCFG_SetEXTISource  main.o
    0x080005f0   0x080005f0   0x0000000c   Code   RO         1124    i.LL_SetSystemCoreClock  stm32l0xx_ll_utils.o
    0x080005fc   0x080005fc   0x00000064   Code   RO         1527    i.LL_TIM_Init       stm32l0xx_ll_tim.o
    0x08000660   0x08000660   0x00000014   Code   RO          628    i.LL_USART_ConfigAsyncMode  main.o
    0x08000674   0x08000674   0x000000dc   Code   RO         1632    i.LL_USART_Init     stm32l0xx_ll_usart.o
    0x08000750   0x08000750   0x00000144   Code   RO          629    i.MX_ADC_Init       main.o
    0x08000894   0x08000894   0x00000398   Code   RO          630    i.MX_GPIO_Init      main.o
    0x08000c2c   0x08000c2c   0x00000094   Code   RO          631    i.MX_I2C1_Init      main.o
    0x08000cc0   0x08000cc0   0x00000090   Code   RO          632    i.MX_SPI1_Init      main.o
    0x08000d50   0x08000d50   0x00000090   Code   RO          633    i.MX_SPI2_Init      main.o
    0x08000de0   0x08000de0   0x0000004c   Code   RO          634    i.MX_TIM2_Init      main.o
    0x08000e2c   0x08000e2c   0x00000090   Code   RO          635    i.MX_USART1_UART_Init  main.o
    0x08000ebc   0x08000ebc   0x00000088   Code   RO          636    i.MX_USART2_UART_Init  main.o
    0x08000f44   0x08000f44   0x0000008c   Code   RO          637    i.MX_USART4_UART_Init  main.o
    0x08000fd0   0x08000fd0   0x00000090   Code   RO          638    i.MX_USART5_UART_Init  main.o
    0x08001060   0x08001060   0x00000002   Code   RO          793    i.NMI_Handler       stm32l0xx_it.o
    0x08001062   0x08001062   0x00000002   PAD
    0x08001064   0x08001064   0x00000014   Code   RO          639    i.NVIC_EnableIRQ    main.o
    0x08001078   0x08001078   0x00000044   Code   RO          640    i.NVIC_SetPriority  main.o
    0x080010bc   0x080010bc   0x00000002   Code   RO          794    i.PendSV_Handler    stm32l0xx_it.o
    0x080010be   0x080010be   0x00000002   PAD
    0x080010c0   0x080010c0   0x0000001c   Code   RO         1682    i.RCC_GetHCLKClockFreq  stm32l0xx_ll_rcc.o
    0x080010dc   0x080010dc   0x0000001c   Code   RO         1683    i.RCC_GetPCLK1ClockFreq  stm32l0xx_ll_rcc.o
    0x080010f8   0x080010f8   0x0000001c   Code   RO         1684    i.RCC_GetPCLK2ClockFreq  stm32l0xx_ll_rcc.o
    0x08001114   0x08001114   0x00000054   Code   RO         1685    i.RCC_GetSystemClockFreq  stm32l0xx_ll_rcc.o
    0x08001168   0x08001168   0x00000048   Code   RO         1686    i.RCC_PLL_GetFreqDomain_SYS  stm32l0xx_ll_rcc.o
    0x080011b0   0x080011b0   0x00000002   Code   RO          795    i.SVC_Handler       stm32l0xx_it.o
    0x080011b2   0x080011b2   0x00000002   Code   RO          796    i.SysTick_Handler   stm32l0xx_it.o
    0x080011b4   0x080011b4   0x000000d0   Code   RO          641    i.SystemClock_Config  main.o
    0x08001284   0x08001284   0x00000054   Code   RO            4    i.SystemInit        system_stm32l0xx.o
    0x080012d8   0x080012d8   0x0000000c   Code   RO          872    i.T2_Callback       kanapilot_bh.o
    0x080012e4   0x080012e4   0x0000001a   Code   RO          797    i.TIM2_IRQHandler   stm32l0xx_it.o
    0x080012fe   0x080012fe   0x00000002   PAD
    0x08001300   0x08001300   0x00000034   Code   RO         1078    i.U1RX_Callback     kanapilot_senscom.o
    0x08001334   0x08001334   0x00000034   Code   RO         1032    i.U2RX_Callback     kanapilot_pccom.o
    0x08001368   0x08001368   0x00000020   Code   RO          930    i.U4RX_Callback     backhoe_drive.o
    0x08001388   0x08001388   0x00000020   Code   RO          798    i.USART1_IRQHandler  stm32l0xx_it.o
    0x080013a8   0x080013a8   0x00000020   Code   RO          799    i.USART2_IRQHandler  stm32l0xx_it.o
    0x080013c8   0x080013c8   0x00000020   Code   RO          800    i.USART4_5_IRQHandler  stm32l0xx_it.o
    0x080013e8   0x080013e8   0x0000001a   Code   RO         1070    i.__ARM_common_switch8  kanapilot_pccom.o
    0x08001402   0x08001402   0x0000000e   Code   RO         1782    i.__scatterload_copy  mc_p.l(handlers.o)
    0x08001410   0x08001410   0x00000002   Code   RO         1783    i.__scatterload_null  mc_p.l(handlers.o)
    0x08001412   0x08001412   0x0000000e   Code   RO         1784    i.__scatterload_zeroinit  mc_p.l(handlers.o)
    0x08001420   0x08001420   0x0000010c   Code   RO          934    i.backhoeDirectServoDrive  backhoe_drive.o
    0x0800152c   0x0800152c   0x00000020   Code   RO          381    i.blink             mysub.o
    0x0800154c   0x0800154c   0x00000128   Code   RO         1034    i.checkPcCom        kanapilot_pccom.o
    0x08001674   0x08001674   0x000001bc   Code   RO         1079    i.checkSensorIncomming  kanapilot_senscom.o
    0x08001830   0x08001830   0x0000002e   Code   RO          935    i.convToStep        backhoe_drive.o
    0x0800185e   0x0800185e   0x00000002   PAD
    0x08001860   0x08001860   0x00000080   Code   RO          936    i.emgStopPosition   backhoe_drive.o
    0x080018e0   0x080018e0   0x00000014   Code   RO          382    i.hornOff           mysub.o
    0x080018f4   0x080018f4   0x00000014   Code   RO          383    i.hornOn            mysub.o
    0x08001908   0x08001908   0x0000002c   Code   RO          873    i.initKanaPilotBH   kanapilot_bh.o
    0x08001934   0x08001934   0x00000028   Code   RO          874    i.initTimers        kanapilot_bh.o
    0x0800195c   0x0800195c   0x00000010   Code   RO          384    i.ledOff            mysub.o
    0x0800196c   0x0800196c   0x00000010   Code   RO          385    i.ledOn             mysub.o
    0x0800197c   0x0800197c   0x000000c0   Code   RO          643    i.main              main.o
    0x08001a3c   0x08001a3c   0x000000d4   Code   RO          875    i.mainKanaPilotBH   kanapilot_bh.o
    0x08001b10   0x08001b10   0x00000020   Code   RO          938    i.packetWait        backhoe_drive.o
    0x08001b30   0x08001b30   0x00000014   Code   RO          386    i.pato1Off          mysub.o
    0x08001b44   0x08001b44   0x00000014   Code   RO          387    i.pato1On           mysub.o
    0x08001b58   0x08001b58   0x00000014   Code   RO          388    i.pato2Off          mysub.o
    0x08001b6c   0x08001b6c   0x00000014   Code   RO          389    i.pato2On           mysub.o
    0x08001b80   0x08001b80   0x00000014   Code   RO          390    i.pato3Off          mysub.o
    0x08001b94   0x08001b94   0x0000005a   Code   RO          273    i.queWriteRegisterSeq  azd_krd_message.o
    0x08001bee   0x08001bee   0x00000002   PAD
    0x08001bf0   0x08001bf0   0x00000010   Code   RO           69    i.resetWDT          myiwdg.o
    0x08001c00   0x08001c00   0x0000001c   Code   RO          939    i.rxBufferPositionReset  backhoe_drive.o
    0x08001c1c   0x08001c1c   0x00000062   Code   RO          275    i.sendQuery         azd_krd_message.o
    0x08001c7e   0x08001c7e   0x00000002   PAD
    0x08001c80   0x08001c80   0x000001c4   Code   RO          876    i.sendSensData      kanapilot_bh.o
    0x08001e44   0x08001e44   0x0000001c   Code   RO          152    i.sendUart1Byte     mylluart.o
    0x08001e60   0x08001e60   0x0000001e   Code   RO          153    i.sendUart1Packet   mylluart.o
    0x08001e7e   0x08001e7e   0x00000002   PAD
    0x08001e80   0x08001e80   0x0000001c   Code   RO          154    i.sendUart2Byte     mylluart.o
    0x08001e9c   0x08001e9c   0x0000001e   Code   RO          155    i.sendUart2Packet   mylluart.o
    0x08001eba   0x08001eba   0x00000002   PAD
    0x08001ebc   0x08001ebc   0x0000001c   Code   RO          156    i.sendUart4Byte     mylluart.o
    0x08001ed8   0x08001ed8   0x0000001e   Code   RO          157    i.sendUart4Packet   mylluart.o
    0x08001ef6   0x08001ef6   0x00000002   PAD
    0x08001ef8   0x08001ef8   0x0000001c   Code   RO          158    i.sendUart5Byte     mylluart.o
    0x08001f14   0x08001f14   0x0000001e   Code   RO          159    i.sendUart5Packet   mylluart.o
    0x08001f32   0x08001f32   0x00000002   PAD
    0x08001f34   0x08001f34   0x0000006c   Code   RO         1080    i.sensorRequest     kanapilot_senscom.o
    0x08001fa0   0x08001fa0   0x00000058   Code   RO         1081    i.sensorsRead       kanapilot_senscom.o
    0x08001ff8   0x08001ff8   0x0000001c   Code   RO          276    i.setContinuousSpeed  azd_krd_message.o
    0x08002014   0x08002014   0x000000c6   Code   RO          277    i.setDirectDataDrive  azd_krd_message.o
    0x080020da   0x080020da   0x00000002   PAD
    0x080020dc   0x080020dc   0x00000030   Code   RO          280    i.setPositionByDefaultSetting  azd_krd_message.o
    0x0800210c   0x0800210c   0x0000001c   Code   RO          940    i.spanChk           backhoe_drive.o
    0x08002128   0x08002128   0x0000000c   Code   RO          941    i.stopAllControlAndResetStatus  backhoe_drive.o
    0x08002134   0x08002134   0x00000010   Code   RO          161    i.u1RxInterruptEnable  mylluart.o
    0x08002144   0x08002144   0x00000010   Code   RO          392    i.u1RxLedOff        mysub.o
    0x08002154   0x08002154   0x00000010   Code   RO          393    i.u1RxLedOn         mysub.o
    0x08002164   0x08002164   0x00000010   Code   RO          394    i.u1TxDisable       mysub.o
    0x08002174   0x08002174   0x00000010   Code   RO          395    i.u1TxEnable        mysub.o
    0x08002184   0x08002184   0x00000010   Code   RO          396    i.u1TxLedOff        mysub.o
    0x08002194   0x08002194   0x00000010   Code   RO          397    i.u1TxLedOn         mysub.o
    0x080021a4   0x080021a4   0x00000010   Code   RO          163    i.u2RxInterruptEnable  mylluart.o
    0x080021b4   0x080021b4   0x00000010   Code   RO          398    i.u2RxLedOff        mysub.o
    0x080021c4   0x080021c4   0x00000010   Code   RO          399    i.u2RxLedOn         mysub.o
    0x080021d4   0x080021d4   0x00000010   Code   RO          165    i.u4RxInterruptEnable  mylluart.o
    0x080021e4   0x080021e4   0x00000014   Code   RO          402    i.u4TxDisable       mysub.o
    0x080021f8   0x080021f8   0x00000014   Code   RO          403    i.u4TxEnable        mysub.o
    0x0800220c   0x0800220c   0x00000014   Code   RO          404    i.u5TxDisable       mysub.o
    0x08002220   0x08002220   0x00000014   Code   RO          405    i.u5TxEnable        mysub.o
    0x08002234   0x08002234   0x00000030   Code   RO          544    i.wait100ms         mywait16mhz.o
    0x08002264   0x08002264   0x0000002c   Code   RO          546    i.wait10ms          mywait16mhz.o
    0x08002290   0x08002290   0x0000000a   Code   RO          547    i.wait10us          mywait16mhz.o
    0x0800229a   0x0800229a   0x0000000c   Code   RO          548    i.wait1ms           mywait16mhz.o
    0x080022a6   0x080022a6   0x00000019   Data   RO            5    .constdata          system_stm32l0xx.o
    0x080022bf   0x080022bf   0x00000008   Data   RO            6    .constdata          system_stm32l0xx.o
    0x080022c7   0x080022c7   0x00000001   PAD
    0x080022c8   0x080022c8   0x00000200   Data   RO          601    .constdata          mycrc16.o
    0x080024c8   0x080024c8   0x00000020   Data   RO         1780    Region$$Table       anon$$obj.o


    Execution Region RW_IRAM1 (Exec base: 0x20000000, Load base: 0x080024e8, Size: 0x00000968, Max: 0x00005000, ABSOLUTE)

    Exec Addr    Load Addr    Size         Type   Attr      Idx    E Section Name        Object

    0x20000000   0x080024e8   0x00000004   Data   RW            7    .data               system_stm32l0xx.o
    0x20000004   0x080024ec   0x00000018   Data   RW          878    .data               kanapilot_bh.o
    0x2000001c   0x08002504   0x00000020   Data   RW          944    .data               backhoe_drive.o
    0x2000003c   0x08002524   0x00000014   Data   RW         1036    .data               kanapilot_pccom.o
    0x20000050   0x08002538   0x00000040   Data   RW         1083    .data               kanapilot_senscom.o
    0x20000090        -       0x00000100   Zero   RW          877    .bss                kanapilot_bh.o
    0x20000190        -       0x00000064   Zero   RW          942    .bss                backhoe_drive.o
    0x200001f4        -       0x00000226   Zero   RW         1035    .bss                kanapilot_pccom.o
    0x2000041a        -       0x0000014a   Zero   RW         1082    .bss                kanapilot_senscom.o
    0x20000564   0x08002578   0x00000004   PAD
    0x20000568        -       0x00000400   Zero   RW           59    STACK               startup_stm32l071xx.o


==============================================================================

Image component sizes


      Code (inc. data)   RO Data    RW Data    ZI Data      Debug   Object Name

       462         10          0          0          0       4138   azd_krd_message.o
       574         48          0         32        100      24140   backhoe_drive.o
       760         90          0         24        256       4588   kanapilot_bh.o
       374         42          0         20        550       2740   kanapilot_pccom.o
       692         56          0         64        330       4780   kanapilot_senscom.o
      2992        190          0          0          0     154745   main.o
        48         10        512          0          0        972   mycrc16.o
        16          8          0          0          0       3343   myiwdg.o
       280         36          0          0          0      38448   mylluart.o
       412         98          0          0          0       9167   mysub.o
       114          0          0          0          0       2128   mywait16mhz.o
        28          8        192          0       1024        620   startup_stm32l071xx.o
       158         28          0          0          0      54711   stm32l0xx_it.o
       104         12          0          0          0      31992   stm32l0xx_ll_adc.o
       184          6          0          0          0       5563   stm32l0xx_ll_exti.o
       174          0          0          0          0       7171   stm32l0xx_ll_gpio.o
       102          0          0          0          0      15222   stm32l0xx_ll_i2c.o
       452         70          0          0          0      20440   stm32l0xx_ll_rcc.o
       112          6          0          0          0      15098   stm32l0xx_ll_spi.o
       100         12          0          0          0      27982   stm32l0xx_ll_tim.o
       220         26          0          0          0      21508   stm32l0xx_ll_usart.o
        44         12          0          0          0       2297   stm32l0xx_ll_utils.o
        84         18         33          4          0     218247   system_stm32l0xx.o

    ----------------------------------------------------------------------
      8508        786        770        144       2264     670040   Object Totals
         0          0         32          0          0          0   (incl. Generated)
        22          0          1          0          4          0   (incl. Padding)

    ----------------------------------------------------------------------

      Code (inc. data)   RO Data    RW Data    ZI Data      Debug   Library Member Name

         0          0          0          0          0          0   entry.o
         0          0          0          0          0          0   entry10a.o
         0          0          0          0          0          0   entry11a.o
         8          4          0          0          0          0   entry2.o
         4          0          0          0          0          0   entry5.o
         0          0          0          0          0          0   entry7b.o
         0          0          0          0          0          0   entry8b.o
         8          4          0          0          0          0   entry9a.o
        30          0          0          0          0          0   handlers.o
        40          0          0          0          0         72   idiv.o
        36          8          0          0          0         68   init.o
        44          0          0          0          0         72   uidiv.o

    ----------------------------------------------------------------------
       170         16          0          0          0        212   Library Totals
         0          0          0          0          0          0   (incl. Padding)

    ----------------------------------------------------------------------

      Code (inc. data)   RO Data    RW Data    ZI Data      Debug   Library Name

       170         16          0          0          0        212   mc_p.l

    ----------------------------------------------------------------------
       170         16          0          0          0        212   Library Totals

    ----------------------------------------------------------------------

==============================================================================


      Code (inc. data)   RO Data    RW Data    ZI Data      Debug   

      8678        802        770        144       2264     665740   Grand Totals
      8678        802        770        144       2264     665740   ELF Image Totals
      8678        802        770        144          0          0   ROM Totals

==============================================================================

    Total RO  Size (Code + RO Data)                 9448 (   9.23kB)
    Total RW  Size (RW Data + ZI Data)              2408 (   2.35kB)
    Total ROM Size (Code + RO Data + RW Data)       9592 (   9.37kB)

==============================================================================

