Component: ARM Compiler 5.06 update 6 (build 750) Tool: armlink [4d35ed]

==============================================================================

Section Cross References

    system_stm32l0xx.o(i.SystemCoreClockUpdate) refers to uidiv.o(.text) for __aeabi_uidivmod
    system_stm32l0xx.o(i.SystemCoreClockUpdate) refers to system_stm32l0xx.o(.data) for .data
    system_stm32l0xx.o(i.SystemCoreClockUpdate) refers to system_stm32l0xx.o(.constdata) for .constdata
    startup_stm32l071xx.o(RESET) refers to startup_stm32l071xx.o(STACK) for __initial_sp
    startup_stm32l071xx.o(RESET) refers to startup_stm32l071xx.o(.text) for Reset_Handler
    startup_stm32l071xx.o(RESET) refers to stm32l0xx_it.o(i.NMI_Handler) for NMI_Handler
    startup_stm32l071xx.o(RESET) refers to stm32l0xx_it.o(i.HardFault_Handler) for HardFault_Handler
    startup_stm32l071xx.o(RESET) refers to stm32l0xx_it.o(i.SVC_Handler) for SVC_Handler
    startup_stm32l071xx.o(RESET) refers to stm32l0xx_it.o(i.PendSV_Handler) for PendSV_Handler
    startup_stm32l071xx.o(RESET) refers to stm32l0xx_it.o(i.SysTick_Handler) for SysTick_Handler
    startup_stm32l071xx.o(RESET) refers to stm32l0xx_it.o(i.USART4_5_IRQHandler) for USART4_5_IRQHandler
    startup_stm32l071xx.o(RESET) refers to stm32l0xx_it.o(i.TIM2_IRQHandler) for TIM2_IRQHandler
    startup_stm32l071xx.o(RESET) refers to stm32l0xx_it.o(i.USART1_IRQHandler) for USART1_IRQHandler
    startup_stm32l071xx.o(RESET) refers to stm32l0xx_it.o(i.USART2_IRQHandler) for USART2_IRQHandler
    startup_stm32l071xx.o(.text) refers to system_stm32l0xx.o(i.SystemInit) for SystemInit
    startup_stm32l071xx.o(.text) refers to entry.o(.ARM.Collect$$$$00000000) for __main
    mylluart.o(i.sendUart1Packet) refers to mylluart.o(i.sendUart1Byte) for sendUart1Byte
    mylluart.o(i.sendUart2Packet) refers to mylluart.o(i.sendUart2Byte) for sendUart2Byte
    mylluart.o(i.sendUart4Packet) refers to mylluart.o(i.sendUart4Byte) for sendUart4Byte
    mylluart.o(i.sendUart5Packet) refers to mylluart.o(i.sendUart5Byte) for sendUart5Byte
    azd_krd_message.o(i.continuousDrive) refers to azd_krd_message.o(i.queWriteRegister) for queWriteRegister
    azd_krd_message.o(i.queAlarmReset) refers to azd_krd_message.o(i.queWriteRegisterSeq) for queWriteRegisterSeq
    azd_krd_message.o(i.queFreeRequest) refers to azd_krd_message.o(i.queWriteRegister) for queWriteRegister
    azd_krd_message.o(i.queIoStatusRequest) refers to azd_krd_message.o(i.queReadRegister) for queReadRegister
    azd_krd_message.o(i.queReadRegister) refers to mycrc16.o(i.CRC16) for CRC16
    azd_krd_message.o(i.queReadRegister) refers to azd_krd_message.o(i.sendQuery) for sendQuery
    azd_krd_message.o(i.queReadWriteRegisterSeq) refers to mycrc16.o(i.CRC16) for CRC16
    azd_krd_message.o(i.queReadWriteRegisterSeq) refers to azd_krd_message.o(i.sendQuery) for sendQuery
    azd_krd_message.o(i.queSetposAndReadStatus) refers to azd_krd_message.o(i.queReadWriteRegisterSeq) for queReadWriteRegisterSeq
    azd_krd_message.o(i.queWriteRegister) refers to mycrc16.o(i.CRC16) for CRC16
    azd_krd_message.o(i.queWriteRegister) refers to azd_krd_message.o(i.sendQuery) for sendQuery
    azd_krd_message.o(i.queWriteRegisterSeq) refers to mycrc16.o(i.CRC16) for CRC16
    azd_krd_message.o(i.queWriteRegisterSeq) refers to azd_krd_message.o(i.sendQuery) for sendQuery
    azd_krd_message.o(i.queZhomeRequest) refers to azd_krd_message.o(i.queWriteRegister) for queWriteRegister
    azd_krd_message.o(i.queZhomeRequest) refers to mywait16mhz.o(i.wait10ms) for wait10ms
    azd_krd_message.o(i.sendQuery) refers to mysub.o(i.u4TxEnable) for u4TxEnable
    azd_krd_message.o(i.sendQuery) refers to mywait16mhz.o(i.wait10us) for wait10us
    azd_krd_message.o(i.sendQuery) refers to mylluart.o(i.sendUart4Packet) for sendUart4Packet
    azd_krd_message.o(i.sendQuery) refers to mysub.o(i.u4TxDisable) for u4TxDisable
    azd_krd_message.o(i.sendQuery) refers to mysub.o(i.u5TxEnable) for u5TxEnable
    azd_krd_message.o(i.sendQuery) refers to mylluart.o(i.sendUart5Packet) for sendUart5Packet
    azd_krd_message.o(i.sendQuery) refers to mysub.o(i.u5TxDisable) for u5TxDisable
    azd_krd_message.o(i.setContinuousSpeed) refers to azd_krd_message.o(i.queWriteRegisterSeq) for queWriteRegisterSeq
    azd_krd_message.o(i.setDirectDataDrive) refers to mycrc16.o(i.CRC16) for CRC16
    azd_krd_message.o(i.setDirectDataDrive) refers to azd_krd_message.o(i.sendQuery) for sendQuery
    azd_krd_message.o(i.setPosAndReadStatusByDefaultSetting) refers to azd_krd_message.o(i.queSetposAndReadStatus) for queSetposAndReadStatus
    azd_krd_message.o(i.setPosAndReadStatusByDefaultSetting3) refers to azd_krd_message.o(i.queSetposAndReadStatus) for queSetposAndReadStatus
    azd_krd_message.o(i.setPositionByDefaultSetting) refers to azd_krd_message.o(i.setDirectDataDrive) for setDirectDataDrive
[...]
    backhoe_drive.o(i.allFreeOn) refers to azd_krd_message.o(i.queFreeRequest) for queFreeRequest
    backhoe_drive.o(i.allFreeOn) refers to backhoe_drive.o(i.packetWait) for packetWait
    backhoe_drive.o(i.allZhome) refers to azd_krd_message.o(i.queZhomeRequest) for queZhomeRequest
    backhoe_drive.o(i.allZhome) refers to backhoe_drive.o(i.packetWait) for packetWait
    backhoe_drive.o(i.allZhome) refers to mywait16mhz.o(i.wait1s) for wait1s
    backhoe_drive.o(i.backhoeDirectServoDrive) refers to backhoe_drive.o(i.spanChk) for spanChk
    backhoe_drive.o(i.backhoeDirectServoDrive) refers to backhoe_drive.o(i.convToStep) for convToStep
    backhoe_drive.o(i.backhoeDirectServoDrive) refers to backhoe_drive.o(i.rxBufferPositionReset) for rxBufferPositionReset
    backhoe_drive.o(i.backhoeDirectServoDrive) refers to azd_krd_message.o(i.setPosAndReadStatusByDefaultSetting) for setPosAndReadStatusByDefaultSetting
    backhoe_drive.o(i.backhoeDirectServoDrive) refers to backhoe_drive.o(i.packetWaitLong) for packetWaitLong
    backhoe_drive.o(i.backhoeDirectServoDrive) refers to azd_krd_message.o(i.queAlarmReset) for queAlarmReset
    backhoe_drive.o(i.backhoeDirectServoDrive) refers to backhoe_drive.o(i.packetWait) for packetWait
    backhoe_drive.o(i.backhoeDirectServoDrive) refers to azd_krd_message.o(i.setPositionByDefaultSetting) for setPositionByDefaultSetting
    backhoe_drive.o(i.backhoeDirectServoDrive) refers to backhoe_drive.o(.data) for .data
    backhoe_drive.o(i.backhoeDirectServoDrive) refers to backhoe_drive.o(.bss) for .bss
    backhoe_drive.o(i.convToStep) refers to idiv.o(.text) for __aeabi_idivmod
    backhoe_drive.o(i.emgStopPosition) refers to backhoe_drive.o(i.rxBufferPositionReset) for rxBufferPositionReset
    backhoe_drive.o(i.emgStopPosition) refers to azd_krd_message.o(i.setPositionByDefaultSetting) for setPositionByDefaultSetting
    backhoe_drive.o(i.emgStopPosition) refers to backhoe_drive.o(i.packetWait) for packetWait
    backhoe_drive.o(i.emgStopPosition) refers to backhoe_drive.o(.data) for .data
    backhoe_drive.o(i.packetWait) refers to myiwdg.o(i.resetWDT) for resetWDT
    backhoe_drive.o(i.packetWait) refers to mywait16mhz.o(i.wait1ms) for wait1ms
    backhoe_drive.o(i.packetWaitLong) refers to myiwdg.o(i.resetWDT) for resetWDT
    backhoe_drive.o(i.packetWaitLong) refers to mywait16mhz.o(i.wait1ms) for wait1ms
    backhoe_drive.o(i.rxBufferPositionReset) refers to memseta.o(.text) for __aeabi_memclr
    backhoe_drive.o(i.rxBufferPositionReset) refers to backhoe_drive.o(.data) for .data
    backhoe_drive.o(i.rxBufferPositionReset) refers to backhoe_drive.o(.bss) for .bss
    backhoe_drive.o(i.stopAllControlAndResetStatus) refers to backhoe_drive.o(i.emgStopPosition) for emgStopPosition
    backhoe_drive.o(i.stopAllControlAndResetStatus) refers to mysub.o(i.pato2Off) for pato2Off
    kanapilot_pccom.o(i.U2RX_Callback) refers to mysub.o(i.u2RxLedOn) for u2RxLedOn
    kanapilot_pccom.o(i.U2RX_Callback) refers to mysub.o(i.u2RxLedOff) for u2RxLedOff
    kanapilot_pccom.o(i.U2RX_Callback) refers to kanapilot_pccom.o(.bss) for .bss
    kanapilot_pccom.o(i.U2RX_Callback) refers to kanapilot_pccom.o(.data) for .data
    kanapilot_pccom.o(i.checkPcCom) refers to myiwdg.o(i.resetWDT) for resetWDT
    kanapilot_pccom.o(i.checkPcCom) refers to kanapilot_pccom.o(i.__ARM_common_switch8) for __ARM_common_switch8
    kanapilot_pccom.o(i.checkPcCom) refers to mysub.o(i.pato2On) for pato2On
    kanapilot_pccom.o(i.checkPcCom) refers to memcpya.o(.text) for __aeabi_memcpy
    kanapilot_pccom.o(i.checkPcCom) refers to kanapilot_pccom.o(.data) for .data
    kanapilot_pccom.o(i.checkPcCom) refers to kanapilot_pccom.o(.bss) for .bss
    kanapilot_pccom.o(i.checkPcCom) refers to kanapilot_bh.o(.data) for comTimeCnt
    kanapilot_senscom.o(i.U1RX_Callback) refers to mysub.o(i.u1RxLedOn) for u1RxLedOn
    kanapilot_senscom.o(i.U1RX_Callback) refers to mysub.o(i.u1RxLedOff) for u1RxLedOff
    kanapilot_senscom.o(i.U1RX_Callback) refers to kanapilot_senscom.o(.bss) for .bss
    kanapilot_senscom.o(i.U1RX_Callback) refers to kanapilot_senscom.o(.data) for .data
    kanapilot_senscom.o(i.checkSensorIncomming) refers to myiwdg.o(i.resetWDT) for resetWDT
    kanapilot_senscom.o(i.checkSensorIncomming) refers to kanapilot_pccom.o(i.__ARM_common_switch8) for __ARM_common_switch8
    kanapilot_senscom.o(i.checkSensorIncomming) refers to kanapilot_senscom.o(.data) for .data
    kanapilot_senscom.o(i.checkSensorIncomming) refers to kanapilot_senscom.o(.bss) for .bss
    kanapilot_senscom.o(i.sensorRequest) refers to mysub.o(i.u1TxLedOn) for u1TxLedOn
    kanapilot_senscom.o(i.sensorRequest) refers to mysub.o(i.u1TxEnable) for u1TxEnable
    kanapilot_senscom.o(i.sensorRequest) refers to mywait16mhz.o(i.wait10us) for wait10us
    kanapilot_senscom.o(i.sensorRequest) refers to mylluart.o(i.sendUart1Packet) for sendUart1Packet
    kanapilot_senscom.o(i.sensorRequest) refers to mysub.o(i.u1TxDisable) for u1TxDisable
    kanapilot_senscom.o(i.sensorRequest) refers to mysub.o(i.u1TxLedOff) for u1TxLedOff
    kanapilot_senscom.o(i.sensorRequest) refers to kanapilot_senscom.o(.data) for .data
    kanapilot_senscom.o(i.sensorsRead) refers to kanapilot_pccom.o(i.__ARM_common_switch8) for __ARM_common_switch8
    kanapilot_senscom.o(i.sensorsRead) refers to kanapilot_senscom.o(i.sensorRequest) for sensorRequest
    kanapilot_senscom.o(i.sensorsRead) refers to kanapilot_senscom.o(i.checkSensorIncomming) for checkSensorIncomming
    kanapilot_senscom.o(i.sensorsRead) refers to kanapilot_senscom.o(.data) for .data
    stm32l0xx_ll_utils.o(i.LL_Init1msTick) refers to uidiv.o(.text) for __aeabi_uidivmod
    stm32l0xx_ll_utils.o(i.LL_PLL_ConfigSystemClock_HSE) refers to stm32l0xx_ll_utils.o(i.UTILS_PLL_IsBusy) for UTILS_PLL_IsBusy
    stm32l0xx_ll_utils.o(i.LL_PLL_ConfigSystemClock_HSE) refers to stm32l0xx_ll_utils.o(i.UTILS_GetPLLOutputFrequency) for UTILS_GetPLLOutputFrequency
    stm32l0xx_ll_utils.o(i.LL_PLL_ConfigSystemClock_HSE) refers to stm32l0xx_ll_utils.o(i.UTILS_EnablePLLAndSwitchSystem) for UTILS_EnablePLLAndSwitchSystem
    stm32l0xx_ll_utils.o(i.LL_PLL_ConfigSystemClock_HSI) refers to stm32l0xx_ll_utils.o(i.UTILS_PLL_IsBusy) for UTILS_PLL_IsBusy
    stm32l0xx_ll_utils.o(i.LL_PLL_ConfigSystemClock_HSI) refers to stm32l0xx_ll_utils.o(i.UTILS_GetPLLOutputFrequency) for UTILS_GetPLLOutputFrequency
    stm32l0xx_ll_utils.o(i.LL_PLL_ConfigSystemClock_HSI) refers to stm32l0xx_ll_utils.o(i.UTILS_EnablePLLAndSwitchSystem) for UTILS_EnablePLLAndSwitchSystem
    stm32l0xx_ll_utils.o(i.LL_SetSystemCoreClock) refers to system_stm32l0xx.o(.data) for SystemCoreClock
    stm32l0xx_ll_utils.o(i.UTILS_EnablePLLAndSwitchSystem) refers to stm32l0xx_ll_utils.o(i.UTILS_SetFlashLatency) for UTILS_SetFlashLatency
    stm32l0xx_ll_utils.o(i.UTILS_EnablePLLAndSwitchSystem) refers to stm32l0xx_ll_utils.o(i.LL_SetSystemCoreClock) for LL_SetSystemCoreClock
    stm32l0xx_ll_utils.o(i.UTILS_EnablePLLAndSwitchSystem) refers to system_stm32l0xx.o(.constdata) for AHBPrescTable
    stm32l0xx_ll_utils.o(i.UTILS_EnablePLLAndSwitchSystem) refers to system_stm32l0xx.o(.data) for SystemCoreClock
    stm32l0xx_ll_utils.o(i.UTILS_GetPLLOutputFrequency) refers to uidiv.o(.text) for __aeabi_uidivmod
    stm32l0xx_ll_utils.o(i.UTILS_GetPLLOutputFrequency) refers to system_stm32l0xx.o(.constdata) for PLLMulTable
    stm32l0xx_ll_dma.o(i.LL_DMA_Init) refers to stm32l0xx_ll_dma.o(.constdata) for .constdata
    stm32l0xx_ll_spi.o(i.LL_I2S_DeInit) refers to stm32l0xx_ll_spi.o(i.LL_SPI_DeInit) for LL_SPI_DeInit
    stm32l0xx_ll_spi.o(i.LL_I2S_Init) refers to stm32l0xx_ll_rcc.o(i.LL_RCC_GetSystemClocksFreq) for LL_RCC_GetSystemClocksFreq
    stm32l0xx_ll_spi.o(i.LL_I2S_Init) refers to uidiv.o(.text) for __aeabi_uidivmod
    stm32l0xx_ll_tim.o(i.LL_TIM_IC_Init) refers to stm32l0xx_ll_tim.o(i.IC4Config) for IC4Config
    stm32l0xx_ll_tim.o(i.LL_TIM_IC_Init) refers to stm32l0xx_ll_tim.o(i.IC1Config) for IC1Config
    stm32l0xx_ll_tim.o(i.LL_TIM_IC_Init) refers to stm32l0xx_ll_tim.o(i.IC2Config) for IC2Config
    stm32l0xx_ll_tim.o(i.LL_TIM_IC_Init) refers to stm32l0xx_ll_tim.o(i.IC3Config) for IC3Config
    stm32l0xx_ll_tim.o(i.LL_TIM_OC_Init) refers to stm32l0xx_ll_tim.o(i.OC4Config) for OC4Config
    stm32l0xx_ll_tim.o(i.LL_TIM_OC_Init) refers to stm32l0xx_ll_tim.o(i.OC1Config) for OC1Config
    stm32l0xx_ll_tim.o(i.LL_TIM_OC_Init) refers to stm32l0xx_ll_tim.o(i.OC2Config) for OC2Config
    stm32l0xx_ll_tim.o(i.LL_TIM_OC_Init) refers to stm32l0xx_ll_tim.o(i.OC3Config) for OC3Config
    stm32l0xx_ll_usart.o(i.LL_USART_Init) refers to stm32l0xx_ll_rcc.o(i.LL_RCC_GetUSARTClockFreq) for LL_RCC_GetUSARTClockFreq
    stm32l0xx_ll_usart.o(i.LL_USART_Init) refers to stm32l0xx_ll_rcc.o(i.LL_RCC_GetSystemClocksFreq) for LL_RCC_GetSystemClocksFreq
    stm32l0xx_ll_usart.o(i.LL_USART_Init) refers to uidiv.o(.text) for __aeabi_uidivmod
    stm32l0xx_ll_rcc.o(i.LL_RCC_GetI2CClockFreq) refers to stm32l0xx_ll_rcc.o(i.RCC_GetSystemClockFreq) for RCC_GetSystemClockFreq
    stm32l0xx_ll_rcc.o(i.LL_RCC_GetI2CClockFreq) refers to stm32l0xx_ll_rcc.o(i.RCC_GetHCLKClockFreq) for RCC_GetHCLKClockFreq
    stm32l0xx_ll_rcc.o(i.LL_RCC_GetI2CClockFreq) refers to stm32l0xx_ll_rcc.o(i.RCC_GetPCLK1ClockFreq) for RCC_GetPCLK1ClockFreq
    stm32l0xx_ll_rcc.o(i.LL_RCC_GetLPTIMClockFreq) refers to stm32l0xx_ll_rcc.o(i.RCC_GetSystemClockFreq) for RCC_GetSystemClockFreq
    stm32l0xx_ll_rcc.o(i.LL_RCC_GetLPTIMClockFreq) refers to stm32l0xx_ll_rcc.o(i.RCC_GetHCLKClockFreq) for RCC_GetHCLKClockFreq
    stm32l0xx_ll_rcc.o(i.LL_RCC_GetLPTIMClockFreq) refers to stm32l0xx_ll_rcc.o(i.RCC_GetPCLK1ClockFreq) for RCC_GetPCLK1ClockFreq
    stm32l0xx_ll_rcc.o(i.LL_RCC_GetLPUARTClockFreq) refers to stm32l0xx_ll_rcc.o(i.RCC_GetSystemClockFreq) for RCC_GetSystemClockFreq
    stm32l0xx_ll_rcc.o(i.LL_RCC_GetLPUARTClockFreq) refers to stm32l0xx_ll_rcc.o(i.RCC_GetHCLKClockFreq) for RCC_GetHCLKClockFreq
    stm32l0xx_ll_rcc.o(i.LL_RCC_GetLPUARTClockFreq) refers to stm32l0xx_ll_rcc.o(i.RCC_GetPCLK1ClockFreq) for RCC_GetPCLK1ClockFreq
    stm32l0xx_ll_rcc.o(i.LL_RCC_GetSystemClocksFreq) refers to stm32l0xx_ll_rcc.o(i.RCC_GetSystemClockFreq) for RCC_GetSystemClockFreq
    stm32l0xx_ll_rcc.o(i.LL_RCC_GetSystemClocksFreq) refers to stm32l0xx_ll_rcc.o(i.RCC_GetHCLKClockFreq) for RCC_GetHCLKClockFreq
    stm32l0xx_ll_rcc.o(i.LL_RCC_GetSystemClocksFreq) refers to stm32l0xx_ll_rcc.o(i.RCC_GetPCLK1ClockFreq) for RCC_GetPCLK1ClockFreq
    stm32l0xx_ll_rcc.o(i.LL_RCC_GetSystemClocksFreq) refers to stm32l0xx_ll_rcc.o(i.RCC_GetPCLK2ClockFreq) for RCC_GetPCLK2ClockFreq
    stm32l0xx_ll_rcc.o(i.LL_RCC_GetUSARTClockFreq) refers to stm32l0xx_ll_rcc.o(i.RCC_GetSystemClockFreq) for RCC_GetSystemClockFreq
    stm32l0xx_ll_rcc.o(i.LL_RCC_GetUSARTClockFreq) refers to stm32l0xx_ll_rcc.o(i.RCC_GetHCLKClockFreq) for RCC_GetHCLKClockFreq
    stm32l0xx_ll_rcc.o(i.LL_RCC_GetUSARTClockFreq) refers to stm32l0xx_ll_rcc.o(i.RCC_GetPCLK2ClockFreq) for RCC_GetPCLK2ClockFreq
    stm32l0xx_ll_rcc.o(i.LL_RCC_GetUSARTClockFreq) refers to stm32l0xx_ll_rcc.o(i.RCC_GetPCLK1ClockFreq) for RCC_GetPCLK1ClockFreq
    stm32l0xx_ll_rcc.o(i.RCC_GetHCLKClockFreq) refers to system_stm32l0xx.o(.constdata) for AHBPrescTable
    stm32l0xx_ll_rcc.o(i.RCC_GetPCLK1ClockFreq) refers to system_stm32l0xx.o(.constdata) for APBPrescTable
    stm32l0xx_ll_rcc.o(i.RCC_GetPCLK2ClockFreq) refers to system_stm32l0xx.o(.constdata) for APBPrescTable
    stm32l0xx_ll_rcc.o(i.RCC_GetSystemClockFreq) refers to stm32l0xx_ll_rcc.o(i.RCC_PLL_GetFreqDomain_SYS) for RCC_PLL_GetFreqDomain_SYS
    stm32l0xx_ll_rcc.o(i.RCC_PLL_GetFreqDomain_SYS) refers to uidiv.o(.text) for __aeabi_uidivmod
    stm32l0xx_ll_rcc.o(i.RCC_PLL_GetFreqDomain_SYS) refers to system_stm32l0xx.o(.constdata) for PLLMulTable
    entry.o(.ARM.Collect$$$$00000000) refers (Special) to entry10a.o(.ARM.Collect$$$$0000000D) for __rt_final_cpp
    entry.o(.ARM.Collect$$$$00000000) refers (Special) to entry11a.o(.ARM.Collect$$$$0000000F) for __rt_final_exit
    entry.o(.ARM.Collect$$$$00000000) refers (Special) to entry7b.o(.ARM.Collect$$$$00000008) for _main_clock
    entry.o(.ARM.Collect$$$$00000000) refers (Special) to entry8b.o(.ARM.Collect$$$$0000000A) for _main_cpp_init
    entry.o(.ARM.Collect$$$$00000000) refers (Special) to entry9a.o(.ARM.Collect$$$$0000000B) for _main_init
    entry.o(.ARM.Collect$$$$00000000) refers (Special) to entry5.o(.ARM.Collect$$$$00000004) for _main_scatterload
    entry.o(.ARM.Collect$$$$00000000) refers (Special) to entry2.o(.ARM.Collect$$$$00000001) for _main_stk
    idiv.o(.text) refers to uidiv.o(.text) for __aeabi_uidivmod
    entry2.o(.ARM.Collect$$$$00000001) refers to entry2.o(.ARM.Collect$$$$00002712) for __lit__00000000
    entry2.o(.ARM.Collect$$$$00002712) refers to startup_stm32l071xx.o(STACK) for __initial_sp
    entry2.o(__vectab_stack_and_reset_area) refers to startup_stm32l071xx.o(STACK) for __initial_sp
    entry2.o(__vectab_stack_and_reset_area) refers to entry.o(.ARM.Collect$$$$00000000) for __main
    entry5.o(.ARM.Collect$$$$00000004) refers to init.o(.text) for __scatterload
    entry9a.o(.ARM.Collect$$$$0000000B) refers to main.o(i.main) for main
    entry9b.o(.ARM.Collect$$$$0000000C) refers to main.o(i.main) for main
    init.o(.text) refers to entry5.o(.ARM.Collect$$$$00000004) for __main_after_scatterload


==============================================================================

Removing Unused input sections from the image.

    Removing system_stm32l0xx.o(.rev16_text), (4 bytes).
    Removing system_stm32l0xx.o(.revsh_text), (4 bytes).
    Removing system_stm32l0xx.o(i.SystemCoreClockUpdate), (136 bytes).
    Removing startup_stm32l071xx.o(HEAP), (512 bytes).
    Removing myiwdg.o(.rev16_text), (4 bytes).
    Removing myiwdg.o(.revsh_text), (4 bytes).
    Removing mylluart.o(.rev16_text), (4 bytes).
    Removing mylluart.o(.revsh_text), (4 bytes).
    Removing mylluart.o(i.u1RxInterruptDisable), (16 bytes).
    Removing mylluart.o(i.u2RxInterruptDisable), (16 bytes).
    Removing mylluart.o(i.u4RxInterruptDisable), (16 bytes).
    Removing mylluart.o(i.u5RxInterruptDisable), (16 bytes).
    Removing mylluart.o(i.u5RxInterruptEnable), (16 bytes).
    Removing azd_krd_message.o(.rev16_text), (4 bytes).
    Removing azd_krd_message.o(.revsh_text), (4 bytes).
    Removing azd_krd_message.o(i.continuousDrive), (36 bytes).
    Removing azd_krd_message.o(i.queFreeRequest), (12 bytes).
    Removing azd_krd_message.o(i.queIoStatusRequest), (12 bytes).
    Removing azd_krd_message.o(i.queReadRegister), (50 bytes).
    Removing azd_krd_message.o(i.queWriteRegister), (50 bytes).
    Removing azd_krd_message.o(i.queZhomeRequest), (32 bytes).
    Removing azd_krd_message.o(i.setPosAndReadStatusByDefaultSetting3), (40 bytes).
    Removing azd_krd_message.o(i.setRelativePosAndReadStatus), (36 bytes).
    Removing mysub.o(.rev16_text), (4 bytes).
    Removing mysub.o(.revsh_text), (4 bytes).
    Removing mysub.o(i.pato3On), (20 bytes).
    Removing mysub.o(i.u2TxLedOff), (16 bytes).
    Removing mysub.o(i.u2TxLedOn), (16 bytes).
    Removing mywait16mhz.o(.rev16_text), (4 bytes).
    Removing mywait16mhz.o(.revsh_text), (4 bytes).
    Removing mywait16mhz.o(i.wait100us), (12 bytes).
    Removing mywait16mhz.o(i.wait1s), (44 bytes).
    Removing mywait16mhz.o(i.wait_ms), (20 bytes).
    Removing mycrc16.o(.rev16_text), (4 bytes).
    Removing mycrc16.o(.revsh_text), (4 bytes).
    Removing main.o(.rev16_text), (4 bytes).
    Removing main.o(.revsh_text), (4 bytes).
    Removing main.o(i._Error_Handler), (2 bytes).
    Removing stm32l0xx_it.o(.rev16_text), (4 bytes).
    Removing stm32l0xx_it.o(.revsh_text), (4 bytes).
    Removing kanapilot_bh.o(.rev16_text), (4 bytes).
    Removing kanapilot_bh.o(.revsh_text), (4 bytes).
    Removing kanapilot_bh.o(.data), (1 bytes).
    Removing kanapilot_bh.o(.data), (1 bytes).
    Removing backhoe_drive.o(.rev16_text), (4 bytes).
    Removing backhoe_drive.o(.revsh_text), (4 bytes).
    Removing backhoe_drive.o(i.allFreeOff), (132 bytes).
    Removing backhoe_drive.o(i.allFreeOn), (100 bytes).
    Removing backhoe_drive.o(i.allZhome), (96 bytes).
    Removing backhoe_drive.o(i.invertStickValue), (10 bytes).
    Removing backhoe_drive.o(.data), (4 bytes).
    Removing backhoe_drive.o(.data), (1 bytes).
    Removing backhoe_drive.o(.data), (4 bytes).
    Removing backhoe_drive.o(.data), (4 bytes).
    Removing backhoe_drive.o(.data), (1 bytes).
    Removing backhoe_drive.o(.data), (1 bytes).
    Removing backhoe_drive.o(.data), (4 bytes).
    Removing kanapilot_pccom.o(.rev16_text), (4 bytes).
    Removing kanapilot_pccom.o(.revsh_text), (4 bytes).
    Removing kanapilot_pccom.o(i.acmCommandCheck), (2 bytes).
    Removing kanapilot_pccom.o(.data), (1 bytes).
    Removing kanapilot_pccom.o(.data), (4 bytes).
    Removing kanapilot_pccom.o(.data), (4 bytes).
    Removing kanapilot_pccom.o(.data), (4 bytes).
    Removing kanapilot_pccom.o(.data), (1 bytes).
    Removing kanapilot_pccom.o(.data), (1 bytes).
    Removing kanapilot_pccom.o(.data), (1 bytes).
    Removing kanapilot_senscom.o(.rev16_text), (4 bytes).
    Removing kanapilot_senscom.o(.revsh_text), (4 bytes).
    Removing kanapilot_senscom.o(.data), (1 bytes).
    Removing stm32l0xx_ll_utils.o(.rev16_text), (4 bytes).
    Removing stm32l0xx_ll_utils.o(.revsh_text), (4 bytes).
    Removing stm32l0xx_ll_utils.o(i.LL_PLL_ConfigSystemClock_HSE), (116 bytes).
    Removing stm32l0xx_ll_utils.o(i.LL_PLL_ConfigSystemClock_HSI), (96 bytes).
    Removing stm32l0xx_ll_utils.o(i.LL_mDelay), (40 bytes).
    Removing stm32l0xx_ll_utils.o(i.UTILS_EnablePLLAndSwitchSystem), (156 bytes).
    Removing stm32l0xx_ll_utils.o(i.UTILS_GetPLLOutputFrequency), (28 bytes).
    Removing stm32l0xx_ll_utils.o(i.UTILS_PLL_IsBusy), (24 bytes).
    Removing stm32l0xx_ll_utils.o(i.UTILS_SetFlashLatency), (120 bytes).
    Removing stm32l0xx_ll_exti.o(.rev16_text), (4 bytes).
    Removing stm32l0xx_ll_exti.o(.revsh_text), (4 bytes).
    Removing stm32l0xx_ll_exti.o(i.LL_EXTI_DeInit), (36 bytes).
    Removing stm32l0xx_ll_exti.o(i.LL_EXTI_StructInit), (14 bytes).
    Removing stm32l0xx_ll_gpio.o(.rev16_text), (4 bytes).
    Removing stm32l0xx_ll_gpio.o(.revsh_text), (4 bytes).
    Removing stm32l0xx_ll_gpio.o(i.LL_GPIO_DeInit), (168 bytes).
    Removing stm32l0xx_ll_gpio.o(i.LL_GPIO_StructInit), (24 bytes).
    Removing stm32l0xx_ll_adc.o(.rev16_text), (4 bytes).
    Removing stm32l0xx_ll_adc.o(.revsh_text), (4 bytes).
    Removing stm32l0xx_ll_adc.o(i.LL_ADC_CommonDeInit), (28 bytes).
    Removing stm32l0xx_ll_adc.o(i.LL_ADC_CommonInit), (44 bytes).
    Removing stm32l0xx_ll_adc.o(i.LL_ADC_CommonStructInit), (8 bytes).
    Removing stm32l0xx_ll_adc.o(i.LL_ADC_DeInit), (248 bytes).
    Removing stm32l0xx_ll_adc.o(i.LL_ADC_REG_StructInit), (18 bytes).
    Removing stm32l0xx_ll_adc.o(i.LL_ADC_StructInit), (16 bytes).
    Removing stm32l0xx_ll_dma.o(.rev16_text), (4 bytes).
    Removing stm32l0xx_ll_dma.o(.revsh_text), (4 bytes).
    Removing stm32l0xx_ll_dma.o(i.LL_DMA_DeInit), (304 bytes).
    Removing stm32l0xx_ll_dma.o(i.LL_DMA_Init), (120 bytes).
    Removing stm32l0xx_ll_dma.o(i.LL_DMA_StructInit), (26 bytes).
    Removing stm32l0xx_ll_dma.o(.constdata), (7 bytes).
    Removing stm32l0xx_ll_crc.o(.rev16_text), (4 bytes).
    Removing stm32l0xx_ll_crc.o(.revsh_text), (4 bytes).
    Removing stm32l0xx_ll_crc.o(i.LL_CRC_DeInit), (40 bytes).
    Removing stm32l0xx_ll_i2c.o(.rev16_text), (4 bytes).
    Removing stm32l0xx_ll_i2c.o(.revsh_text), (4 bytes).
    Removing stm32l0xx_ll_i2c.o(i.LL_I2C_DeInit), (96 bytes).
    Removing stm32l0xx_ll_i2c.o(i.LL_I2C_StructInit), (22 bytes).
    Removing stm32l0xx_ll_spi.o(.rev16_text), (4 bytes).
    Removing stm32l0xx_ll_spi.o(.revsh_text), (4 bytes).
    Removing stm32l0xx_ll_spi.o(i.LL_I2S_ConfigPrescaler), (16 bytes).
    Removing stm32l0xx_ll_spi.o(i.LL_I2S_DeInit), (8 bytes).
    Removing stm32l0xx_ll_spi.o(i.LL_I2S_Init), (176 bytes).
    Removing stm32l0xx_ll_spi.o(i.LL_I2S_StructInit), (18 bytes).
    Removing stm32l0xx_ll_spi.o(i.LL_SPI_DeInit), (64 bytes).
    Removing stm32l0xx_ll_spi.o(i.LL_SPI_StructInit), (26 bytes).
    Removing stm32l0xx_ll_pwr.o(.rev16_text), (4 bytes).
    Removing stm32l0xx_ll_pwr.o(.revsh_text), (4 bytes).
    Removing stm32l0xx_ll_pwr.o(i.LL_PWR_DeInit), (28 bytes).
    Removing stm32l0xx_ll_tim.o(.rev16_text), (4 bytes).
    Removing stm32l0xx_ll_tim.o(.revsh_text), (4 bytes).
    Removing stm32l0xx_ll_tim.o(i.IC1Config), (50 bytes).
    Removing stm32l0xx_ll_tim.o(i.IC2Config), (56 bytes).
    Removing stm32l0xx_ll_tim.o(i.IC3Config), (58 bytes).
    Removing stm32l0xx_ll_tim.o(i.IC4Config), (60 bytes).
    Removing stm32l0xx_ll_tim.o(i.LL_TIM_DeInit), (168 bytes).
    Removing stm32l0xx_ll_tim.o(i.LL_TIM_ENCODER_Init), (98 bytes).
    Removing stm32l0xx_ll_tim.o(i.LL_TIM_ENCODER_StructInit), (28 bytes).
    Removing stm32l0xx_ll_tim.o(i.LL_TIM_IC_Init), (68 bytes).
    Removing stm32l0xx_ll_tim.o(i.LL_TIM_IC_StructInit), (16 bytes).
    Removing stm32l0xx_ll_tim.o(i.LL_TIM_OC_Init), (68 bytes).
    Removing stm32l0xx_ll_tim.o(i.LL_TIM_OC_StructInit), (12 bytes).
    Removing stm32l0xx_ll_tim.o(i.LL_TIM_StructInit), (14 bytes).
    Removing stm32l0xx_ll_tim.o(i.OC1Config), (60 bytes).
    Removing stm32l0xx_ll_tim.o(i.OC2Config), (68 bytes).
    Removing stm32l0xx_ll_tim.o(i.OC3Config), (64 bytes).
    Removing stm32l0xx_ll_tim.o(i.OC4Config), (70 bytes).
    Removing stm32l0xx_ll_usart.o(.rev16_text), (4 bytes).
    Removing stm32l0xx_ll_usart.o(.revsh_text), (4 bytes).
    Removing stm32l0xx_ll_usart.o(i.LL_USART_ClockInit), (64 bytes).
    Removing stm32l0xx_ll_usart.o(i.LL_USART_ClockStructInit), (12 bytes).
    Removing stm32l0xx_ll_usart.o(i.LL_USART_DeInit), (124 bytes).
    Removing stm32l0xx_ll_usart.o(i.LL_USART_StructInit), (24 bytes).
    Removing stm32l0xx_ll_rcc.o(.rev16_text), (4 bytes).
    Removing stm32l0xx_ll_rcc.o(.revsh_text), (4 bytes).
    Removing stm32l0xx_ll_rcc.o(i.LL_RCC_DeInit), (132 bytes).
    Removing stm32l0xx_ll_rcc.o(i.LL_RCC_GetI2CClockFreq), (156 bytes).
    Removing stm32l0xx_ll_rcc.o(i.LL_RCC_GetLPTIMClockFreq), (112 bytes).
    Removing stm32l0xx_ll_rcc.o(i.LL_RCC_GetLPUARTClockFreq), (88 bytes).

149 unused section(s) (total 5509 bytes) removed from the image.

==============================================================================

Image Symbol Table

    Local Symbols

    Symbol Name                              Value     Ov Type        Size  Object(Section)

    ../Drivers/STM32L0xx_HAL_Driver/Src/stm32l0xx_ll_adc.c 0x00000000   Number         0  stm32l0xx_ll_adc.o ABSOLUTE
    ../Drivers/STM32L0xx_HAL_Driver/Src/stm32l0xx_ll_crc.c 0x00000000   Number         0  stm32l0xx_ll_crc.o ABSOLUTE
    ../Drivers/STM32L0xx_HAL_Driver/Src/stm32l0xx_ll_dma.c 0x00000000   Number         0  stm32l0xx_ll_dma.o ABSOLUTE
    ../Drivers/STM32L0xx_HAL_Driver/Src/stm32l0xx_ll_exti.c 0x00000000   Number         0  stm32l0xx_ll_exti.o ABSOLUTE
    ../Drivers/STM32L0xx_HAL_Driver/Src/stm32l0xx_ll_gpio.c 0x00000000   Number         0  stm32l0xx_ll_gpio.o ABSOLUTE
    ../Drivers/STM32L0xx_HAL_Driver/Src/stm32l0xx_ll_i2c.c 0x00000000   Number         0  stm32l0xx_ll_i2c.o ABSOLUTE
    ../Drivers/STM32L0xx_HAL_Driver/Src/stm32l0xx_ll_pwr.c 0x00000000   Number         0  stm32l0xx_ll_pwr.o ABSOLUTE
    ../Drivers/STM32L0xx_HAL_Driver/Src/stm32l0xx_ll_rcc.c 0x00000000   Number         0  stm32l0xx_ll_rcc.o ABSOLUTE
    ../Drivers/STM32L0xx_HAL_Driver/Src/stm32l0xx_ll_spi.c 0x00000000   Number         0  stm32l0xx_ll_spi.o ABSOLUTE
    ../Drivers/STM32L0xx_HAL_Driver/Src/stm32l0xx_ll_tim.c 0x00000000   Number         0  stm32l0xx_ll_tim.o ABSOLUTE
    ../Drivers/STM32L0xx_HAL_Driver/Src/stm32l0xx_ll_usart.c 0x00000000   Number         0  stm32l0xx_ll_usart.o ABSOLUTE
    ../Drivers/STM32L0xx_HAL_Driver/Src/stm32l0xx_ll_utils.c 0x00000000   Number         0  stm32l0xx_ll_utils.o ABSOLUTE
    ../Src/main.c                            0x00000000   Number         0  main.o ABSOLUTE
    ../Src/stm32l0xx_it.c                    0x00000000   Number         0  stm32l0xx_it.o ABSOLUTE
    ../Src/system_stm32l0xx.c                0x00000000   Number         0  system_stm32l0xx.o ABSOLUTE
    ../clib/microlib/division.c              0x00000000   Number         0  idiv.o ABSOLUTE
    ../clib/microlib/division.c              0x00000000   Number         0  uidiv.o ABSOLUTE
    ../clib/microlib/init/entry.s            0x00000000   Number         0  entry5.o ABSOLUTE
    ../clib/microlib/init/entry.s            0x00000000   Number         0  entry8a.o ABSOLUTE
    ../clib/microlib/init/entry.s            0x00000000   Number         0  entry.o ABSOLUTE
    ../clib/microlib/init/entry.s            0x00000000   Number         0  entry2.o ABSOLUTE
    ../clib/microlib/init/entry.s            0x00000000   Number         0  entry8b.o ABSOLUTE
    ../clib/microlib/init/entry.s            0x00000000   Number         0  entry7a.o ABSOLUTE
    ../clib/microlib/init/entry.s            0x00000000   Number         0  entry7b.o ABSOLUTE
    ../clib/microlib/init/entry.s            0x00000000   Number         0  entry9a.o ABSOLUTE
    ../clib/microlib/init/entry.s            0x00000000   Number         0  entry9b.o ABSOLUTE
    ../clib/microlib/init/entry.s            0x00000000   Number         0  entry10a.o ABSOLUTE
    ../clib/microlib/init/entry.s            0x00000000   Number         0  entry10b.o ABSOLUTE
    ../clib/microlib/init/entry.s            0x00000000   Number         0  entry11a.o ABSOLUTE
    ../clib/microlib/init/entry.s            0x00000000   Number         0  entry11b.o ABSOLUTE
    ../clib/microlib/string/memcpy.c         0x00000000   Number         0  memcpyb.o ABSOLUTE
    ../clib/microlib/string/memcpy.c         0x00000000   Number         0  memcpya.o ABSOLUTE
    ../clib/microlib/string/memset.c         0x00000000   Number         0  memseta.o ABSOLUTE
    ..\Drivers\STM32L0xx_HAL_Driver\Src\stm32l0xx_ll_adc.c 0x00000000   Number         0  stm32l0xx_ll_adc.o ABSOLUTE
    ..\Drivers\STM32L0xx_HAL_Driver\Src\stm32l0xx_ll_crc.c 0x00000000   Number         0  stm32l0xx_ll_crc.o ABSOLUTE
    ..\Drivers\STM32L0xx_HAL_Driver\Src\stm32l0xx_ll_dma.c 0x00000000   Number         0  stm32l0xx_ll_dma.o ABSOLUTE
    ..\Drivers\STM32L0xx_HAL_Driver\Src\stm32l0xx_ll_exti.c 0x00000000   Number         0  stm32l0xx_ll_exti.o ABSOLUTE
    ..\Drivers\STM32L0xx_HAL_Driver\Src\stm32l0xx_ll_gpio.c 0x00000000   Number         0  stm32l0xx_ll_gpio.o ABSOLUTE
    ..\Drivers\STM32L0xx_HAL_Driver\Src\stm32l0xx_ll_i2c.c 0x00000000   Number         0  stm32l0xx_ll_i2c.o ABSOLUTE
    ..\Drivers\STM32L0xx_HAL_Driver\Src\stm32l0xx_ll_pwr.c 0x00000000   Number         0  stm32l0xx_ll_pwr.o ABSOLUTE
    ..\Drivers\STM32L0xx_HAL_Driver\Src\stm32l0xx_ll_rcc.c 0x00000000   Number         0  stm32l0xx_ll_rcc.o ABSOLUTE
    ..\Drivers\STM32L0xx_HAL_Driver\Src\stm32l0xx_ll_spi.c 0x00000000   Number         0  stm32l0xx_ll_spi.o ABSOLUTE
    ..\Drivers\STM32L0xx_HAL_Driver\Src\stm32l0xx_ll_tim.c 0x00000000   Number         0  stm32l0xx_ll_tim.o ABSOLUTE
    ..\Drivers\STM32L0xx_HAL_Driver\Src\stm32l0xx_ll_usart.c 0x00000000   Number         0  stm32l0xx_ll_usart.o ABSOLUTE
    ..\Drivers\STM32L0xx_HAL_Driver\Src\stm32l0xx_ll_utils.c 0x00000000   Number         0  stm32l0xx_ll_utils.o ABSOLUTE
    ..\Src\main.c                            0x00000000   Number         0  main.o ABSOLUTE
    ..\Src\stm32l0xx_it.c                    0x00000000   Number         0  stm32l0xx_it.o ABSOLUTE
    ..\Src\system_stm32l0xx.c                0x00000000   Number         0  system_stm32l0xx.o ABSOLUTE
    AZD_KRD_Message.c                        0x00000000   Number         0  azd_krd_message.o ABSOLUTE
    AZD_KRD_Message.c                        0x00000000   Number         0  azd_krd_message.o ABSOLUTE
    BackHoe_Drive.c                          0x00000000   Number         0  backhoe_drive.o ABSOLUTE
    BackHoe_Drive.c                          0x00000000   Number         0  backhoe_drive.o ABSOLUTE
    KanaPilot_BH.c                           0x00000000   Number         0  kanapilot_bh.o ABSOLUTE
    KanaPilot_BH.c                           0x00000000   Number         0  kanapilot_bh.o ABSOLUTE
    KanaPilot_PcCom.c                        0x00000000   Number         0  kanapilot_pccom.o ABSOLUTE
    KanaPilot_PcCom.c                        0x00000000   Number         0  kanapilot_pccom.o ABSOLUTE
    KanaPilot_SensCom.c                      0x00000000   Number         0  kanapilot_senscom.o ABSOLUTE
    KanaPilot_SensCom.c                      0x00000000   Number         0  kanapilot_senscom.o ABSOLUTE
    dc.s                                     0x00000000   Number         0  dc.o ABSOLUTE
    handlers.s                               0x00000000   Number         0  handlers.o ABSOLUTE
    init.s                                   0x00000000   Number         0  init.o ABSOLUTE
    myCrc16.c                                0x00000000   Number         0  mycrc16.o ABSOLUTE
    myCrc16.c                                0x00000000   Number         0  mycrc16.o ABSOLUTE
    myIwdg.c                                 0x00000000   Number         0  myiwdg.o ABSOLUTE
    myIwdg.c                                 0x00000000   Number         0  myiwdg.o ABSOLUTE
    mySub.c                                  0x00000000   Number         0  mysub.o ABSOLUTE
    mySub.c                                  0x00000000   Number         0  mysub.o ABSOLUTE
    myWait16MHz.c                            0x00000000   Number         0  mywait16mhz.o ABSOLUTE
    myWait16MHz.c                            0x00000000   Number         0  mywait16mhz.o ABSOLUTE
    myllUart.c                               0x00000000   Number         0  mylluart.o ABSOLUTE
    myllUart.c                               0x00000000   Number         0  mylluart.o ABSOLUTE
    startup_stm32l071xx.s                    0x00000000   Number         0  startup_stm32l071xx.o ABSOLUTE
    RESET                                    0x08000000   Section      192  startup_stm32l071xx.o(RESET)
    .ARM.Collect$$$$00000000                 0x080000c0   Section        0  entry.o(.ARM.Collect$$$$00000000)
    .ARM.Collect$$$$00000001                 0x080000c0   Section        4  entry2.o(.ARM.Collect$$$$00000001)
    .ARM.Collect$$$$00000004                 0x080000c4   Section        4  entry5.o(.ARM.Collect$$$$00000004)
    .ARM.Collect$$$$00000008                 0x080000c8   Section        0  entry7b.o(.ARM.Collect$$$$00000008)
    .ARM.Collect$$$$0000000A                 0x080000c8   Section        0  entry8b.o(.ARM.Collect$$$$0000000A)
    .ARM.Collect$$$$0000000B                 0x080000c8   Section        8  entry9a.o(.ARM.Collect$$$$0000000B)
    .ARM.Collect$$$$0000000D                 0x080000d0   Section        0  entry10a.o(.ARM.Collect$$$$0000000D)
    .ARM.Collect$$$$0000000F                 0x080000d0   Section        0  entry11a.o(.ARM.Collect$$$$0000000F)
    .ARM.Collect$$$$00002712                 0x080000d0   Section        4  entry2.o(.ARM.Collect$$$$00002712)
    __lit__00000000                          0x080000d0   Data           4  entry2.o(.ARM.Collect$$$$00002712)
    .text                                    0x080000d4   Section       28  startup_stm32l071xx.o(.text)
    .text                                    0x080000f0   Section        0  uidiv.o(.text)
    .text                                    0x0800011c   Section        0  idiv.o(.text)
    .text                                    0x08000144   Section        0  memcpya.o(.text)
    .text                                    0x08000168   Section        0  memseta.o(.text)
    .text                                    0x0800018c   Section       36  init.o(.text)
    i.CRC16                                  0x080001b0   Section        0  mycrc16.o(i.CRC16)
    i.HardFault_Handler                      0x080001e0   Section        0  stm32l0xx_it.o(i.HardFault_Handler)
    i.LL_ADC_Init                            0x080001fc   Section        0  stm32l0xx_ll_adc.o(i.LL_ADC_Init)
    i.LL_ADC_REG_Init                        0x0800022c   Section        0  stm32l0xx_ll_adc.o(i.LL_ADC_REG_Init)
    i.LL_APB1_GRP1_EnableClock               0x08000264   Section        0  main.o(i.LL_APB1_GRP1_EnableClock)
    LL_APB1_GRP1_EnableClock                 0x08000265   Thumb Code    18  main.o(i.LL_APB1_GRP1_EnableClock)
    i.LL_APB2_GRP1_EnableClock               0x0800027c   Section        0  main.o(i.LL_APB2_GRP1_EnableClock)
    LL_APB2_GRP1_EnableClock                 0x0800027d   Thumb Code    18  main.o(i.LL_APB2_GRP1_EnableClock)
    i.LL_EXTI_Init                           0x08000294   Section        0  stm32l0xx_ll_exti.o(i.LL_EXTI_Init)
    i.LL_GPIO_Init                           0x0800034c   Section        0  stm32l0xx_ll_gpio.o(i.LL_GPIO_Init)
    i.LL_GPIO_SetPinMode                     0x080003fa   Section        0  main.o(i.LL_GPIO_SetPinMode)
    LL_GPIO_SetPinMode                       0x080003fb   Thumb Code    20  main.o(i.LL_GPIO_SetPinMode)
    i.LL_GPIO_SetPinPull                     0x0800040e   Section        0  main.o(i.LL_GPIO_SetPinPull)
    LL_GPIO_SetPinPull                       0x0800040f   Thumb Code    20  main.o(i.LL_GPIO_SetPinPull)
    i.LL_I2C_Init                            0x08000422   Section        0  stm32l0xx_ll_i2c.o(i.LL_I2C_Init)
    i.LL_IOP_GRP1_EnableClock                0x08000488   Section        0  main.o(i.LL_IOP_GRP1_EnableClock)
    LL_IOP_GRP1_EnableClock                  0x08000489   Thumb Code    18  main.o(i.LL_IOP_GRP1_EnableClock)
    i.LL_Init1msTick                         0x080004a0   Section        0  stm32l0xx_ll_utils.o(i.LL_Init1msTick)
    i.LL_RCC_GetSystemClocksFreq             0x080004c0   Section        0  stm32l0xx_ll_rcc.o(i.LL_RCC_GetSystemClocksFreq)
    i.LL_RCC_GetUSARTClockFreq               0x080004e0   Section        0  stm32l0xx_ll_rcc.o(i.LL_RCC_GetUSARTClockFreq)
    i.LL_RCC_SetUSARTClockSource             0x08000594   Section        0  main.o(i.LL_RCC_SetUSARTClockSource)
    LL_RCC_SetUSARTClockSource               0x08000595   Thumb Code    16  main.o(i.LL_RCC_SetUSARTClockSource)
    i.LL_SPI_Init                            0x080005a8   Section        0  stm32l0xx_ll_spi.o(i.LL_SPI_Init)
    i.LL_SYSCFG_SetEXTISource                0x08000618   Section        0  main.o(i.LL_SYSCFG_SetEXTISource)
    LL_SYSCFG_SetEXTISource                  0x08000619   Thumb Code    28  main.o(i.LL_SYSCFG_SetEXTISource)
    i.LL_SetSystemCoreClock                  0x08000638   Section        0  stm32l0xx_ll_utils.o(i.LL_SetSystemCoreClock)
    i.LL_TIM_Init                            0x08000644   Section        0  stm32l0xx_ll_tim.o(i.LL_TIM_Init)
    i.LL_USART_ConfigAsyncMode               0x080006a8   Section        0  main.o(i.LL_USART_ConfigAsyncMode)
    LL_USART_ConfigAsyncMode                 0x080006a9   Thumb Code    20  main.o(i.LL_USART_ConfigAsyncMode)
    i.LL_USART_Init                          0x080006bc   Section        0  stm32l0xx_ll_usart.o(i.LL_USART_Init)
    i.MX_ADC_Init                            0x08000798   Section        0  main.o(i.MX_ADC_Init)
    MX_ADC_Init                              0x08000799   Thumb Code   306  main.o(i.MX_ADC_Init)
    i.MX_GPIO_Init                           0x080008dc   Section        0  main.o(i.MX_GPIO_Init)
    MX_GPIO_Init                             0x080008dd   Thumb Code   896  main.o(i.MX_GPIO_Init)
    i.MX_I2C1_Init                           0x08000c74   Section        0  main.o(i.MX_I2C1_Init)
    MX_I2C1_Init                             0x08000c75   Thumb Code   130  main.o(i.MX_I2C1_Init)
    i.MX_SPI1_Init                           0x08000d08   Section        0  main.o(i.MX_SPI1_Init)
    MX_SPI1_Init                             0x08000d09   Thumb Code   134  main.o(i.MX_SPI1_Init)
    i.MX_SPI2_Init                           0x08000d98   Section        0  main.o(i.MX_SPI2_Init)
    MX_SPI2_Init                             0x08000d99   Thumb Code   132  main.o(i.MX_SPI2_Init)
    i.MX_TIM2_Init                           0x08000e28   Section        0  main.o(i.MX_TIM2_Init)
    MX_TIM2_Init                             0x08000e29   Thumb Code    70  main.o(i.MX_TIM2_Init)
    i.MX_USART1_UART_Init                    0x08000e74   Section        0  main.o(i.MX_USART1_UART_Init)
    MX_USART1_UART_Init                      0x08000e75   Thumb Code   138  main.o(i.MX_USART1_UART_Init)
    i.MX_USART2_UART_Init                    0x08000f04   Section        0  main.o(i.MX_USART2_UART_Init)
    MX_USART2_UART_Init                      0x08000f05   Thumb Code   130  main.o(i.MX_USART2_UART_Init)
    i.MX_USART4_UART_Init                    0x08000f8c   Section        0  main.o(i.MX_USART4_UART_Init)
    MX_USART4_UART_Init                      0x08000f8d   Thumb Code   134  main.o(i.MX_USART4_UART_Init)
    i.MX_USART5_UART_Init                    0x08001018   Section        0  main.o(i.MX_USART5_UART_Init)
    MX_USART5_UART_Init                      0x08001019   Thumb Code   134  main.o(i.MX_USART5_UART_Init)
    i.NMI_Handler                            0x080010a8   Section        0  stm32l0xx_it.o(i.NMI_Handler)
    i.NVIC_EnableIRQ                         0x080010ac   Section        0  main.o(i.NVIC_EnableIRQ)
    NVIC_EnableIRQ                           0x080010ad   Thumb Code    14  main.o(i.NVIC_EnableIRQ)
    i.NVIC_SetPriority                       0x080010c0   Section        0  main.o(i.NVIC_SetPriority)
    NVIC_SetPriority                         0x080010c1   Thumb Code    60  main.o(i.NVIC_SetPriority)
    i.PendSV_Handler                         0x08001104   Section        0  stm32l0xx_it.o(i.PendSV_Handler)
    i.RCC_GetHCLKClockFreq                   0x08001108   Section        0  stm32l0xx_ll_rcc.o(i.RCC_GetHCLKClockFreq)
    i.RCC_GetPCLK1ClockFreq                  0x08001124   Section        0  stm32l0xx_ll_rcc.o(i.RCC_GetPCLK1ClockFreq)
    i.RCC_GetPCLK2ClockFreq                  0x08001140   Section        0  stm32l0xx_ll_rcc.o(i.RCC_GetPCLK2ClockFreq)
    i.RCC_GetSystemClockFreq                 0x0800115c   Section        0  stm32l0xx_ll_rcc.o(i.RCC_GetSystemClockFreq)
    i.RCC_PLL_GetFreqDomain_SYS              0x080011b0   Section        0  stm32l0xx_ll_rcc.o(i.RCC_PLL_GetFreqDomain_SYS)
    i.SVC_Handler                            0x080011f8   Section        0  stm32l0xx_it.o(i.SVC_Handler)
    i.SysTick_Handler                        0x080011fa   Section        0  stm32l0xx_it.o(i.SysTick_Handler)
    i.SystemClock_Config                     0x080011fc   Section        0  main.o(i.SystemClock_Config)
    i.SystemInit                             0x080012cc   Section        0  system_stm32l0xx.o(i.SystemInit)
    i.T2_Callback                            0x08001320   Section        0  kanapilot_bh.o(i.T2_Callback)
    i.TIM2_IRQHandler                        0x0800132c   Section        0  stm32l0xx_it.o(i.TIM2_IRQHandler)
    i.U1RX_Callback                          0x08001348   Section        0  kanapilot_senscom.o(i.U1RX_Callback)
    i.U2RX_Callback                          0x0800137c   Section        0  kanapilot_pccom.o(i.U2RX_Callback)
    i.U4RX_Callback                          0x080013b0   Section        0  backhoe_drive.o(i.U4RX_Callback)
    i.USART1_IRQHandler                      0x080013d4   Section        0  stm32l0xx_it.o(i.USART1_IRQHandler)
    i.USART2_IRQHandler                      0x080013f4   Section        0  stm32l0xx_it.o(i.USART2_IRQHandler)
    i.USART4_5_IRQHandler                    0x08001414   Section        0  stm32l0xx_it.o(i.USART4_5_IRQHandler)
    i.__ARM_common_switch8                   0x08001434   Section        0  kanapilot_pccom.o(i.__ARM_common_switch8)
    i.__scatterload_copy                     0x0800144e   Section       14  handlers.o(i.__scatterload_copy)
    i.__scatterload_null                     0x0800145c   Section        2  handlers.o(i.__scatterload_null)
    i.__scatterload_zeroinit                 0x0800145e   Section       14  handlers.o(i.__scatterload_zeroinit)
    i.backhoeDirectServoDrive                0x0800146c   Section        0  backhoe_drive.o(i.backhoeDirectServoDrive)
    i.blink                                  0x080015c8   Section        0  mysub.o(i.blink)
    i.checkPcCom                             0x080015e8   Section        0  kanapilot_pccom.o(i.checkPcCom)
    i.checkSensorIncomming                   0x08001704   Section        0  kanapilot_senscom.o(i.checkSensorIncomming)
    i.convToStep                             0x080018c0   Section        0  backhoe_drive.o(i.convToStep)
    i.emgStopPosition                        0x080018ec   Section        0  backhoe_drive.o(i.emgStopPosition)
    i.hornOff                                0x0800196c   Section        0  mysub.o(i.hornOff)
    i.hornOn                                 0x08001980   Section        0  mysub.o(i.hornOn)
    i.initIwdg                               0x08001994   Section        0  myiwdg.o(i.initIwdg)
    i.initKanaPilotBH                        0x080019dc   Section        0  kanapilot_bh.o(i.initKanaPilotBH)
    i.initTimers                             0x08001a08   Section        0  kanapilot_bh.o(i.initTimers)
    i.ledOff                                 0x08001a30   Section        0  mysub.o(i.ledOff)
    i.ledOn                                  0x08001a40   Section        0  mysub.o(i.ledOn)
    i.main                                   0x08001a50   Section        0  main.o(i.main)
    i.mainKanaPilotBH                        0x08001b14   Section        0  kanapilot_bh.o(i.mainKanaPilotBH)
    i.packetWait                             0x08001bfc   Section        0  backhoe_drive.o(i.packetWait)
    i.packetWaitLong                         0x08001c14   Section        0  backhoe_drive.o(i.packetWaitLong)
    i.pato1Off                               0x08001c54   Section        0  mysub.o(i.pato1Off)
    i.pato1On                                0x08001c68   Section        0  mysub.o(i.pato1On)
    i.pato2Off                               0x08001c7c   Section        0  mysub.o(i.pato2Off)
    i.pato2On                                0x08001c90   Section        0  mysub.o(i.pato2On)
    i.pato3Off                               0x08001ca4   Section        0  mysub.o(i.pato3Off)
    i.queAlarmReset                          0x08001cb8   Section        0  azd_krd_message.o(i.queAlarmReset)
    i.queReadWriteRegisterSeq                0x08001cd4   Section        0  azd_krd_message.o(i.queReadWriteRegisterSeq)
    i.queSetposAndReadStatus                 0x08001d40   Section        0  azd_krd_message.o(i.queSetposAndReadStatus)
    i.queWriteRegisterSeq                    0x08001da4   Section        0  azd_krd_message.o(i.queWriteRegisterSeq)
    i.resetWDT                               0x08001e00   Section        0  myiwdg.o(i.resetWDT)
    i.rxBufferPositionReset                  0x08001e10   Section        0  backhoe_drive.o(i.rxBufferPositionReset)
    i.sendQuery                              0x08001e2c   Section        0  azd_krd_message.o(i.sendQuery)
    i.sendSensData                           0x08001e90   Section        0  kanapilot_bh.o(i.sendSensData)
    i.sendUart1Byte                          0x08002054   Section        0  mylluart.o(i.sendUart1Byte)
    i.sendUart1Packet                        0x08002070   Section        0  mylluart.o(i.sendUart1Packet)
    i.sendUart2Byte                          0x08002090   Section        0  mylluart.o(i.sendUart2Byte)
    i.sendUart2Packet                        0x080020ac   Section        0  mylluart.o(i.sendUart2Packet)
    i.sendUart4Byte                          0x080020cc   Section        0  mylluart.o(i.sendUart4Byte)
    i.sendUart4Packet                        0x080020e8   Section        0  mylluart.o(i.sendUart4Packet)
    i.sendUart5Byte                          0x08002108   Section        0  mylluart.o(i.sendUart5Byte)
    i.sendUart5Packet                        0x08002124   Section        0  mylluart.o(i.sendUart5Packet)
    i.sensorRequest                          0x08002144   Section        0  kanapilot_senscom.o(i.sensorRequest)
    i.sensorsRead                            0x080021b0   Section        0  kanapilot_senscom.o(i.sensorsRead)
    i.setContinuousSpeed                     0x08002208   Section        0  azd_krd_message.o(i.setContinuousSpeed)
    i.setDirectDataDrive                     0x08002224   Section        0  azd_krd_message.o(i.setDirectDataDrive)
    i.setPosAndReadStatusByDefaultSetting    0x080022ec   Section        0  azd_krd_message.o(i.setPosAndReadStatusByDefaultSetting)
    i.setPositionByDefaultSetting            0x0800231c   Section        0  azd_krd_message.o(i.setPositionByDefaultSetting)
    i.spanChk                                0x0800234c   Section        0  backhoe_drive.o(i.spanChk)
    i.stopAllControlAndResetStatus           0x08002368   Section        0  backhoe_drive.o(i.stopAllControlAndResetStatus)
    i.u1RxInterruptEnable                    0x08002374   Section        0  mylluart.o(i.u1RxInterruptEnable)
    i.u1RxLedOff                             0x08002384   Section        0  mysub.o(i.u1RxLedOff)
    i.u1RxLedOn                              0x08002394   Section        0  mysub.o(i.u1RxLedOn)
    i.u1TxDisable                            0x080023a4   Section        0  mysub.o(i.u1TxDisable)
    i.u1TxEnable                             0x080023b4   Section        0  mysub.o(i.u1TxEnable)
    i.u1TxLedOff                             0x080023c4   Section        0  mysub.o(i.u1TxLedOff)
    i.u1TxLedOn                              0x080023d4   Section        0  mysub.o(i.u1TxLedOn)
    i.u2RxInterruptEnable                    0x080023e4   Section        0  mylluart.o(i.u2RxInterruptEnable)
    i.u2RxLedOff                             0x080023f4   Section        0  mysub.o(i.u2RxLedOff)
    i.u2RxLedOn                              0x08002404   Section        0  mysub.o(i.u2RxLedOn)
    i.u4RxInterruptEnable                    0x08002414   Section        0  mylluart.o(i.u4RxInterruptEnable)
    i.u4TxDisable                            0x08002424   Section        0  mysub.o(i.u4TxDisable)
    i.u4TxEnable                             0x08002438   Section        0  mysub.o(i.u4TxEnable)
    i.u5TxDisable                            0x0800244c   Section        0  mysub.o(i.u5TxDisable)
    i.u5TxEnable                             0x08002460   Section        0  mysub.o(i.u5TxEnable)
    i.wait100ms                              0x08002474   Section        0  mywait16mhz.o(i.wait100ms)
    i.wait10ms                               0x080024a4   Section        0  mywait16mhz.o(i.wait10ms)
    i.wait10us                               0x080024d0   Section        0  mywait16mhz.o(i.wait10us)
    i.wait1ms                                0x080024da   Section        0  mywait16mhz.o(i.wait1ms)
    .constdata                               0x080024e6   Section       25  system_stm32l0xx.o(.constdata)
    .constdata                               0x080024ff   Section        8  system_stm32l0xx.o(.constdata)
    .constdata                               0x08002508   Section      512  mycrc16.o(.constdata)
    wCRCTable                                0x08002508   Data         512  mycrc16.o(.constdata)
    .data                                    0x20000000   Section        4  system_stm32l0xx.o(.data)
    .data                                    0x20000004   Section       24  kanapilot_bh.o(.data)
    .data                                    0x2000001c   Section       36  backhoe_drive.o(.data)
    statusCheckIdx                           0x2000001c   Data           1  backhoe_drive.o(.data)
    .data                                    0x20000040   Section       20  kanapilot_pccom.o(.data)
    .data                                    0x20000054   Section       64  kanapilot_senscom.o(.data)
    .bss                                     0x20000094   Section      256  kanapilot_bh.o(.bss)
    .bss                                     0x20000194   Section       25  backhoe_drive.o(.bss)
    .bss                                     0x200001ad   Section      600  kanapilot_pccom.o(.bss)
    .bss                                     0x20000405   Section      330  kanapilot_senscom.o(.bss)
    STACK                                    0x20000550   Section     1024  startup_stm32l071xx.o(STACK)

    Global Symbols

    Symbol Name                              Value     Ov Type        Size  Object(Section)

    BuildAttributes$$THM_ISAv3M$S$PE$A:L22$X:L11$S22$IEEE1$IW$USESV6$~STKCKD$USESV7$~SHL$OTIME$EBA8$MICROLIB$REQ8$PRES8$EABIv2 0x00000000   Number         0  anon$$obj.o ABSOLUTE
    __ARM_use_no_argv                        0x00000000   Number         0  main.o ABSOLUTE
    __cpp_initialize__aeabi_                  - Undefined Weak Reference
    __cxa_finalize                            - Undefined Weak Reference
    __decompress                              - Undefined Weak Reference
    _clock_init                               - Undefined Weak Reference
    _microlib_exit                            - Undefined Weak Reference
    __Vectors_Size                           0x000000c0   Number         0  startup_stm32l071xx.o ABSOLUTE
    __Vectors                                0x08000000   Data           4  startup_stm32l071xx.o(RESET)
    __Vectors_End                            0x080000c0   Data           0  startup_stm32l071xx.o(RESET)
    __main                                   0x080000c1   Thumb Code     0  entry.o(.ARM.Collect$$$$00000000)
    _main_stk                                0x080000c1   Thumb Code     0  entry2.o(.ARM.Collect$$$$00000001)
    _main_scatterload                        0x080000c5   Thumb Code     0  entry5.o(.ARM.Collect$$$$00000004)
    __main_after_scatterload                 0x080000c9   Thumb Code     0  entry5.o(.ARM.Collect$$$$00000004)
    _main_clock                              0x080000c9   Thumb Code     0  entry7b.o(.ARM.Collect$$$$00000008)
    _main_cpp_init                           0x080000c9   Thumb Code     0  entry8b.o(.ARM.Collect$$$$0000000A)
    _main_init                               0x080000c9   Thumb Code     0  entry9a.o(.ARM.Collect$$$$0000000B)
    __rt_final_cpp                           0x080000d1   Thumb Code     0  entry10a.o(.ARM.Collect$$$$0000000D)
    __rt_final_exit                          0x080000d1   Thumb Code     0  entry11a.o(.ARM.Collect$$$$0000000F)
    Reset_Handler                            0x080000d5   Thumb Code     8  startup_stm32l071xx.o(.text)
    ADC1_COMP_IRQHandler                     0x080000e7   Thumb Code     0  startup_stm32l071xx.o(.text)
    DMA1_Channel1_IRQHandler                 0x080000e7   Thumb Code     0  startup_stm32l071xx.o(.text)
    DMA1_Channel2_3_IRQHandler               0x080000e7   Thumb Code     0  startup_stm32l071xx.o(.text)
    DMA1_Channel4_5_6_7_IRQHandler           0x080000e7   Thumb Code     0  startup_stm32l071xx.o(.text)
    EXTI0_1_IRQHandler                       0x080000e7   Thumb Code     0  startup_stm32l071xx.o(.text)
    EXTI2_3_IRQHandler                       0x080000e7   Thumb Code     0  startup_stm32l071xx.o(.text)
    EXTI4_15_IRQHandler                      0x080000e7   Thumb Code     0  startup_stm32l071xx.o(.text)
    FLASH_IRQHandler                         0x080000e7   Thumb Code     0  startup_stm32l071xx.o(.text)
    I2C1_IRQHandler                          0x080000e7   Thumb Code     0  startup_stm32l071xx.o(.text)
    I2C2_IRQHandler                          0x080000e7   Thumb Code     0  startup_stm32l071xx.o(.text)
    I2C3_IRQHandler                          0x080000e7   Thumb Code     0  startup_stm32l071xx.o(.text)
    LPTIM1_IRQHandler                        0x080000e7   Thumb Code     0  startup_stm32l071xx.o(.text)
    LPUART1_IRQHandler                       0x080000e7   Thumb Code     0  startup_stm32l071xx.o(.text)
    PVD_IRQHandler                           0x080000e7   Thumb Code     0  startup_stm32l071xx.o(.text)
    RCC_IRQHandler                           0x080000e7   Thumb Code     0  startup_stm32l071xx.o(.text)
    RTC_IRQHandler                           0x080000e7   Thumb Code     0  startup_stm32l071xx.o(.text)
    SPI1_IRQHandler                          0x080000e7   Thumb Code     0  startup_stm32l071xx.o(.text)
    SPI2_IRQHandler                          0x080000e7   Thumb Code     0  startup_stm32l071xx.o(.text)
    TIM21_IRQHandler                         0x080000e7   Thumb Code     0  startup_stm32l071xx.o(.text)
    TIM22_IRQHandler                         0x080000e7   Thumb Code     0  startup_stm32l071xx.o(.text)
    TIM3_IRQHandler                          0x080000e7   Thumb Code     0  startup_stm32l071xx.o(.text)
    TIM6_IRQHandler                          0x080000e7   Thumb Code     0  startup_stm32l071xx.o(.text)
    TIM7_IRQHandler                          0x080000e7   Thumb Code     0  startup_stm32l071xx.o(.text)
    WWDG_IRQHandler                          0x080000e7   Thumb Code     0  startup_stm32l071xx.o(.text)
    __aeabi_uidiv                            0x080000f1   Thumb Code     0  uidiv.o(.text)
    __aeabi_uidivmod                         0x080000f1   Thumb Code    44  uidiv.o(.text)
    __aeabi_idiv                             0x0800011d   Thumb Code     0  idiv.o(.text)
    __aeabi_idivmod                          0x0800011d   Thumb Code    40  idiv.o(.text)
    __aeabi_memcpy                           0x08000145   Thumb Code    36  memcpya.o(.text)
    __aeabi_memcpy4                          0x08000145   Thumb Code     0  memcpya.o(.text)
    __aeabi_memcpy8                          0x08000145   Thumb Code     0  memcpya.o(.text)
    __aeabi_memset                           0x08000169   Thumb Code    14  memseta.o(.text)
    __aeabi_memset4                          0x08000169   Thumb Code     0  memseta.o(.text)
    __aeabi_memset8                          0x08000169   Thumb Code     0  memseta.o(.text)
    __aeabi_memclr                           0x08000177   Thumb Code     4  memseta.o(.text)
    __aeabi_memclr4                          0x08000177   Thumb Code     0  memseta.o(.text)
    __aeabi_memclr8                          0x08000177   Thumb Code     0  memseta.o(.text)
    _memset$wrapper                          0x0800017b   Thumb Code    18  memseta.o(.text)
    __scatterload                            0x0800018d   Thumb Code    28  init.o(.text)
    __scatterload_rt2                        0x0800018d   Thumb Code     0  init.o(.text)
    CRC16                                    0x080001b1   Thumb Code    38  mycrc16.o(i.CRC16)
    HardFault_Handler                        0x080001e1   Thumb Code    18  stm32l0xx_it.o(i.HardFault_Handler)
    LL_ADC_Init                              0x080001fd   Thumb Code    42  stm32l0xx_ll_adc.o(i.LL_ADC_Init)
    LL_ADC_REG_Init                          0x0800022d   Thumb Code    50  stm32l0xx_ll_adc.o(i.LL_ADC_REG_Init)
    LL_EXTI_Init                             0x08000295   Thumb Code   178  stm32l0xx_ll_exti.o(i.LL_EXTI_Init)
    LL_GPIO_Init                             0x0800034d   Thumb Code   174  stm32l0xx_ll_gpio.o(i.LL_GPIO_Init)
    LL_I2C_Init                              0x08000423   Thumb Code   102  stm32l0xx_ll_i2c.o(i.LL_I2C_Init)
    LL_Init1msTick                           0x080004a1   Thumb Code    26  stm32l0xx_ll_utils.o(i.LL_Init1msTick)
    LL_RCC_GetSystemClocksFreq               0x080004c1   Thumb Code    32  stm32l0xx_ll_rcc.o(i.LL_RCC_GetSystemClocksFreq)
    LL_RCC_GetUSARTClockFreq                 0x080004e1   Thumb Code   162  stm32l0xx_ll_rcc.o(i.LL_RCC_GetUSARTClockFreq)
    LL_SPI_Init                              0x080005a9   Thumb Code   106  stm32l0xx_ll_spi.o(i.LL_SPI_Init)
    LL_SetSystemCoreClock                    0x08000639   Thumb Code     6  stm32l0xx_ll_utils.o(i.LL_SetSystemCoreClock)
    LL_TIM_Init                              0x08000645   Thumb Code    88  stm32l0xx_ll_tim.o(i.LL_TIM_Init)
    LL_USART_Init                            0x080006bd   Thumb Code   194  stm32l0xx_ll_usart.o(i.LL_USART_Init)
    NMI_Handler                              0x080010a9   Thumb Code     2  stm32l0xx_it.o(i.NMI_Handler)
    PendSV_Handler                           0x08001105   Thumb Code     2  stm32l0xx_it.o(i.PendSV_Handler)
    RCC_GetHCLKClockFreq                     0x08001109   Thumb Code    18  stm32l0xx_ll_rcc.o(i.RCC_GetHCLKClockFreq)
    RCC_GetPCLK1ClockFreq                    0x08001125   Thumb Code    20  stm32l0xx_ll_rcc.o(i.RCC_GetPCLK1ClockFreq)
    RCC_GetPCLK2ClockFreq                    0x08001141   Thumb Code    20  stm32l0xx_ll_rcc.o(i.RCC_GetPCLK2ClockFreq)
    RCC_GetSystemClockFreq                   0x0800115d   Thumb Code    72  stm32l0xx_ll_rcc.o(i.RCC_GetSystemClockFreq)
    RCC_PLL_GetFreqDomain_SYS                0x080011b1   Thumb Code    58  stm32l0xx_ll_rcc.o(i.RCC_PLL_GetFreqDomain_SYS)
    SVC_Handler                              0x080011f9   Thumb Code     2  stm32l0xx_it.o(i.SVC_Handler)
    SysTick_Handler                          0x080011fb   Thumb Code     2  stm32l0xx_it.o(i.SysTick_Handler)
    SystemClock_Config                       0x080011fd   Thumb Code   186  main.o(i.SystemClock_Config)
    SystemInit                               0x080012cd   Thumb Code    66  system_stm32l0xx.o(i.SystemInit)
    T2_Callback                              0x08001321   Thumb Code     8  kanapilot_bh.o(i.T2_Callback)
    TIM2_IRQHandler                          0x0800132d   Thumb Code    26  stm32l0xx_it.o(i.TIM2_IRQHandler)
    U1RX_Callback                            0x08001349   Thumb Code    40  kanapilot_senscom.o(i.U1RX_Callback)
    U2RX_Callback                            0x0800137d   Thumb Code    40  kanapilot_pccom.o(i.U2RX_Callback)
    U4RX_Callback                            0x080013b1   Thumb Code    24  backhoe_drive.o(i.U4RX_Callback)
    USART1_IRQHandler                        0x080013d5   Thumb Code    26  stm32l0xx_it.o(i.USART1_IRQHandler)
    USART2_IRQHandler                        0x080013f5   Thumb Code    26  stm32l0xx_it.o(i.USART2_IRQHandler)
    USART4_5_IRQHandler                      0x08001415   Thumb Code    26  stm32l0xx_it.o(i.USART4_5_IRQHandler)
    __ARM_common_switch8                     0x08001435   Thumb Code    26  kanapilot_pccom.o(i.__ARM_common_switch8)
    __scatterload_copy                       0x0800144f   Thumb Code    14  handlers.o(i.__scatterload_copy)
    __scatterload_null                       0x0800145d   Thumb Code     2  handlers.o(i.__scatterload_null)
    __scatterload_zeroinit                   0x0800145f   Thumb Code    14  handlers.o(i.__scatterload_zeroinit)
    backhoeDirectServoDrive                  0x0800146d   Thumb Code   306  backhoe_drive.o(i.backhoeDirectServoDrive)
    blink                                    0x080015c9   Thumb Code    32  mysub.o(i.blink)
    checkPcCom                               0x080015e9   Thumb Code   262  kanapilot_pccom.o(i.checkPcCom)
    checkSensorIncomming                     0x08001705   Thumb Code   430  kanapilot_senscom.o(i.checkSensorIncomming)
    convToStep                               0x080018c1   Thumb Code    42  backhoe_drive.o(i.convToStep)
    emgStopPosition                          0x080018ed   Thumb Code   124  backhoe_drive.o(i.emgStopPosition)
    hornOff                                  0x0800196d   Thumb Code    14  mysub.o(i.hornOff)
    hornOn                                   0x08001981   Thumb Code    14  mysub.o(i.hornOn)
    initIwdg                                 0x08001995   Thumb Code    48  myiwdg.o(i.initIwdg)
    initKanaPilotBH                          0x080019dd   Thumb Code    36  kanapilot_bh.o(i.initKanaPilotBH)
    initTimers                               0x08001a09   Thumb Code    34  kanapilot_bh.o(i.initTimers)
    ledOff                                   0x08001a31   Thumb Code    12  mysub.o(i.ledOff)
    ledOn                                    0x08001a41   Thumb Code    12  mysub.o(i.ledOn)
    main                                     0x08001a51   Thumb Code   184  main.o(i.main)
    mainKanaPilotBH                          0x08001b15   Thumb Code   212  kanapilot_bh.o(i.mainKanaPilotBH)
    packetWait                               0x08001bfd   Thumb Code    24  backhoe_drive.o(i.packetWait)
    packetWaitLong                           0x08001c15   Thumb Code    64  backhoe_drive.o(i.packetWaitLong)
    pato1Off                                 0x08001c55   Thumb Code    14  mysub.o(i.pato1Off)
    pato1On                                  0x08001c69   Thumb Code    14  mysub.o(i.pato1On)
    pato2Off                                 0x08001c7d   Thumb Code    14  mysub.o(i.pato2Off)
    pato2On                                  0x08001c91   Thumb Code    14  mysub.o(i.pato2On)
    pato3Off                                 0x08001ca5   Thumb Code    14  mysub.o(i.pato3Off)
    queAlarmReset                            0x08001cb9   Thumb Code    28  azd_krd_message.o(i.queAlarmReset)
    queReadWriteRegisterSeq                  0x08001cd5   Thumb Code   108  azd_krd_message.o(i.queReadWriteRegisterSeq)
    queSetposAndReadStatus                   0x08001d41   Thumb Code   100  azd_krd_message.o(i.queSetposAndReadStatus)
    queWriteRegisterSeq                      0x08001da5   Thumb Code    90  azd_krd_message.o(i.queWriteRegisterSeq)
    resetWDT                                 0x08001e01   Thumb Code     8  myiwdg.o(i.resetWDT)
    rxBufferPositionReset                    0x08001e11   Thumb Code    18  backhoe_drive.o(i.rxBufferPositionReset)
    sendQuery                                0x08001e2d   Thumb Code    98  azd_krd_message.o(i.sendQuery)
    sendSensData                             0x08001e91   Thumb Code   392  kanapilot_bh.o(i.sendSensData)
    sendUart1Byte                            0x08002055   Thumb Code    22  mylluart.o(i.sendUart1Byte)
    sendUart1Packet                          0x08002071   Thumb Code    30  mylluart.o(i.sendUart1Packet)
    sendUart2Byte                            0x08002091   Thumb Code    22  mylluart.o(i.sendUart2Byte)
    sendUart2Packet                          0x080020ad   Thumb Code    30  mylluart.o(i.sendUart2Packet)
    sendUart4Byte                            0x080020cd   Thumb Code    22  mylluart.o(i.sendUart4Byte)
    sendUart4Packet                          0x080020e9   Thumb Code    30  mylluart.o(i.sendUart4Packet)
    sendUart5Byte                            0x08002109   Thumb Code    22  mylluart.o(i.sendUart5Byte)
    sendUart5Packet                          0x08002125   Thumb Code    30  mylluart.o(i.sendUart5Packet)
    sensorRequest                            0x08002145   Thumb Code   104  kanapilot_senscom.o(i.sensorRequest)
    sensorsRead                              0x080021b1   Thumb Code    82  kanapilot_senscom.o(i.sensorsRead)
    setContinuousSpeed                       0x08002209   Thumb Code    28  azd_krd_message.o(i.setContinuousSpeed)
    setDirectDataDrive                       0x08002225   Thumb Code   198  azd_krd_message.o(i.setDirectDataDrive)
    setPosAndReadStatusByDefaultSetting      0x080022ed   Thumb Code    38  azd_krd_message.o(i.setPosAndReadStatusByDefaultSetting)
    setPositionByDefaultSetting              0x0800231d   Thumb Code    38  azd_krd_message.o(i.setPositionByDefaultSetting)
    spanChk                                  0x0800234d   Thumb Code    28  backhoe_drive.o(i.spanChk)
    stopAllControlAndResetStatus             0x08002369   Thumb Code    12  backhoe_drive.o(i.stopAllControlAndResetStatus)
    u1RxInterruptEnable                      0x08002375   Thumb Code    12  mylluart.o(i.u1RxInterruptEnable)
    u1RxLedOff                               0x08002385   Thumb Code    12  mysub.o(i.u1RxLedOff)
    u1RxLedOn                                0x08002395   Thumb Code    12  mysub.o(i.u1RxLedOn)
    u1TxDisable                              0x080023a5   Thumb Code    16  mysub.o(i.u1TxDisable)
    u1TxEnable                               0x080023b5   Thumb Code    16  mysub.o(i.u1TxEnable)
    u1TxLedOff                               0x080023c5   Thumb Code    12  mysub.o(i.u1TxLedOff)
    u1TxLedOn                                0x080023d5   Thumb Code    12  mysub.o(i.u1TxLedOn)
    u2RxInterruptEnable                      0x080023e5   Thumb Code    12  mylluart.o(i.u2RxInterruptEnable)
    u2RxLedOff                               0x080023f5   Thumb Code    12  mysub.o(i.u2RxLedOff)
    u2RxLedOn                                0x08002405   Thumb Code    12  mysub.o(i.u2RxLedOn)
    u4RxInterruptEnable                      0x08002415   Thumb Code    12  mylluart.o(i.u4RxInterruptEnable)
    u4TxDisable                              0x08002425   Thumb Code    14  mysub.o(i.u4TxDisable)
    u4TxEnable                               0x08002439   Thumb Code    14  mysub.o(i.u4TxEnable)
    u5TxDisable                              0x0800244d   Thumb Code    14  mysub.o(i.u5TxDisable)
    u5TxEnable                               0x08002461   Thumb Code    14  mysub.o(i.u5TxEnable)
    wait100ms                                0x08002475   Thumb Code    48  mywait16mhz.o(i.wait100ms)
    wait10ms                                 0x080024a5   Thumb Code    44  mywait16mhz.o(i.wait10ms)
    wait10us                                 0x080024d1   Thumb Code    10  mywait16mhz.o(i.wait10us)
    wait1ms                                  0x080024db   Thumb Code    12  mywait16mhz.o(i.wait1ms)
    AHBPrescTable                            0x080024e6   Data          16  system_stm32l0xx.o(.constdata)
    PLLMulTable                              0x080024f6   Data           9  system_stm32l0xx.o(.constdata)
    APBPrescTable                            0x080024ff   Data           8  system_stm32l0xx.o(.constdata)
    Region$$Table$$Base                      0x08002708   Number         0  anon$$obj.o(Region$$Table)
    Region$$Table$$Limit                     0x08002728   Number         0  anon$$obj.o(Region$$Table)
    SystemCoreClock                          0x20000000   Data           4  system_stm32l0xx.o(.data)
    isEmgStop                                0x20000004   Data           1  kanapilot_bh.o(.data)
    isCom                                    0x20000005   Data           1  kanapilot_bh.o(.data)
    isEmgStopRequested                       0x20000006   Data           1  kanapilot_bh.o(.data)
    RQ                                       0x20000007   Data           1  kanapilot_bh.o(.data)
    packetCount                              0x20000008   Data           1  kanapilot_bh.o(.data)
    hornOnOffCnt                             0x20000009   Data           1  kanapilot_bh.o(.data)
    is100msInterval                          0x2000000a   Data           1  kanapilot_bh.o(.data)
    ledStat                                  0x2000000b   Data           1  kanapilot_bh.o(.data)
    ledBlinkcounter                          0x2000000c   Data           1  kanapilot_bh.o(.data)
    comTimeCnt                               0x20000010   Data           4  kanapilot_bh.o(.data)
    rearRadarDetectCnt                       0x20000014   Data           4  kanapilot_bh.o(.data)
    DIO                                      0x20000018   Data           4  kanapilot_bh.o(.data)
    u4rxPos                                  0x20000020   Data           4  backhoe_drive.o(.data)
    LX                                       0x20000024   Data           4  backhoe_drive.o(.data)
    LY                                       0x20000028   Data           4  backhoe_drive.o(.data)
    RX                                       0x2000002c   Data           4  backhoe_drive.o(.data)
    RY                                       0x20000030   Data           4  backhoe_drive.o(.data)
    RR                                       0x20000034   Data           4  backhoe_drive.o(.data)
    LR                                       0x20000038   Data           4  backhoe_drive.o(.data)
    VL                                       0x2000003c   Data           4  backhoe_drive.o(.data)
    hasNewServoCmd                           0x20000040   Data           1  kanapilot_pccom.o(.data)
    soundHornTimes                           0x20000041   Data           1  kanapilot_pccom.o(.data)
    u2RxCnt                                  0x20000042   Data           1  kanapilot_pccom.o(.data)
    u2RxLen                                  0x20000043   Data           1  kanapilot_pccom.o(.data)
    u2RxSum                                  0x20000044   Data           1  kanapilot_pccom.o(.data)
    acmPacketPos                             0x20000045   Data           1  kanapilot_pccom.o(.data)
    U2Q                                      0x20000048   Data           4  kanapilot_pccom.o(.data)
    u2RxPos                                  0x2000004c   Data           4  kanapilot_pccom.o(.data)
    u2RxPrePos                               0x20000050   Data           4  kanapilot_pccom.o(.data)
    IsRotationInit                           0x20000054   Data           1  kanapilot_senscom.o(.data)
    RotationDirection                        0x20000055   Data           1  kanapilot_senscom.o(.data)
    isRearRadarDetected                      0x20000056   Data           1  kanapilot_senscom.o(.data)
    u1RxSum                                  0x20000057   Data           1  kanapilot_senscom.o(.data)
    u1RxLen                                  0x20000058   Data           1  kanapilot_senscom.o(.data)
    u1RxCnt                                  0x20000059   Data           1  kanapilot_senscom.o(.data)
    sensPos                                  0x2000005a   Data           1  kanapilot_senscom.o(.data)
    sqCnt                                    0x2000005b   Data           1  kanapilot_senscom.o(.data)
    BoomLength                               0x2000005c   Data           2  kanapilot_senscom.o(.data)
    ArmLength                                0x2000005e   Data           2  kanapilot_senscom.o(.data)
    BacketLength                             0x20000060   Data           2  kanapilot_senscom.o(.data)
    u1RxPos                                  0x20000064   Data           4  kanapilot_senscom.o(.data)
    u1RxPrePos                               0x20000068   Data           4  kanapilot_senscom.o(.data)
    U1Q                                      0x2000006c   Data           4  kanapilot_senscom.o(.data)
    sensCnt                                  0x20000070   Data           4  kanapilot_senscom.o(.data)
    Pitch                                    0x20000074   Data           4  kanapilot_senscom.o(.data)
    Roll                                     0x20000078   Data           4  kanapilot_senscom.o(.data)
    SwingRate                                0x2000007c   Data           4  kanapilot_senscom.o(.data)
    BoomAngle                                0x20000080   Data           4  kanapilot_senscom.o(.data)
    ArmAngle                                 0x20000084   Data           4  kanapilot_senscom.o(.data)
    BacketAngle                              0x20000088   Data           4  kanapilot_senscom.o(.data)
    RotationAngle                            0x2000008c   Data           4  kanapilot_senscom.o(.data)
    SensorTemp                               0x20000090   Data           4  kanapilot_senscom.o(.data)
    dt                                       0x20000094   Data         256  kanapilot_bh.o(.bss)
    u4RxBuf                                  0x20000194   Data          16  backhoe_drive.o(.bss)
    svStatus                                 0x200001a4   Data           9  backhoe_drive.o(.bss)
    latestServoCmd                           0x200001ad   Data          50  kanapilot_pccom.o(.bss)
    u2RxBuf                                  0x200001df   Data         500  kanapilot_pccom.o(.bss)
    acmPacketBuf                             0x200003d3   Data          50  kanapilot_pccom.o(.bss)
    u1RxBuf                                  0x20000405   Data         300  kanapilot_senscom.o(.bss)
    sensBuf                                  0x20000531   Data          30  kanapilot_senscom.o(.bss)
    __initial_sp                             0x20000950   Data           0  startup_stm32l071xx.o(STACK)



==============================================================================

Memory Map of the image

  Image Entry point : 0x080000c1

  Load Region LR_IROM1 (Base: 0x08000000, Size: 0x000027bc, Max: 0x00010000, ABSOLUTE)

    Execution Region ER_IROM1 (Exec base: 0x08000000, Load base: 0x08000000, Size: 0x00002728, Max: 0x00010000, ABSOLUTE)

    Exec Addr    Load Addr    Size         Type   Attr      Idx    E Section Name        Object

    0x08000000   0x08000000   0x000000c0   Data   RO           61    RESET               startup_stm32l071xx.o
    0x080000c0   0x080000c0   0x00000000   Code   RO         1761  * .ARM.Collect$$$$00000000  mc_p.l(entry.o)
    0x080000c0   0x080000c0   0x00000004   Code   RO         1774    .ARM.Collect$$$$00000001  mc_p.l(entry2.o)
    0x080000c4   0x080000c4   0x00000004   Code   RO         1777    .ARM.Collect$$$$00000004  mc_p.l(entry5.o)
    0x080000c8   0x080000c8   0x00000000   Code   RO         1779    .ARM.Collect$$$$00000008  mc_p.l(entry7b.o)
    0x080000c8   0x080000c8   0x00000000   Code   RO         1781    .ARM.Collect$$$$0000000A  mc_p.l(entry8b.o)
    0x080000c8   0x080000c8   0x00000008   Code   RO         1782    .ARM.Collect$$$$0000000B  mc_p.l(entry9a.o)
    0x080000d0   0x080000d0   0x00000000   Code   RO         1784    .ARM.Collect$$$$0000000D  mc_p.l(entry10a.o)
    0x080000d0   0x080000d0   0x00000000   Code   RO         1786    .ARM.Collect$$$$0000000F  mc_p.l(entry11a.o)
    0x080000d0   0x080000d0   0x00000004   Code   RO         1775    .ARM.Collect$$$$00002712  mc_p.l(entry2.o)
    0x080000d4   0x080000d4   0x0000001c   Code   RO           62    .text               startup_stm32l071xx.o
    0x080000f0   0x080000f0   0x0000002c   Code   RO         1764    .text               mc_p.l(uidiv.o)
    0x0800011c   0x0800011c   0x00000028   Code   RO         1766    .text               mc_p.l(idiv.o)
    0x08000144   0x08000144   0x00000024   Code   RO         1768    .text               mc_p.l(memcpya.o)
    0x08000168   0x08000168   0x00000024   Code   RO         1770    .text               mc_p.l(memseta.o)
    0x0800018c   0x0800018c   0x00000024   Code   RO         1788    .text               mc_p.l(init.o)
    0x080001b0   0x080001b0   0x00000030   Code   RO          600    i.CRC16             mycrc16.o
    0x080001e0   0x080001e0   0x0000001c   Code   RO          792    i.HardFault_Handler  stm32l0xx_it.o
    0x080001fc   0x080001fc   0x00000030   Code   RO         1278    i.LL_ADC_Init       stm32l0xx_ll_adc.o
    0x0800022c   0x0800022c   0x00000038   Code   RO         1279    i.LL_ADC_REG_Init   stm32l0xx_ll_adc.o
    0x08000264   0x08000264   0x00000018   Code   RO          621    i.LL_APB1_GRP1_EnableClock  main.o
    0x0800027c   0x0800027c   0x00000018   Code   RO          622    i.LL_APB2_GRP1_EnableClock  main.o
    0x08000294   0x08000294   0x000000b8   Code   RO         1202    i.LL_EXTI_Init      stm32l0xx_ll_exti.o
    0x0800034c   0x0800034c   0x000000ae   Code   RO         1237    i.LL_GPIO_Init      stm32l0xx_ll_gpio.o
    0x080003fa   0x080003fa   0x00000014   Code   RO          623    i.LL_GPIO_SetPinMode  main.o
    0x0800040e   0x0800040e   0x00000014   Code   RO          624    i.LL_GPIO_SetPinPull  main.o
    0x08000422   0x08000422   0x00000066   Code   RO         1403    i.LL_I2C_Init       stm32l0xx_ll_i2c.o
    0x08000488   0x08000488   0x00000018   Code   RO          625    i.LL_IOP_GRP1_EnableClock  main.o
    0x080004a0   0x080004a0   0x00000020   Code   RO         1125    i.LL_Init1msTick    stm32l0xx_ll_utils.o
    0x080004c0   0x080004c0   0x00000020   Code   RO         1684    i.LL_RCC_GetSystemClocksFreq  stm32l0xx_ll_rcc.o
    0x080004e0   0x080004e0   0x000000b4   Code   RO         1685    i.LL_RCC_GetUSARTClockFreq  stm32l0xx_ll_rcc.o
    0x08000594   0x08000594   0x00000014   Code   RO          626    i.LL_RCC_SetUSARTClockSource  main.o
    0x080005a8   0x080005a8   0x00000070   Code   RO         1445    i.LL_SPI_Init       stm32l0xx_ll_spi.o
    0x08000618   0x08000618   0x00000020   Code   RO          627    i.LL_SYSCFG_SetEXTISource  main.o
    0x08000638   0x08000638   0x0000000c   Code   RO         1128    i.LL_SetSystemCoreClock  stm32l0xx_ll_utils.o
    0x08000644   0x08000644   0x00000064   Code   RO         1531    i.LL_TIM_Init       stm32l0xx_ll_tim.o
    0x080006a8   0x080006a8   0x00000014   Code   RO          628    i.LL_USART_ConfigAsyncMode  main.o
    0x080006bc   0x080006bc   0x000000dc   Code   RO         1636    i.LL_USART_Init     stm32l0xx_ll_usart.o
    0x08000798   0x08000798   0x00000144   Code   RO          629    i.MX_ADC_Init       main.o
    0x080008dc   0x080008dc   0x00000398   Code   RO          630    i.MX_GPIO_Init      main.o
    0x08000c74   0x08000c74   0x00000094   Code   RO          631    i.MX_I2C1_Init      main.o
    0x08000d08   0x08000d08   0x00000090   Code   RO          632    i.MX_SPI1_Init      main.o
    0x08000d98   0x08000d98   0x00000090   Code   RO          633    i.MX_SPI2_Init      main.o
    0x08000e28   0x08000e28   0x0000004c   Code   RO          634    i.MX_TIM2_Init      main.o
    0x08000e74   0x08000e74   0x00000090   Code   RO          635    i.MX_USART1_UART_Init  main.o
    0x08000f04   0x08000f04   0x00000088   Code   RO          636    i.MX_USART2_UART_Init  main.o
    0x08000f8c   0x08000f8c   0x0000008c   Code   RO          637    i.MX_USART4_UART_Init  main.o
    0x08001018   0x08001018   0x00000090   Code   RO          638    i.MX_USART5_UART_Init  main.o
    0x080010a8   0x080010a8   0x00000002   Code   RO          793    i.NMI_Handler       stm32l0xx_it.o
    0x080010aa   0x080010aa   0x00000002   PAD
    0x080010ac   0x080010ac   0x00000014   Code   RO          639    i.NVIC_EnableIRQ    main.o
    0x080010c0   0x080010c0   0x00000044   Code   RO          640    i.NVIC_SetPriority  main.o
    0x08001104   0x08001104   0x00000002   Code   RO          794    i.PendSV_Handler    stm32l0xx_it.o
    0x08001106   0x08001106   0x00000002   PAD
    0x08001108   0x08001108   0x0000001c   Code   RO         1686    i.RCC_GetHCLKClockFreq  stm32l0xx_ll_rcc.o
    0x08001124   0x08001124   0x0000001c   Code   RO         1687    i.RCC_GetPCLK1ClockFreq  stm32l0xx_ll_rcc.o
    0x08001140   0x08001140   0x0000001c   Code   RO         1688    i.RCC_GetPCLK2ClockFreq  stm32l0xx_ll_rcc.o
    0x0800115c   0x0800115c   0x00000054   Code   RO         1689    i.RCC_GetSystemClockFreq  stm32l0xx_ll_rcc.o
    0x080011b0   0x080011b0   0x00000048   Code   RO         1690    i.RCC_PLL_GetFreqDomain_SYS  stm32l0xx_ll_rcc.o
    0x080011f8   0x080011f8   0x00000002   Code   RO          795    i.SVC_Handler       stm32l0xx_it.o
    0x080011fa   0x080011fa   0x00000002   Code   RO          796    i.SysTick_Handler   stm32l0xx_it.o
    0x080011fc   0x080011fc   0x000000d0   Code   RO          641    i.SystemClock_Config  main.o
    0x080012cc   0x080012cc   0x00000054   Code   RO            4    i.SystemInit        system_stm32l0xx.o
    0x08001320   0x08001320   0x0000000c   Code   RO          872    i.T2_Callback       kanapilot_bh.o
    0x0800132c   0x0800132c   0x0000001a   Code   RO          797    i.TIM2_IRQHandler   stm32l0xx_it.o
    0x08001346   0x08001346   0x00000002   PAD
    0x08001348   0x08001348   0x00000034   Code   RO         1082    i.U1RX_Callback     kanapilot_senscom.o
    0x0800137c   0x0800137c   0x00000034   Code   RO         1036    i.U2RX_Callback     kanapilot_pccom.o
    0x080013b0   0x080013b0   0x00000024   Code   RO          930    i.U4RX_Callback     backhoe_drive.o
    0x080013d4   0x080013d4   0x00000020   Code   RO          798    i.USART1_IRQHandler  stm32l0xx_it.o
    0x080013f4   0x080013f4   0x00000020   Code   RO          799    i.USART2_IRQHandler  stm32l0xx_it.o
    0x08001414   0x08001414   0x00000020   Code   RO          800    i.USART4_5_IRQHandler  stm32l0xx_it.o
    0x08001434   0x08001434   0x0000001a   Code   RO         1074    i.__ARM_common_switch8  kanapilot_pccom.o
    0x0800144e   0x0800144e   0x0000000e   Code   RO         1792    i.__scatterload_copy  mc_p.l(handlers.o)
    0x0800145c   0x0800145c   0x00000002   Code   RO         1793    i.__scatterload_null  mc_p.l(handlers.o)
    0x0800145e   0x0800145e   0x0000000e   Code   RO         1794    i.__scatterload_zeroinit  mc_p.l(handlers.o)
    0x0800146c   0x0800146c   0x0000015c   Code   RO          934    i.backhoeDirectServoDrive  backhoe_drive.o
    0x080015c8   0x080015c8   0x00000020   Code   RO          381    i.blink             mysub.o
    0x080015e8   0x080015e8   0x0000011c   Code   RO         1038    i.checkPcCom        kanapilot_pccom.o
    0x08001704   0x08001704   0x000001bc   Code   RO         1083    i.checkSensorIncomming  kanapilot_senscom.o
    0x080018c0   0x080018c0   0x0000002a   Code   RO          935    i.convToStep        backhoe_drive.o
    0x080018ea   0x080018ea   0x00000002   PAD
    0x080018ec   0x080018ec   0x00000080   Code   RO          936    i.emgStopPosition   backhoe_drive.o
    0x0800196c   0x0800196c   0x00000014   Code   RO          382    i.hornOff           mysub.o
    0x08001980   0x08001980   0x00000014   Code   RO          383    i.hornOn            mysub.o
    0x08001994   0x08001994   0x00000048   Code   RO           68    i.initIwdg          myiwdg.o
    0x080019dc   0x080019dc   0x0000002c   Code   RO          873    i.initKanaPilotBH   kanapilot_bh.o
    0x08001a08   0x08001a08   0x00000028   Code   RO          874    i.initTimers        kanapilot_bh.o
    0x08001a30   0x08001a30   0x00000010   Code   RO          384    i.ledOff            mysub.o
    0x08001a40   0x08001a40   0x00000010   Code   RO          385    i.ledOn             mysub.o
    0x08001a50   0x08001a50   0x000000c4   Code   RO          643    i.main              main.o
    0x08001b14   0x08001b14   0x000000e8   Code   RO          875    i.mainKanaPilotBH   kanapilot_bh.o
    0x08001bfc   0x08001bfc   0x00000018   Code   RO          938    i.packetWait        backhoe_drive.o
    0x08001c14   0x08001c14   0x00000040   Code   RO          939    i.packetWaitLong    backhoe_drive.o
    0x08001c54   0x08001c54   0x00000014   Code   RO          386    i.pato1Off          mysub.o
    0x08001c68   0x08001c68   0x00000014   Code   RO          387    i.pato1On           mysub.o
    0x08001c7c   0x08001c7c   0x00000014   Code   RO          388    i.pato2Off          mysub.o
    0x08001c90   0x08001c90   0x00000014   Code   RO          389    i.pato2On           mysub.o
    0x08001ca4   0x08001ca4   0x00000014   Code   RO          390    i.pato3Off          mysub.o
    0x08001cb8   0x08001cb8   0x0000001c   Code   RO          266    i.queAlarmReset     azd_krd_message.o
    0x08001cd4   0x08001cd4   0x0000006c   Code   RO          270    i.queReadWriteRegisterSeq  azd_krd_message.o
    0x08001d40   0x08001d40   0x00000064   Code   RO          271    i.queSetposAndReadStatus  azd_krd_message.o
    0x08001da4   0x08001da4   0x0000005a   Code   RO          273    i.queWriteRegisterSeq  azd_krd_message.o
    0x08001dfe   0x08001dfe   0x00000002   PAD
    0x08001e00   0x08001e00   0x00000010   Code   RO           69    i.resetWDT          myiwdg.o
    0x08001e10   0x08001e10   0x0000001c   Code   RO          940    i.rxBufferPositionReset  backhoe_drive.o
    0x08001e2c   0x08001e2c   0x00000062   Code   RO          275    i.sendQuery         azd_krd_message.o
    0x08001e8e   0x08001e8e   0x00000002   PAD
    0x08001e90   0x08001e90   0x000001c4   Code   RO          876    i.sendSensData      kanapilot_bh.o
    0x08002054   0x08002054   0x0000001c   Code   RO          152    i.sendUart1Byte     mylluart.o
    0x08002070   0x08002070   0x0000001e   Code   RO          153    i.sendUart1Packet   mylluart.o
    0x0800208e   0x0800208e   0x00000002   PAD
    0x08002090   0x08002090   0x0000001c   Code   RO          154    i.sendUart2Byte     mylluart.o
    0x080020ac   0x080020ac   0x0000001e   Code   RO          155    i.sendUart2Packet   mylluart.o
    0x080020ca   0x080020ca   0x00000002   PAD
    0x080020cc   0x080020cc   0x0000001c   Code   RO          156    i.sendUart4Byte     mylluart.o
    0x080020e8   0x080020e8   0x0000001e   Code   RO          157    i.sendUart4Packet   mylluart.o
    0x08002106   0x08002106   0x00000002   PAD
    0x08002108   0x08002108   0x0000001c   Code   RO          158    i.sendUart5Byte     mylluart.o
    0x08002124   0x08002124   0x0000001e   Code   RO          159    i.sendUart5Packet   mylluart.o
    0x08002142   0x08002142   0x00000002   PAD
    0x08002144   0x08002144   0x0000006c   Code   RO         1084    i.sensorRequest     kanapilot_senscom.o
    0x080021b0   0x080021b0   0x00000058   Code   RO         1085    i.sensorsRead       kanapilot_senscom.o
    0x08002208   0x08002208   0x0000001c   Code   RO          276    i.setContinuousSpeed  azd_krd_message.o
    0x08002224   0x08002224   0x000000c6   Code   RO          277    i.setDirectDataDrive  azd_krd_message.o
    0x080022ea   0x080022ea   0x00000002   PAD
    0x080022ec   0x080022ec   0x00000030   Code   RO          278    i.setPosAndReadStatusByDefaultSetting  azd_krd_message.o
    0x0800231c   0x0800231c   0x00000030   Code   RO          280    i.setPositionByDefaultSetting  azd_krd_message.o
    0x0800234c   0x0800234c   0x0000001c   Code   RO          941    i.spanChk           backhoe_drive.o
    0x08002368   0x08002368   0x0000000c   Code   RO          942    i.stopAllControlAndResetStatus  backhoe_drive.o
    0x08002374   0x08002374   0x00000010   Code   RO          161    i.u1RxInterruptEnable  mylluart.o
    0x08002384   0x08002384   0x00000010   Code   RO          392    i.u1RxLedOff        mysub.o
    0x08002394   0x08002394   0x00000010   Code   RO          393    i.u1RxLedOn         mysub.o
    0x080023a4   0x080023a4   0x00000010   Code   RO          394    i.u1TxDisable       mysub.o
    0x080023b4   0x080023b4   0x00000010   Code   RO          395    i.u1TxEnable        mysub.o
    0x080023c4   0x080023c4   0x00000010   Code   RO          396    i.u1TxLedOff        mysub.o
    0x080023d4   0x080023d4   0x00000010   Code   RO          397    i.u1TxLedOn         mysub.o
    0x080023e4   0x080023e4   0x00000010   Code   RO          163    i.u2RxInterruptEnable  mylluart.o
    0x080023f4   0x080023f4   0x00000010   Code   RO          398    i.u2RxLedOff        mysub.o
    0x08002404   0x08002404   0x00000010   Code   RO          399    i.u2RxLedOn         mysub.o
    0x08002414   0x08002414   0x00000010   Code   RO          165    i.u4RxInterruptEnable  mylluart.o
    0x08002424   0x08002424   0x00000014   Code   RO          402    i.u4TxDisable       mysub.o
    0x08002438   0x08002438   0x00000014   Code   RO          403    i.u4TxEnable        mysub.o
    0x0800244c   0x0800244c   0x00000014   Code   RO          404    i.u5TxDisable       mysub.o
    0x08002460   0x08002460   0x00000014   Code   RO          405    i.u5TxEnable        mysub.o
    0x08002474   0x08002474   0x00000030   Code   RO          544    i.wait100ms         mywait16mhz.o
    0x080024a4   0x080024a4   0x0000002c   Code   RO          546    i.wait10ms          mywait16mhz.o
    0x080024d0   0x080024d0   0x0000000a   Code   RO          547    i.wait10us          mywait16mhz.o
    0x080024da   0x080024da   0x0000000c   Code   RO          548    i.wait1ms           mywait16mhz.o
    0x080024e6   0x080024e6   0x00000019   Data   RO            5    .constdata          system_stm32l0xx.o
    0x080024ff   0x080024ff   0x00000008   Data   RO            6    .constdata          system_stm32l0xx.o
    0x08002507   0x08002507   0x00000001   PAD
    0x08002508   0x08002508   0x00000200   Data   RO          601    .constdata          mycrc16.o
    0x08002708   0x08002708   0x00000020   Data   RO         1790    Region$$Table       anon$$obj.o


    Execution Region RW_IRAM1 (Exec base: 0x20000000, Load base: 0x08002728, Size: 0x00000950, Max: 0x00005000, ABSOLUTE)

    Exec Addr    Load Addr    Size         Type   Attr      Idx    E Section Name        Object

    0x20000000   0x08002728   0x00000004   Data   RW            7    .data               system_stm32l0xx.o
    0x20000004   0x0800272c   0x00000018   Data   RW          878    .data               kanapilot_bh.o
    0x2000001c   0x08002744   0x00000024   Data   RW          944    .data               backhoe_drive.o
    0x20000040   0x08002768   0x00000014   Data   RW         1040    .data               kanapilot_pccom.o
    0x20000054   0x0800277c   0x00000040   Data   RW         1087    .data               kanapilot_senscom.o
    0x20000094        -       0x00000100   Zero   RW          877    .bss                kanapilot_bh.o
    0x20000194        -       0x00000019   Zero   RW          943    .bss                backhoe_drive.o
    0x200001ad        -       0x00000258   Zero   RW         1039    .bss                kanapilot_pccom.o
    0x20000405        -       0x0000014a   Zero   RW         1086    .bss                kanapilot_senscom.o
    0x2000054f   0x080027bc   0x00000001   PAD
    0x20000550        -       0x00000400   Zero   RW           59    STACK               startup_stm32l071xx.o


==============================================================================

Image component sizes


      Code (inc. data)   RO Data    RW Data    ZI Data      Debug   Object Name

       746         20          0          0          0       6967   azd_krd_message.o
       710         68          0         36         25      24991   backhoe_drive.o
       780         98          0         24        256       4698   kanapilot_bh.o
       362         42          0         20        600       2866   kanapilot_pccom.o
       692         56          0         64        330       4780   kanapilot_senscom.o
      2996        190          0          0          0     154749   main.o
        48         10        512          0          0        972   mycrc16.o
        88         32          0          0          0      17782   myiwdg.o
       280         36          0          0          0      38448   mylluart.o
       412         98          0          0          0       9167   mysub.o
       114          0          0          0          0       2128   mywait16mhz.o
        28          8        192          0       1024        620   startup_stm32l071xx.o
       158         28          0          0          0      54711   stm32l0xx_it.o
       104         12          0          0          0      31992   stm32l0xx_ll_adc.o
       184          6          0          0          0       5563   stm32l0xx_ll_exti.o
       174          0          0          0          0       7171   stm32l0xx_ll_gpio.o
       102          0          0          0          0      15222   stm32l0xx_ll_i2c.o
       452         70          0          0          0      20440   stm32l0xx_ll_rcc.o
       112          6          0          0          0      15098   stm32l0xx_ll_spi.o
       100         12          0          0          0      27982   stm32l0xx_ll_tim.o
       220         26          0          0          0      21508   stm32l0xx_ll_usart.o
        44         12          0          0          0       2297   stm32l0xx_ll_utils.o
        84         18         33          4          0     218247   system_stm32l0xx.o

    ----------------------------------------------------------------------
      9012        848        770        148       2236     688399   Object Totals
         0          0         32          0          0          0   (incl. Generated)
        22          0          1          0          1          0   (incl. Padding)

    ----------------------------------------------------------------------

      Code (inc. data)   RO Data    RW Data    ZI Data      Debug   Library Member Name

         0          0          0          0          0          0   entry.o
         0          0          0          0          0          0   entry10a.o
         0          0          0          0          0          0   entry11a.o
         8          4          0          0          0          0   entry2.o
         4          0          0          0          0          0   entry5.o
         0          0          0          0          0          0   entry7b.o
         0          0          0          0          0          0   entry8b.o
         8          4          0          0          0          0   entry9a.o
        30          0          0          0          0          0   handlers.o
        40          0          0          0          0         72   idiv.o
        36          8          0          0          0         68   init.o
        36          0          0          0          0         60   memcpya.o
        36          0          0          0          0        100   memseta.o
        44          0          0          0          0         72   uidiv.o

    ----------------------------------------------------------------------
       242         16          0          0          0        372   Library Totals
         0          0          0          0          0          0   (incl. Padding)

    ----------------------------------------------------------------------

      Code (inc. data)   RO Data    RW Data    ZI Data      Debug   Library Name

       242         16          0          0          0        372   mc_p.l

    ----------------------------------------------------------------------
       242         16          0          0          0        372   Library Totals

    ----------------------------------------------------------------------

==============================================================================


      Code (inc. data)   RO Data    RW Data    ZI Data      Debug   

      9254        864        770        148       2236     683907   Grand Totals
      9254        864        770        148       2236     683907   ELF Image Totals
      9254        864        770        148          0          0   ROM Totals

==============================================================================

    Total RO  Size (Code + RO Data)                10024 (   9.79kB)
    Total RW  Size (RW Data + ZI Data)              2384 (   2.33kB)
    Total ROM Size (Code + RO Data + RW Data)      10172 (   9.93kB)

==============================================================================

