<!doctype html public "-//w3c//dtd html 4.0 transitional//en">
<html><head>
<title>Static Call Graph - [DOKATOUCH_a\DOKATOUCH_a.axf]</title></head>
<body><HR>
<H1>Static Call Graph for image DOKATOUCH_a\DOKATOUCH_a.axf</H1><HR>
<BR><P>#&#060CALLGRAPH&#062# ARM Linker, 5060750: Last Updated: Wed Apr 15 08:55:56 2026
<BR><P>
<H3>Maximum Stack Usage =        380 bytes + Unknown(Cycles, Untraceable Function Pointers)</H3><H3>
Call chain for Maximum Stack Depth:</H3>
main &rArr; mainKanaPilotBH &rArr; checkPcCom &rArr; backhoeDirectServoDrive &rArr; setPosAndReadStatusByDefaultSetting &rArr; queSetposAndReadStatus &rArr; queReadWriteRegisterSeq &rArr; sendQuery &rArr; sendUart5Packet
<P>
<H3>
Mutually Recursive functions
</H3> <LI><a href="#[11]">ADC1_COMP_IRQHandler</a>&nbsp;&nbsp;&nbsp;&rArr;&nbsp;&nbsp;&nbsp;<a href="#[11]">ADC1_COMP_IRQHandler</a><BR>
</UL>
<P>
<H3>
Function Pointers
</H3><UL>
 <LI><a href="#[11]">ADC1_COMP_IRQHandler</a> from startup_stm32l071xx.o(.text) referenced from startup_stm32l071xx.o(RESET)
 <LI><a href="#[e]">DMA1_Channel1_IRQHandler</a> from startup_stm32l071xx.o(.text) referenced from startup_stm32l071xx.o(RESET)
 <LI><a href="#[f]">DMA1_Channel2_3_IRQHandler</a> from startup_stm32l071xx.o(.text) referenced from startup_stm32l071xx.o(RESET)
 <LI><a href="#[10]">DMA1_Channel4_5_6_7_IRQHandler</a> from startup_stm32l071xx.o(.text) referenced from startup_stm32l071xx.o(RESET)
 <LI><a href="#[b]">EXTI0_1_IRQHandler</a> from startup_stm32l071xx.o(.text) referenced from startup_stm32l071xx.o(RESET)
 <LI><a href="#[c]">EXTI2_3_IRQHandler</a> from startup_stm32l071xx.o(.text) referenced from startup_stm32l071xx.o(RESET)
 <LI><a href="#[d]">EXTI4_15_IRQHandler</a> from startup_stm32l071xx.o(.text) referenced from startup_stm32l071xx.o(RESET)
 <LI><a href="#[9]">FLASH_IRQHandler</a> from startup_stm32l071xx.o(.text) referenced from startup_stm32l071xx.o(RESET)
 <LI><a href="#[2]">HardFault_Handler</a> from stm32l0xx_it.o(i.HardFault_Handler) referenced from startup_stm32l071xx.o(RESET)
 <LI><a href="#[1b]">I2C1_IRQHandler</a> from startup_stm32l071xx.o(.text) referenced from startup_stm32l071xx.o(RESET)
 <LI><a href="#[1c]">I2C2_IRQHandler</a> from startup_stm32l071xx.o(.text) referenced from startup_stm32l071xx.o(RESET)
 <LI><a href="#[19]">I2C3_IRQHandler</a> from startup_stm32l071xx.o(.text) referenced from startup_stm32l071xx.o(RESET)
 <LI><a href="#[12]">LPTIM1_IRQHandler</a> from startup_stm32l071xx.o(.text) referenced from startup_stm32l071xx.o(RESET)
 <LI><a href="#[21]">LPUART1_IRQHandler</a> from startup_stm32l071xx.o(.text) referenced from startup_stm32l071xx.o(RESET)
 <LI><a href="#[1]">NMI_Handler</a> from stm32l0xx_it.o(i.NMI_Handler) referenced from startup_stm32l071xx.o(RESET)
 <LI><a href="#[7]">PVD_IRQHandler</a> from startup_stm32l071xx.o(.text) referenced from startup_stm32l071xx.o(RESET)
 <LI><a href="#[4]">PendSV_Handler</a> from stm32l0xx_it.o(i.PendSV_Handler) referenced from startup_stm32l071xx.o(RESET)
 <LI><a href="#[a]">RCC_IRQHandler</a> from startup_stm32l071xx.o(.text) referenced from startup_stm32l071xx.o(RESET)
 <LI><a href="#[8]">RTC_IRQHandler</a> from startup_stm32l071xx.o(.text) referenced from startup_stm32l071xx.o(RESET)
 <LI><a href="#[0]">Reset_Handler</a> from startup_stm32l071xx.o(.text) referenced from startup_stm32l071xx.o(RESET)
 <LI><a href="#[1d]">SPI1_IRQHandler</a> from startup_stm32l071xx.o(.text) referenced from startup_stm32l071xx.o(RESET)
 <LI><a href="#[1e]">SPI2_IRQHandler</a> from startup_stm32l071xx.o(.text) referenced from startup_stm32l071xx.o(RESET)
 <LI><a href="#[3]">SVC_Handler</a> from stm32l0xx_it.o(i.SVC_Handler) referenced from startup_stm32l071xx.o(RESET)
 <LI><a href="#[5]">SysTick_Handler</a> from stm32l0xx_it.o(i.SysTick_Handler) referenced from startup_stm32l071xx.o(RESET)
 <LI><a href="#[23]">SystemInit</a> from system_stm32l0xx.o(i.SystemInit) referenced from startup_stm32l071xx.o(.text)
 <LI><a href="#[18]">TIM21_IRQHandler</a> from startup_stm32l071xx.o(.text) referenced from startup_stm32l071xx.o(RESET)
 <LI><a href="#[1a]">TIM22_IRQHandler</a> from startup_stm32l071xx.o(.text) referenced from startup_stm32l071xx.o(RESET)
 <LI><a href="#[14]">TIM2_IRQHandler</a> from stm32l0xx_it.o(i.TIM2_IRQHandler) referenced from startup_stm32l071xx.o(RESET)
 <LI><a href="#[15]">TIM3_IRQHandler</a> from startup_stm32l071xx.o(.text) referenced from startup_stm32l071xx.o(RESET)
 <LI><a href="#[16]">TIM6_IRQHandler</a> from startup_stm32l071xx.o(.text) referenced from startup_stm32l071xx.o(RESET)
 <LI><a href="#[17]">TIM7_IRQHandler</a> from startup_stm32l071xx.o(.text) referenced from startup_stm32l071xx.o(RESET)
 <LI><a href="#[1f]">USART1_IRQHandler</a> from stm32l0xx_it.o(i.USART1_IRQHandler) referenced from startup_stm32l071xx.o(RESET)
 <LI><a href="#[20]">USART2_IRQHandler</a> from stm32l0xx_it.o(i.USART2_IRQHandler) referenced from startup_stm32l071xx.o(RESET)
 <LI><a href="#[13]">USART4_5_IRQHandler</a> from stm32l0xx_it.o(i.USART4_5_IRQHandler) referenced from startup_stm32l071xx.o(RESET)
 <LI><a href="#[6]">WWDG_IRQHandler</a> from startup_stm32l071xx.o(.text) referenced from startup_stm32l071xx.o(RESET)
 <LI><a href="#[24]">__main</a> from entry.o(.ARM.Collect$$$$00000000) referenced from startup_stm32l071xx.o(.text)
 <LI><a href="#[22]">main</a> from main.o(i.main) referenced from entry9a.o(.ARM.Collect$$$$0000000B)
</UL>
<P>
<H3>
Global Symbols
</H3>
<P><STRONG><a name="[24]"></a>__main</STRONG> (Thumb, 0 bytes, Stack size unknown bytes, entry.o(.ARM.Collect$$$$00000000))
<BR>[Address Reference Count : 1]<UL><LI> startup_stm32l071xx.o(.text)
</UL>
<P><STRONG><a name="[99]"></a>_main_stk</STRONG> (Thumb, 0 bytes, Stack size unknown bytes, entry2.o(.ARM.Collect$$$$00000001))

<P><STRONG><a name="[25]"></a>_main_scatterload</STRONG> (Thumb, 0 bytes, Stack size unknown bytes, entry5.o(.ARM.Collect$$$$00000004))
<BR><BR>[Calls]<UL><LI><a href="#[26]">&gt;&gt;</a>&nbsp;&nbsp;&nbsp;__scatterload
</UL>

<P><STRONG><a name="[2c]"></a>__main_after_scatterload</STRONG> (Thumb, 0 bytes, Stack size unknown bytes, entry5.o(.ARM.Collect$$$$00000004))
<BR><BR>[Called By]<UL><LI><a href="#[26]">&gt;&gt;</a>&nbsp;&nbsp;&nbsp;__scatterload
</UL>

<P><STRONG><a name="[9a]"></a>_main_clock</STRONG> (Thumb, 0 bytes, Stack size unknown bytes, entry7b.o(.ARM.Collect$$$$00000008))

<P><STRONG><a name="[9b]"></a>_main_cpp_init</STRONG> (Thumb, 0 bytes, Stack size unknown bytes, entry8b.o(.ARM.Collect$$$$0000000A))

<P><STRONG><a name="[9c]"></a>_main_init</STRONG> (Thumb, 0 bytes, Stack size unknown bytes, entry9a.o(.ARM.Collect$$$$0000000B))

<P><STRONG><a name="[9d]"></a>__rt_final_cpp</STRONG> (Thumb, 0 bytes, Stack size unknown bytes, entry10a.o(.ARM.Collect$$$$0000000D))

<P><STRONG><a name="[9e]"></a>__rt_final_exit</STRONG> (Thumb, 0 bytes, Stack size unknown bytes, entry11a.o(.ARM.Collect$$$$0000000F))

<P><STRONG><a name="[0]"></a>Reset_Handler</STRONG> (Thumb, 8 bytes, Stack size 0 bytes, startup_stm32l071xx.o(.text))
<BR>[Address Reference Count : 1]<UL><LI> startup_stm32l071xx.o(RESET)
</UL>
<P><STRONG><a name="[11]"></a>ADC1_COMP_IRQHandler</STRONG> (Thumb, 0 bytes, Stack size 0 bytes, startup_stm32l071xx.o(.text))
<BR><BR>[Calls]<UL><LI><a href="#[11]">&gt;&gt;</a>&nbsp;&nbsp;&nbsp;ADC1_COMP_IRQHandler
</UL>
<BR>[Called By]<UL><LI><a href="#[11]">&gt;&gt;</a>&nbsp;&nbsp;&nbsp;ADC1_COMP_IRQHandler
</UL>
<BR>[Address Reference Count : 1]<UL><LI> startup_stm32l071xx.o(RESET)
</UL>
<P><STRONG><a name="[e]"></a>DMA1_Channel1_IRQHandler</STRONG> (Thumb, 0 bytes, Stack size 0 bytes, startup_stm32l071xx.o(.text))
<BR>[Address Reference Count : 1]<UL><LI> startup_stm32l071xx.o(RESET)
</UL>
<P><STRONG><a name="[f]"></a>DMA1_Channel2_3_IRQHandler</STRONG> (Thumb, 0 bytes, Stack size 0 bytes, startup_stm32l071xx.o(.text))
<BR>[Address Reference Count : 1]<UL><LI> startup_stm32l071xx.o(RESET)
</UL>
<P><STRONG><a name="[10]"></a>DMA1_Channel4_5_6_7_IRQHandler</STRONG> (Thumb, 0 bytes, Stack size 0 bytes, startup_stm32l071xx.o(.text))
<BR>[Address Reference Count : 1]<UL><LI> startup_stm32l071xx.o(RESET)
</UL>
<P><STRONG><a name="[b]"></a>EXTI0_1_IRQHandler</STRONG> (Thumb, 0 bytes, Stack size 0 bytes, startup_stm32l071xx.o(.text))
<BR>[Address Reference Count : 1]<UL><LI> startup_stm32l071xx.o(RESET)
</UL>
<P><STRONG><a name="[c]"></a>EXTI2_3_IRQHandler</STRONG> (Thumb, 0 bytes, Stack size 0 bytes, startup_stm32l071xx.o(.text))
<BR>[Address Reference Count : 1]<UL><LI> startup_stm32l071xx.o(RESET)
</UL>
<P><STRONG><a name="[d]"></a>EXTI4_15_IRQHandler</STRONG> (Thumb, 0 bytes, Stack size 0 bytes, startup_stm32l071xx.o(.text))
<BR>[Address Reference Count : 1]<UL><LI> startup_stm32l071xx.o(RESET)
</UL>
<P><STRONG><a name="[9]"></a>FLASH_IRQHandler</STRONG> (Thumb, 0 bytes, Stack size 0 bytes, startup_stm32l071xx.o(.text))
<BR>[Address Reference Count : 1]<UL><LI> startup_stm32l071xx.o(RESET)
</UL>
<P><STRONG><a name="[1b]"></a>I2C1_IRQHandler</STRONG> (Thumb, 0 bytes, Stack size 0 bytes, startup_stm32l071xx.o(.text))
<BR>[Address Reference Count : 1]<UL><LI> startup_stm32l071xx.o(RESET)
</UL>
<P><STRONG><a name="[1c]"></a>I2C2_IRQHandler</STRONG> (Thumb, 0 bytes, Stack size 0 bytes, startup_stm32l071xx.o(.text))
<BR>[Address Reference Count : 1]<UL><LI> startup_stm32l071xx.o(RESET)
</UL>
<P><STRONG><a name="[19]"></a>I2C3_IRQHandler</STRONG> (Thumb, 0 bytes, Stack size 0 bytes, startup_stm32l071xx.o(.text))
<BR>[Address Reference Count : 1]<UL><LI> startup_stm32l071xx.o(RESET)
</UL>
<P><STRONG><a name="[12]"></a>LPTIM1_IRQHandler</STRONG> (Thumb, 0 bytes, Stack size 0 bytes, startup_stm32l071xx.o(.text))
<BR>[Address Reference Count : 1]<UL><LI> startup_stm32l071xx.o(RESET)
</UL>
<P><STRONG><a name="[21]"></a>LPUART1_IRQHandler</STRONG> (Thumb, 0 bytes, Stack size 0 bytes, startup_stm32l071xx.o(.text))
<BR>[Address Reference Count : 1]<UL><LI> startup_stm32l071xx.o(RESET)
</UL>
<P><STRONG><a name="[7]"></a>PVD_IRQHandler</STRONG> (Thumb, 0 bytes, Stack size 0 bytes, startup_stm32l071xx.o(.text))
<BR>[Address Reference Count : 1]<UL><LI> startup_stm32l071xx.o(RESET)
</UL>
<P><STRONG><a name="[a]"></a>RCC_IRQHandler</STRONG> (Thumb, 0 bytes, Stack size 0 bytes, startup_stm32l071xx.o(.text))
<BR>[Address Reference Count : 1]<UL><LI> startup_stm32l071xx.o(RESET)
</UL>
<P><STRONG><a name="[8]"></a>RTC_IRQHandler</STRONG> (Thumb, 0 bytes, Stack size 0 bytes, startup_stm32l071xx.o(.text))
<BR>[Address Reference Count : 1]<UL><LI> startup_stm32l071xx.o(RESET)
</UL>
<P><STRONG><a name="[1d]"></a>SPI1_IRQHandler</STRONG> (Thumb, 0 bytes, Stack size 0 bytes, startup_stm32l071xx.o(.text))
<BR>[Address Reference Count : 1]<UL><LI> startup_stm32l071xx.o(RESET)
</UL>
<P><STRONG><a name="[1e]"></a>SPI2_IRQHandler</STRONG> (Thumb, 0 bytes, Stack size 0 bytes, startup_stm32l071xx.o(.text))
<BR>[Address Reference Count : 1]<UL><LI> startup_stm32l071xx.o(RESET)
</UL>
<P><STRONG><a name="[18]"></a>TIM21_IRQHandler</STRONG> (Thumb, 0 bytes, Stack size 0 bytes, startup_stm32l071xx.o(.text))
<BR>[Address Reference Count : 1]<UL><LI> startup_stm32l071xx.o(RESET)
</UL>
<P><STRONG><a name="[1a]"></a>TIM22_IRQHandler</STRONG> (Thumb, 0 bytes, Stack size 0 bytes, startup_stm32l071xx.o(.text))
<BR>[Address Reference Count : 1]<UL><LI> startup_stm32l071xx.o(RESET)
</UL>
<P><STRONG><a name="[15]"></a>TIM3_IRQHandler</STRONG> (Thumb, 0 bytes, Stack size 0 bytes, startup_stm32l071xx.o(.text))
<BR>[Address Reference Count : 1]<UL><LI> startup_stm32l071xx.o(RESET)
</UL>
<P><STRONG><a name="[16]"></a>TIM6_IRQHandler</STRONG> (Thumb, 0 bytes, Stack size 0 bytes, startup_stm32l071xx.o(.text))
<BR>[Address Reference Count : 1]<UL><LI> startup_stm32l071xx.o(RESET)
</UL>
<P><STRONG><a name="[17]"></a>TIM7_IRQHandler</STRONG> (Thumb, 0 bytes, Stack size 0 bytes, startup_stm32l071xx.o(.text))
<BR>[Address Reference Count : 1]<UL><LI> startup_stm32l071xx.o(RESET)
</UL>
<P><STRONG><a name="[6]"></a>WWDG_IRQHandler</STRONG> (Thumb, 0 bytes, Stack size 0 bytes, startup_stm32l071xx.o(.text))
<BR>[Address Reference Count : 1]<UL><LI> startup_stm32l071xx.o(RESET)
</UL>
<P><STRONG><a name="[9f]"></a>__aeabi_uidiv</STRONG> (Thumb, 0 bytes, Stack size 12 bytes, uidiv.o(.text), UNUSED)

<P><STRONG><a name="[28]"></a>__aeabi_uidivmod</STRONG> (Thumb, 44 bytes, Stack size 12 bytes, uidiv.o(.text))
<BR><BR>[Stack]<UL><LI>Max Depth = 12<LI>Call Chain = __aeabi_uidivmod
</UL>
<BR>[Called By]<UL><LI><a href="#[34]">&gt;&gt;</a>&nbsp;&nbsp;&nbsp;LL_USART_Init
<LI><a href="#[2d]">&gt;&gt;</a>&nbsp;&nbsp;&nbsp;LL_Init1msTick
<LI><a href="#[27]">&gt;&gt;</a>&nbsp;&nbsp;&nbsp;__aeabi_idivmod
<LI><a href="#[4f]">&gt;&gt;</a>&nbsp;&nbsp;&nbsp;RCC_PLL_GetFreqDomain_SYS
</UL>

<P><STRONG><a name="[a0]"></a>__aeabi_idiv</STRONG> (Thumb, 0 bytes, Stack size 16 bytes, idiv.o(.text), UNUSED)

<P><STRONG><a name="[27]"></a>__aeabi_idivmod</STRONG> (Thumb, 40 bytes, Stack size 16 bytes, idiv.o(.text))
<BR><BR>[Stack]<UL><LI>Max Depth = 28<LI>Call Chain = __aeabi_idivmod &rArr; __aeabi_uidivmod
</UL>
<BR>[Calls]<UL><LI><a href="#[28]">&gt;&gt;</a>&nbsp;&nbsp;&nbsp;__aeabi_uidivmod
</UL>
<BR>[Called By]<UL><LI><a href="#[5d]">&gt;&gt;</a>&nbsp;&nbsp;&nbsp;convToStep
</UL>

<P><STRONG><a name="[2a]"></a>__aeabi_memset</STRONG> (Thumb, 14 bytes, Stack size 0 bytes, memseta.o(.text))
<BR><BR>[Called By]<UL><LI><a href="#[2b]">&gt;&gt;</a>&nbsp;&nbsp;&nbsp;_memset$wrapper
<LI><a href="#[29]">&gt;&gt;</a>&nbsp;&nbsp;&nbsp;__aeabi_memclr
</UL>

<P><STRONG><a name="[a1]"></a>__aeabi_memset4</STRONG> (Thumb, 0 bytes, Stack size 0 bytes, memseta.o(.text), UNUSED)

<P><STRONG><a name="[a2]"></a>__aeabi_memset8</STRONG> (Thumb, 0 bytes, Stack size 0 bytes, memseta.o(.text), UNUSED)

<P><STRONG><a name="[29]"></a>__aeabi_memclr</STRONG> (Thumb, 4 bytes, Stack size 0 bytes, memseta.o(.text))
<BR><BR>[Calls]<UL><LI><a href="#[2a]">&gt;&gt;</a>&nbsp;&nbsp;&nbsp;__aeabi_memset
</UL>
<BR>[Called By]<UL><LI><a href="#[5e]">&gt;&gt;</a>&nbsp;&nbsp;&nbsp;rxBufferPositionReset
</UL>

<P><STRONG><a name="[a3]"></a>__aeabi_memclr4</STRONG> (Thumb, 0 bytes, Stack size 0 bytes, memseta.o(.text), UNUSED)

<P><STRONG><a name="[a4]"></a>__aeabi_memclr8</STRONG> (Thumb, 0 bytes, Stack size 0 bytes, memseta.o(.text), UNUSED)

<P><STRONG><a name="[2b]"></a>_memset$wrapper</STRONG> (Thumb, 18 bytes, Stack size 8 bytes, memseta.o(.text), UNUSED)
<BR><BR>[Calls]<UL><LI><a href="#[2a]">&gt;&gt;</a>&nbsp;&nbsp;&nbsp;__aeabi_memset
</UL>

<P><STRONG><a name="[26]"></a>__scatterload</STRONG> (Thumb, 28 bytes, Stack size 0 bytes, init.o(.text))
<BR><BR>[Calls]<UL><LI><a href="#[2c]">&gt;&gt;</a>&nbsp;&nbsp;&nbsp;__main_after_scatterload
</UL>
<BR>[Called By]<UL><LI><a href="#[25]">&gt;&gt;</a>&nbsp;&nbsp;&nbsp;_main_scatterload
</UL>

<P><STRONG><a name="[a5]"></a>__scatterload_rt2</STRONG> (Thumb, 0 bytes, Stack size 0 bytes, init.o(.text), UNUSED)

<P><STRONG><a name="[83]"></a>CRC16</STRONG> (Thumb, 38 bytes, Stack size 12 bytes, mycrc16.o(i.CRC16))
<BR><BR>[Stack]<UL><LI>Max Depth = 12<LI>Call Chain = CRC16
</UL>
<BR>[Called By]<UL><LI><a href="#[98]">&gt;&gt;</a>&nbsp;&nbsp;&nbsp;setDirectDataDrive
<LI><a href="#[81]">&gt;&gt;</a>&nbsp;&nbsp;&nbsp;queWriteRegisterSeq
<LI><a href="#[82]">&gt;&gt;</a>&nbsp;&nbsp;&nbsp;queReadWriteRegisterSeq
</UL>

<P><STRONG><a name="[2]"></a>HardFault_Handler</STRONG> (Thumb, 18 bytes, Stack size 0 bytes, stm32l0xx_it.o(i.HardFault_Handler))
<BR>[Address Reference Count : 1]<UL><LI> startup_stm32l071xx.o(RESET)
</UL>
<P><STRONG><a name="[38]"></a>LL_ADC_Init</STRONG> (Thumb, 42 bytes, Stack size 8 bytes, stm32l0xx_ll_adc.o(i.LL_ADC_Init))
<BR><BR>[Stack]<UL><LI>Max Depth = 8<LI>Call Chain = LL_ADC_Init
</UL>
<BR>[Called By]<UL><LI><a href="#[35]">&gt;&gt;</a>&nbsp;&nbsp;&nbsp;MX_ADC_Init
</UL>

<P><STRONG><a name="[39]"></a>LL_ADC_REG_Init</STRONG> (Thumb, 50 bytes, Stack size 8 bytes, stm32l0xx_ll_adc.o(i.LL_ADC_REG_Init))
<BR><BR>[Stack]<UL><LI>Max Depth = 8<LI>Call Chain = LL_ADC_REG_Init
</UL>
<BR>[Called By]<UL><LI><a href="#[35]">&gt;&gt;</a>&nbsp;&nbsp;&nbsp;MX_ADC_Init
</UL>

<P><STRONG><a name="[3f]"></a>LL_EXTI_Init</STRONG> (Thumb, 178 bytes, Stack size 4 bytes, stm32l0xx_ll_exti.o(i.LL_EXTI_Init))
<BR><BR>[Stack]<UL><LI>Max Depth = 4<LI>Call Chain = LL_EXTI_Init
</UL>
<BR>[Called By]<UL><LI><a href="#[3a]">&gt;&gt;</a>&nbsp;&nbsp;&nbsp;MX_GPIO_Init
</UL>

<P><STRONG><a name="[37]"></a>LL_GPIO_Init</STRONG> (Thumb, 174 bytes, Stack size 16 bytes, stm32l0xx_ll_gpio.o(i.LL_GPIO_Init))
<BR><BR>[Stack]<UL><LI>Max Depth = 16<LI>Call Chain = LL_GPIO_Init
</UL>
<BR>[Called By]<UL><LI><a href="#[4e]">&gt;&gt;</a>&nbsp;&nbsp;&nbsp;MX_USART5_UART_Init
<LI><a href="#[4d]">&gt;&gt;</a>&nbsp;&nbsp;&nbsp;MX_USART4_UART_Init
<LI><a href="#[4c]">&gt;&gt;</a>&nbsp;&nbsp;&nbsp;MX_USART2_UART_Init
<LI><a href="#[4a]">&gt;&gt;</a>&nbsp;&nbsp;&nbsp;MX_USART1_UART_Init
<LI><a href="#[45]">&gt;&gt;</a>&nbsp;&nbsp;&nbsp;MX_SPI2_Init
<LI><a href="#[43]">&gt;&gt;</a>&nbsp;&nbsp;&nbsp;MX_SPI1_Init
<LI><a href="#[40]">&gt;&gt;</a>&nbsp;&nbsp;&nbsp;MX_I2C1_Init
<LI><a href="#[3a]">&gt;&gt;</a>&nbsp;&nbsp;&nbsp;MX_GPIO_Init
<LI><a href="#[35]">&gt;&gt;</a>&nbsp;&nbsp;&nbsp;MX_ADC_Init
</UL>

<P><STRONG><a name="[42]"></a>LL_I2C_Init</STRONG> (Thumb, 102 bytes, Stack size 8 bytes, stm32l0xx_ll_i2c.o(i.LL_I2C_Init))
<BR><BR>[Stack]<UL><LI>Max Depth = 8<LI>Call Chain = LL_I2C_Init
</UL>
<BR>[Called By]<UL><LI><a href="#[40]">&gt;&gt;</a>&nbsp;&nbsp;&nbsp;MX_I2C1_Init
</UL>

<P><STRONG><a name="[2d]"></a>LL_Init1msTick</STRONG> (Thumb, 26 bytes, Stack size 8 bytes, stm32l0xx_ll_utils.o(i.LL_Init1msTick))
<BR><BR>[Stack]<UL><LI>Max Depth = 20<LI>Call Chain = LL_Init1msTick &rArr; __aeabi_uidivmod
</UL>
<BR>[Calls]<UL><LI><a href="#[28]">&gt;&gt;</a>&nbsp;&nbsp;&nbsp;__aeabi_uidivmod
</UL>
<BR>[Called By]<UL><LI><a href="#[50]">&gt;&gt;</a>&nbsp;&nbsp;&nbsp;SystemClock_Config
</UL>

<P><STRONG><a name="[2e]"></a>LL_RCC_GetSystemClocksFreq</STRONG> (Thumb, 32 bytes, Stack size 8 bytes, stm32l0xx_ll_rcc.o(i.LL_RCC_GetSystemClocksFreq))
<BR><BR>[Stack]<UL><LI>Max Depth = 36<LI>Call Chain = LL_RCC_GetSystemClocksFreq &rArr; RCC_GetSystemClockFreq &rArr; RCC_PLL_GetFreqDomain_SYS &rArr; __aeabi_uidivmod
</UL>
<BR>[Calls]<UL><LI><a href="#[2f]">&gt;&gt;</a>&nbsp;&nbsp;&nbsp;RCC_GetSystemClockFreq
<LI><a href="#[32]">&gt;&gt;</a>&nbsp;&nbsp;&nbsp;RCC_GetPCLK2ClockFreq
<LI><a href="#[31]">&gt;&gt;</a>&nbsp;&nbsp;&nbsp;RCC_GetPCLK1ClockFreq
<LI><a href="#[30]">&gt;&gt;</a>&nbsp;&nbsp;&nbsp;RCC_GetHCLKClockFreq
</UL>
<BR>[Called By]<UL><LI><a href="#[34]">&gt;&gt;</a>&nbsp;&nbsp;&nbsp;LL_USART_Init
</UL>

<P><STRONG><a name="[33]"></a>LL_RCC_GetUSARTClockFreq</STRONG> (Thumb, 162 bytes, Stack size 24 bytes, stm32l0xx_ll_rcc.o(i.LL_RCC_GetUSARTClockFreq))
<BR><BR>[Stack]<UL><LI>Max Depth = 52<LI>Call Chain = LL_RCC_GetUSARTClockFreq &rArr; RCC_GetSystemClockFreq &rArr; RCC_PLL_GetFreqDomain_SYS &rArr; __aeabi_uidivmod
</UL>
<BR>[Calls]<UL><LI><a href="#[2f]">&gt;&gt;</a>&nbsp;&nbsp;&nbsp;RCC_GetSystemClockFreq
<LI><a href="#[32]">&gt;&gt;</a>&nbsp;&nbsp;&nbsp;RCC_GetPCLK2ClockFreq
<LI><a href="#[31]">&gt;&gt;</a>&nbsp;&nbsp;&nbsp;RCC_GetPCLK1ClockFreq
<LI><a href="#[30]">&gt;&gt;</a>&nbsp;&nbsp;&nbsp;RCC_GetHCLKClockFreq
</UL>
<BR>[Called By]<UL><LI><a href="#[34]">&gt;&gt;</a>&nbsp;&nbsp;&nbsp;LL_USART_Init
</UL>

<P><STRONG><a name="[44]"></a>LL_SPI_Init</STRONG> (Thumb, 106 bytes, Stack size 4 bytes, stm32l0xx_ll_spi.o(i.LL_SPI_Init))
<BR><BR>[Stack]<UL><LI>Max Depth = 4<LI>Call Chain = LL_SPI_Init
</UL>
<BR>[Called By]<UL><LI><a href="#[45]">&gt;&gt;</a>&nbsp;&nbsp;&nbsp;MX_SPI2_Init
<LI><a href="#[43]">&gt;&gt;</a>&nbsp;&nbsp;&nbsp;MX_SPI1_Init
</UL>

<P><STRONG><a name="[51]"></a>LL_SetSystemCoreClock</STRONG> (Thumb, 6 bytes, Stack size 0 bytes, stm32l0xx_ll_utils.o(i.LL_SetSystemCoreClock))
<BR><BR>[Called By]<UL><LI><a href="#[50]">&gt;&gt;</a>&nbsp;&nbsp;&nbsp;SystemClock_Config
</UL>

<P><STRONG><a name="[49]"></a>LL_TIM_Init</STRONG> (Thumb, 88 bytes, Stack size 16 bytes, stm32l0xx_ll_tim.o(i.LL_TIM_Init))
<BR><BR>[Stack]<UL><LI>Max Depth = 16<LI>Call Chain = LL_TIM_Init
</UL>
<BR>[Called By]<UL><LI><a href="#[46]">&gt;&gt;</a>&nbsp;&nbsp;&nbsp;MX_TIM2_Init
</UL>

<P><STRONG><a name="[34]"></a>LL_USART_Init</STRONG> (Thumb, 194 bytes, Stack size 32 bytes, stm32l0xx_ll_usart.o(i.LL_USART_Init))
<BR><BR>[Stack]<UL><LI>Max Depth = 84<LI>Call Chain = LL_USART_Init &rArr; LL_RCC_GetUSARTClockFreq &rArr; RCC_GetSystemClockFreq &rArr; RCC_PLL_GetFreqDomain_SYS &rArr; __aeabi_uidivmod
</UL>
<BR>[Calls]<UL><LI><a href="#[2e]">&gt;&gt;</a>&nbsp;&nbsp;&nbsp;LL_RCC_GetSystemClocksFreq
<LI><a href="#[28]">&gt;&gt;</a>&nbsp;&nbsp;&nbsp;__aeabi_uidivmod
<LI><a href="#[33]">&gt;&gt;</a>&nbsp;&nbsp;&nbsp;LL_RCC_GetUSARTClockFreq
</UL>
<BR>[Called By]<UL><LI><a href="#[4e]">&gt;&gt;</a>&nbsp;&nbsp;&nbsp;MX_USART5_UART_Init
<LI><a href="#[4d]">&gt;&gt;</a>&nbsp;&nbsp;&nbsp;MX_USART4_UART_Init
<LI><a href="#[4c]">&gt;&gt;</a>&nbsp;&nbsp;&nbsp;MX_USART2_UART_Init
<LI><a href="#[4a]">&gt;&gt;</a>&nbsp;&nbsp;&nbsp;MX_USART1_UART_Init
</UL>

<P><STRONG><a name="[1]"></a>NMI_Handler</STRONG> (Thumb, 2 bytes, Stack size 0 bytes, stm32l0xx_it.o(i.NMI_Handler))
<BR>[Address Reference Count : 1]<UL><LI> startup_stm32l071xx.o(RESET)
</UL>
<P><STRONG><a name="[4]"></a>PendSV_Handler</STRONG> (Thumb, 2 bytes, Stack size 0 bytes, stm32l0xx_it.o(i.PendSV_Handler))
<BR>[Address Reference Count : 1]<UL><LI> startup_stm32l071xx.o(RESET)
</UL>
<P><STRONG><a name="[30]"></a>RCC_GetHCLKClockFreq</STRONG> (Thumb, 18 bytes, Stack size 0 bytes, stm32l0xx_ll_rcc.o(i.RCC_GetHCLKClockFreq))
<BR><BR>[Called By]<UL><LI><a href="#[2e]">&gt;&gt;</a>&nbsp;&nbsp;&nbsp;LL_RCC_GetSystemClocksFreq
<LI><a href="#[33]">&gt;&gt;</a>&nbsp;&nbsp;&nbsp;LL_RCC_GetUSARTClockFreq
</UL>

<P><STRONG><a name="[31]"></a>RCC_GetPCLK1ClockFreq</STRONG> (Thumb, 20 bytes, Stack size 0 bytes, stm32l0xx_ll_rcc.o(i.RCC_GetPCLK1ClockFreq))
<BR><BR>[Called By]<UL><LI><a href="#[2e]">&gt;&gt;</a>&nbsp;&nbsp;&nbsp;LL_RCC_GetSystemClocksFreq
<LI><a href="#[33]">&gt;&gt;</a>&nbsp;&nbsp;&nbsp;LL_RCC_GetUSARTClockFreq
</UL>

<P><STRONG><a name="[32]"></a>RCC_GetPCLK2ClockFreq</STRONG> (Thumb, 20 bytes, Stack size 0 bytes, stm32l0xx_ll_rcc.o(i.RCC_GetPCLK2ClockFreq))
<BR><BR>[Called By]<UL><LI><a href="#[2e]">&gt;&gt;</a>&nbsp;&nbsp;&nbsp;LL_RCC_GetSystemClocksFreq
<LI><a href="#[33]">&gt;&gt;</a>&nbsp;&nbsp;&nbsp;LL_RCC_GetUSARTClockFreq
</UL>

<P><STRONG><a name="[2f]"></a>RCC_GetSystemClockFreq</STRONG> (Thumb, 72 bytes, Stack size 8 bytes, stm32l0xx_ll_rcc.o(i.RCC_GetSystemClockFreq))
<BR><BR>[Stack]<UL><LI>Max Depth = 28<LI>Call Chain = RCC_GetSystemClockFreq &rArr; RCC_PLL_GetFreqDomain_SYS &rArr; __aeabi_uidivmod
</UL>
<BR>[Calls]<UL><LI><a href="#[4f]">&gt;&gt;</a>&nbsp;&nbsp;&nbsp;RCC_PLL_GetFreqDomain_SYS
</UL>
<BR>[Called By]<UL><LI><a href="#[2e]">&gt;&gt;</a>&nbsp;&nbsp;&nbsp;LL_RCC_GetSystemClocksFreq
<LI><a href="#[33]">&gt;&gt;</a>&nbsp;&nbsp;&nbsp;LL_RCC_GetUSARTClockFreq
</UL>

<P><STRONG><a name="[4f]"></a>RCC_PLL_GetFreqDomain_SYS</STRONG> (Thumb, 58 bytes, Stack size 8 bytes, stm32l0xx_ll_rcc.o(i.RCC_PLL_GetFreqDomain_SYS))
<BR><BR>[Stack]<UL><LI>Max Depth = 20<LI>Call Chain = RCC_PLL_GetFreqDomain_SYS &rArr; __aeabi_uidivmod
</UL>
<BR>[Calls]<UL><LI><a href="#[28]">&gt;&gt;</a>&nbsp;&nbsp;&nbsp;__aeabi_uidivmod
</UL>
<BR>[Called By]<UL><LI><a href="#[2f]">&gt;&gt;</a>&nbsp;&nbsp;&nbsp;RCC_GetSystemClockFreq
</UL>

<P><STRONG><a name="[3]"></a>SVC_Handler</STRONG> (Thumb, 2 bytes, Stack size 0 bytes, stm32l0xx_it.o(i.SVC_Handler))
<BR>[Address Reference Count : 1]<UL><LI> startup_stm32l071xx.o(RESET)
</UL>
<P><STRONG><a name="[5]"></a>SysTick_Handler</STRONG> (Thumb, 2 bytes, Stack size 0 bytes, stm32l0xx_it.o(i.SysTick_Handler))
<BR>[Address Reference Count : 1]<UL><LI> startup_stm32l071xx.o(RESET)
</UL>
<P><STRONG><a name="[50]"></a>SystemClock_Config</STRONG> (Thumb, 186 bytes, Stack size 8 bytes, main.o(i.SystemClock_Config))
<BR><BR>[Stack]<UL><LI>Max Depth = 28<LI>Call Chain = SystemClock_Config &rArr; LL_Init1msTick &rArr; __aeabi_uidivmod
</UL>
<BR>[Calls]<UL><LI><a href="#[47]">&gt;&gt;</a>&nbsp;&nbsp;&nbsp;NVIC_SetPriority
<LI><a href="#[52]">&gt;&gt;</a>&nbsp;&nbsp;&nbsp;LL_RCC_SetUSARTClockSource
<LI><a href="#[51]">&gt;&gt;</a>&nbsp;&nbsp;&nbsp;LL_SetSystemCoreClock
<LI><a href="#[2d]">&gt;&gt;</a>&nbsp;&nbsp;&nbsp;LL_Init1msTick
</UL>
<BR>[Called By]<UL><LI><a href="#[22]">&gt;&gt;</a>&nbsp;&nbsp;&nbsp;main
</UL>

<P><STRONG><a name="[23]"></a>SystemInit</STRONG> (Thumb, 66 bytes, Stack size 0 bytes, system_stm32l0xx.o(i.SystemInit))
<BR>[Address Reference Count : 1]<UL><LI> startup_stm32l071xx.o(.text)
</UL>
<P><STRONG><a name="[53]"></a>T2_Callback</STRONG> (Thumb, 8 bytes, Stack size 0 bytes, kanapilot_bh.o(i.T2_Callback))
<BR><BR>[Called By]<UL><LI><a href="#[14]">&gt;&gt;</a>&nbsp;&nbsp;&nbsp;TIM2_IRQHandler
</UL>

<P><STRONG><a name="[14]"></a>TIM2_IRQHandler</STRONG> (Thumb, 26 bytes, Stack size 8 bytes, stm32l0xx_it.o(i.TIM2_IRQHandler))
<BR><BR>[Stack]<UL><LI>Max Depth = 8<LI>Call Chain = TIM2_IRQHandler
</UL>
<BR>[Calls]<UL><LI><a href="#[53]">&gt;&gt;</a>&nbsp;&nbsp;&nbsp;T2_Callback
</UL>
<BR>[Address Reference Count : 1]<UL><LI> startup_stm32l071xx.o(RESET)
</UL>
<P><STRONG><a name="[54]"></a>U1RX_Callback</STRONG> (Thumb, 40 bytes, Stack size 8 bytes, kanapilot_senscom.o(i.U1RX_Callback))
<BR><BR>[Stack]<UL><LI>Max Depth = 8<LI>Call Chain = U1RX_Callback
</UL>
<BR>[Calls]<UL><LI><a href="#[55]">&gt;&gt;</a>&nbsp;&nbsp;&nbsp;u1RxLedOn
<LI><a href="#[56]">&gt;&gt;</a>&nbsp;&nbsp;&nbsp;u1RxLedOff
</UL>
<BR>[Called By]<UL><LI><a href="#[1f]">&gt;&gt;</a>&nbsp;&nbsp;&nbsp;USART1_IRQHandler
</UL>

<P><STRONG><a name="[57]"></a>U2RX_Callback</STRONG> (Thumb, 40 bytes, Stack size 8 bytes, kanapilot_pccom.o(i.U2RX_Callback))
<BR><BR>[Stack]<UL><LI>Max Depth = 8<LI>Call Chain = U2RX_Callback
</UL>
<BR>[Calls]<UL><LI><a href="#[58]">&gt;&gt;</a>&nbsp;&nbsp;&nbsp;u2RxLedOn
<LI><a href="#[59]">&gt;&gt;</a>&nbsp;&nbsp;&nbsp;u2RxLedOff
</UL>
<BR>[Called By]<UL><LI><a href="#[20]">&gt;&gt;</a>&nbsp;&nbsp;&nbsp;USART2_IRQHandler
</UL>

<P><STRONG><a name="[5a]"></a>U4RX_Callback</STRONG> (Thumb, 24 bytes, Stack size 0 bytes, backhoe_drive.o(i.U4RX_Callback))
<BR><BR>[Called By]<UL><LI><a href="#[13]">&gt;&gt;</a>&nbsp;&nbsp;&nbsp;USART4_5_IRQHandler
</UL>

<P><STRONG><a name="[1f]"></a>USART1_IRQHandler</STRONG> (Thumb, 26 bytes, Stack size 8 bytes, stm32l0xx_it.o(i.USART1_IRQHandler))
<BR><BR>[Stack]<UL><LI>Max Depth = 16<LI>Call Chain = USART1_IRQHandler &rArr; U1RX_Callback
</UL>
<BR>[Calls]<UL><LI><a href="#[54]">&gt;&gt;</a>&nbsp;&nbsp;&nbsp;U1RX_Callback
</UL>
<BR>[Address Reference Count : 1]<UL><LI> startup_stm32l071xx.o(RESET)
</UL>
<P><STRONG><a name="[20]"></a>USART2_IRQHandler</STRONG> (Thumb, 26 bytes, Stack size 8 bytes, stm32l0xx_it.o(i.USART2_IRQHandler))
<BR><BR>[Stack]<UL><LI>Max Depth = 16<LI>Call Chain = USART2_IRQHandler &rArr; U2RX_Callback
</UL>
<BR>[Calls]<UL><LI><a href="#[57]">&gt;&gt;</a>&nbsp;&nbsp;&nbsp;U2RX_Callback
</UL>
<BR>[Address Reference Count : 1]<UL><LI> startup_stm32l071xx.o(RESET)
</UL>
<P><STRONG><a name="[13]"></a>USART4_5_IRQHandler</STRONG> (Thumb, 26 bytes, Stack size 8 bytes, stm32l0xx_it.o(i.USART4_5_IRQHandler))
<BR><BR>[Stack]<UL><LI>Max Depth = 8<LI>Call Chain = USART4_5_IRQHandler
</UL>
<BR>[Calls]<UL><LI><a href="#[5a]">&gt;&gt;</a>&nbsp;&nbsp;&nbsp;U4RX_Callback
</UL>
<BR>[Address Reference Count : 1]<UL><LI> startup_stm32l071xx.o(RESET)
</UL>
<P><STRONG><a name="[6a]"></a>__ARM_common_switch8</STRONG> (Thumb, 26 bytes, Stack size 8 bytes, kanapilot_pccom.o(i.__ARM_common_switch8))
<BR><BR>[Stack]<UL><LI>Max Depth = 8<LI>Call Chain = __ARM_common_switch8
</UL>
<BR>[Called By]<UL><LI><a href="#[6c]">&gt;&gt;</a>&nbsp;&nbsp;&nbsp;checkSensorIncomming
<LI><a href="#[7d]">&gt;&gt;</a>&nbsp;&nbsp;&nbsp;sensorsRead
<LI><a href="#[68]">&gt;&gt;</a>&nbsp;&nbsp;&nbsp;checkPcCom
</UL>

<P><STRONG><a name="[a6]"></a>__scatterload_copy</STRONG> (Thumb, 14 bytes, Stack size unknown bytes, handlers.o(i.__scatterload_copy), UNUSED)

<P><STRONG><a name="[a7]"></a>__scatterload_null</STRONG> (Thumb, 2 bytes, Stack size unknown bytes, handlers.o(i.__scatterload_null), UNUSED)

<P><STRONG><a name="[a8]"></a>__scatterload_zeroinit</STRONG> (Thumb, 14 bytes, Stack size unknown bytes, handlers.o(i.__scatterload_zeroinit), UNUSED)

<P><STRONG><a name="[5b]"></a>backhoeDirectServoDrive</STRONG> (Thumb, 306 bytes, Stack size 64 bytes, backhoe_drive.o(i.backhoeDirectServoDrive))
<BR><BR>[Stack]<UL><LI>Max Depth = 332<LI>Call Chain = backhoeDirectServoDrive &rArr; setPosAndReadStatusByDefaultSetting &rArr; queSetposAndReadStatus &rArr; queReadWriteRegisterSeq &rArr; sendQuery &rArr; sendUart5Packet
</UL>
<BR>[Calls]<UL><LI><a href="#[63]">&gt;&gt;</a>&nbsp;&nbsp;&nbsp;setPositionByDefaultSetting
<LI><a href="#[5f]">&gt;&gt;</a>&nbsp;&nbsp;&nbsp;setPosAndReadStatusByDefaultSetting
<LI><a href="#[61]">&gt;&gt;</a>&nbsp;&nbsp;&nbsp;queAlarmReset
<LI><a href="#[5c]">&gt;&gt;</a>&nbsp;&nbsp;&nbsp;spanChk
<LI><a href="#[5e]">&gt;&gt;</a>&nbsp;&nbsp;&nbsp;rxBufferPositionReset
<LI><a href="#[60]">&gt;&gt;</a>&nbsp;&nbsp;&nbsp;packetWaitLong
<LI><a href="#[62]">&gt;&gt;</a>&nbsp;&nbsp;&nbsp;packetWait
<LI><a href="#[5d]">&gt;&gt;</a>&nbsp;&nbsp;&nbsp;convToStep
</UL>
<BR>[Called By]<UL><LI><a href="#[68]">&gt;&gt;</a>&nbsp;&nbsp;&nbsp;checkPcCom
</UL>

<P><STRONG><a name="[64]"></a>blink</STRONG> (Thumb, 32 bytes, Stack size 16 bytes, mysub.o(i.blink))
<BR><BR>[Stack]<UL><LI>Max Depth = 28<LI>Call Chain = blink &rArr; wait100ms &rArr; wait10ms
</UL>
<BR>[Calls]<UL><LI><a href="#[66]">&gt;&gt;</a>&nbsp;&nbsp;&nbsp;wait100ms
<LI><a href="#[65]">&gt;&gt;</a>&nbsp;&nbsp;&nbsp;ledOn
<LI><a href="#[67]">&gt;&gt;</a>&nbsp;&nbsp;&nbsp;ledOff
</UL>
<BR>[Called By]<UL><LI><a href="#[22]">&gt;&gt;</a>&nbsp;&nbsp;&nbsp;main
</UL>

<P><STRONG><a name="[68]"></a>checkPcCom</STRONG> (Thumb, 274 bytes, Stack size 24 bytes, kanapilot_pccom.o(i.checkPcCom))
<BR><BR>[Stack]<UL><LI>Max Depth = 356<LI>Call Chain = checkPcCom &rArr; backhoeDirectServoDrive &rArr; setPosAndReadStatusByDefaultSetting &rArr; queSetposAndReadStatus &rArr; queReadWriteRegisterSeq &rArr; sendQuery &rArr; sendUart5Packet
</UL>
<BR>[Calls]<UL><LI><a href="#[6b]">&gt;&gt;</a>&nbsp;&nbsp;&nbsp;pato2On
<LI><a href="#[69]">&gt;&gt;</a>&nbsp;&nbsp;&nbsp;resetWDT
<LI><a href="#[6a]">&gt;&gt;</a>&nbsp;&nbsp;&nbsp;__ARM_common_switch8
<LI><a href="#[5b]">&gt;&gt;</a>&nbsp;&nbsp;&nbsp;backhoeDirectServoDrive
</UL>
<BR>[Called By]<UL><LI><a href="#[79]">&gt;&gt;</a>&nbsp;&nbsp;&nbsp;mainKanaPilotBH
</UL>

<P><STRONG><a name="[6c]"></a>checkSensorIncomming</STRONG> (Thumb, 430 bytes, Stack size 40 bytes, kanapilot_senscom.o(i.checkSensorIncomming))
<BR><BR>[Stack]<UL><LI>Max Depth = 48<LI>Call Chain = checkSensorIncomming &rArr; __ARM_common_switch8
</UL>
<BR>[Calls]<UL><LI><a href="#[69]">&gt;&gt;</a>&nbsp;&nbsp;&nbsp;resetWDT
<LI><a href="#[6a]">&gt;&gt;</a>&nbsp;&nbsp;&nbsp;__ARM_common_switch8
</UL>
<BR>[Called By]<UL><LI><a href="#[7d]">&gt;&gt;</a>&nbsp;&nbsp;&nbsp;sensorsRead
</UL>

<P><STRONG><a name="[5d]"></a>convToStep</STRONG> (Thumb, 42 bytes, Stack size 8 bytes, backhoe_drive.o(i.convToStep))
<BR><BR>[Stack]<UL><LI>Max Depth = 36<LI>Call Chain = convToStep &rArr; __aeabi_idivmod &rArr; __aeabi_uidivmod
</UL>
<BR>[Calls]<UL><LI><a href="#[27]">&gt;&gt;</a>&nbsp;&nbsp;&nbsp;__aeabi_idivmod
</UL>
<BR>[Called By]<UL><LI><a href="#[5b]">&gt;&gt;</a>&nbsp;&nbsp;&nbsp;backhoeDirectServoDrive
</UL>

<P><STRONG><a name="[6d]"></a>emgStopPosition</STRONG> (Thumb, 124 bytes, Stack size 16 bytes, backhoe_drive.o(i.emgStopPosition))
<BR><BR>[Stack]<UL><LI>Max Depth = 220<LI>Call Chain = emgStopPosition &rArr; setPositionByDefaultSetting &rArr; setDirectDataDrive &rArr; sendQuery &rArr; sendUart5Packet
</UL>
<BR>[Calls]<UL><LI><a href="#[63]">&gt;&gt;</a>&nbsp;&nbsp;&nbsp;setPositionByDefaultSetting
<LI><a href="#[5e]">&gt;&gt;</a>&nbsp;&nbsp;&nbsp;rxBufferPositionReset
<LI><a href="#[62]">&gt;&gt;</a>&nbsp;&nbsp;&nbsp;packetWait
</UL>
<BR>[Called By]<UL><LI><a href="#[7e]">&gt;&gt;</a>&nbsp;&nbsp;&nbsp;stopAllControlAndResetStatus
</UL>

<P><STRONG><a name="[7b]"></a>hornOff</STRONG> (Thumb, 14 bytes, Stack size 0 bytes, mysub.o(i.hornOff))
<BR><BR>[Called By]<UL><LI><a href="#[79]">&gt;&gt;</a>&nbsp;&nbsp;&nbsp;mainKanaPilotBH
</UL>

<P><STRONG><a name="[7a]"></a>hornOn</STRONG> (Thumb, 14 bytes, Stack size 0 bytes, mysub.o(i.hornOn))
<BR><BR>[Called By]<UL><LI><a href="#[79]">&gt;&gt;</a>&nbsp;&nbsp;&nbsp;mainKanaPilotBH
</UL>

<P><STRONG><a name="[77]"></a>initIwdg</STRONG> (Thumb, 48 bytes, Stack size 0 bytes, myiwdg.o(i.initIwdg))
<BR><BR>[Called By]<UL><LI><a href="#[22]">&gt;&gt;</a>&nbsp;&nbsp;&nbsp;main
</UL>

<P><STRONG><a name="[6e]"></a>initKanaPilotBH</STRONG> (Thumb, 36 bytes, Stack size 8 bytes, kanapilot_bh.o(i.initKanaPilotBH))
<BR><BR>[Stack]<UL><LI>Max Depth = 196<LI>Call Chain = initKanaPilotBH &rArr; setContinuousSpeed &rArr; queWriteRegisterSeq &rArr; sendQuery &rArr; sendUart5Packet
</UL>
<BR>[Calls]<UL><LI><a href="#[72]">&gt;&gt;</a>&nbsp;&nbsp;&nbsp;pato3Off
<LI><a href="#[71]">&gt;&gt;</a>&nbsp;&nbsp;&nbsp;pato2Off
<LI><a href="#[70]">&gt;&gt;</a>&nbsp;&nbsp;&nbsp;pato1Off
<LI><a href="#[73]">&gt;&gt;</a>&nbsp;&nbsp;&nbsp;setContinuousSpeed
<LI><a href="#[6f]">&gt;&gt;</a>&nbsp;&nbsp;&nbsp;u2RxInterruptEnable
</UL>
<BR>[Called By]<UL><LI><a href="#[22]">&gt;&gt;</a>&nbsp;&nbsp;&nbsp;main
</UL>

<P><STRONG><a name="[76]"></a>initTimers</STRONG> (Thumb, 34 bytes, Stack size 0 bytes, kanapilot_bh.o(i.initTimers))
<BR><BR>[Called By]<UL><LI><a href="#[22]">&gt;&gt;</a>&nbsp;&nbsp;&nbsp;main
</UL>

<P><STRONG><a name="[67]"></a>ledOff</STRONG> (Thumb, 12 bytes, Stack size 0 bytes, mysub.o(i.ledOff))
<BR><BR>[Called By]<UL><LI><a href="#[64]">&gt;&gt;</a>&nbsp;&nbsp;&nbsp;blink
<LI><a href="#[79]">&gt;&gt;</a>&nbsp;&nbsp;&nbsp;mainKanaPilotBH
</UL>

<P><STRONG><a name="[65]"></a>ledOn</STRONG> (Thumb, 12 bytes, Stack size 0 bytes, mysub.o(i.ledOn))
<BR><BR>[Called By]<UL><LI><a href="#[64]">&gt;&gt;</a>&nbsp;&nbsp;&nbsp;blink
<LI><a href="#[79]">&gt;&gt;</a>&nbsp;&nbsp;&nbsp;mainKanaPilotBH
</UL>

<P><STRONG><a name="[22]"></a>main</STRONG> (Thumb, 184 bytes, Stack size 8 bytes, main.o(i.main))
<BR><BR>[Stack]<UL><LI>Max Depth = 380<LI>Call Chain = main &rArr; mainKanaPilotBH &rArr; checkPcCom &rArr; backhoeDirectServoDrive &rArr; setPosAndReadStatusByDefaultSetting &rArr; queSetposAndReadStatus &rArr; queReadWriteRegisterSeq &rArr; sendQuery &rArr; sendUart5Packet
</UL>
<BR>[Calls]<UL><LI><a href="#[47]">&gt;&gt;</a>&nbsp;&nbsp;&nbsp;NVIC_SetPriority
<LI><a href="#[4e]">&gt;&gt;</a>&nbsp;&nbsp;&nbsp;MX_USART5_UART_Init
<LI><a href="#[4d]">&gt;&gt;</a>&nbsp;&nbsp;&nbsp;MX_USART4_UART_Init
<LI><a href="#[4c]">&gt;&gt;</a>&nbsp;&nbsp;&nbsp;MX_USART2_UART_Init
<LI><a href="#[4a]">&gt;&gt;</a>&nbsp;&nbsp;&nbsp;MX_USART1_UART_Init
<LI><a href="#[46]">&gt;&gt;</a>&nbsp;&nbsp;&nbsp;MX_TIM2_Init
<LI><a href="#[45]">&gt;&gt;</a>&nbsp;&nbsp;&nbsp;MX_SPI2_Init
<LI><a href="#[43]">&gt;&gt;</a>&nbsp;&nbsp;&nbsp;MX_SPI1_Init
<LI><a href="#[40]">&gt;&gt;</a>&nbsp;&nbsp;&nbsp;MX_I2C1_Init
<LI><a href="#[3a]">&gt;&gt;</a>&nbsp;&nbsp;&nbsp;MX_GPIO_Init
<LI><a href="#[35]">&gt;&gt;</a>&nbsp;&nbsp;&nbsp;MX_ADC_Init
<LI><a href="#[36]">&gt;&gt;</a>&nbsp;&nbsp;&nbsp;LL_APB2_GRP1_EnableClock
<LI><a href="#[41]">&gt;&gt;</a>&nbsp;&nbsp;&nbsp;LL_APB1_GRP1_EnableClock
<LI><a href="#[78]">&gt;&gt;</a>&nbsp;&nbsp;&nbsp;pato1On
<LI><a href="#[70]">&gt;&gt;</a>&nbsp;&nbsp;&nbsp;pato1Off
<LI><a href="#[64]">&gt;&gt;</a>&nbsp;&nbsp;&nbsp;blink
<LI><a href="#[74]">&gt;&gt;</a>&nbsp;&nbsp;&nbsp;u4RxInterruptEnable
<LI><a href="#[6f]">&gt;&gt;</a>&nbsp;&nbsp;&nbsp;u2RxInterruptEnable
<LI><a href="#[75]">&gt;&gt;</a>&nbsp;&nbsp;&nbsp;u1RxInterruptEnable
<LI><a href="#[69]">&gt;&gt;</a>&nbsp;&nbsp;&nbsp;resetWDT
<LI><a href="#[77]">&gt;&gt;</a>&nbsp;&nbsp;&nbsp;initIwdg
<LI><a href="#[79]">&gt;&gt;</a>&nbsp;&nbsp;&nbsp;mainKanaPilotBH
<LI><a href="#[76]">&gt;&gt;</a>&nbsp;&nbsp;&nbsp;initTimers
<LI><a href="#[6e]">&gt;&gt;</a>&nbsp;&nbsp;&nbsp;initKanaPilotBH
<LI><a href="#[50]">&gt;&gt;</a>&nbsp;&nbsp;&nbsp;SystemClock_Config
</UL>
<BR>[Address Reference Count : 1]<UL><LI> entry9a.o(.ARM.Collect$$$$0000000B)
</UL>
<P><STRONG><a name="[79]"></a>mainKanaPilotBH</STRONG> (Thumb, 200 bytes, Stack size 16 bytes, kanapilot_bh.o(i.mainKanaPilotBH))
<BR><BR>[Stack]<UL><LI>Max Depth = 372<LI>Call Chain = mainKanaPilotBH &rArr; checkPcCom &rArr; backhoeDirectServoDrive &rArr; setPosAndReadStatusByDefaultSetting &rArr; queSetposAndReadStatus &rArr; queReadWriteRegisterSeq &rArr; sendQuery &rArr; sendUart5Packet
</UL>
<BR>[Calls]<UL><LI><a href="#[65]">&gt;&gt;</a>&nbsp;&nbsp;&nbsp;ledOn
<LI><a href="#[67]">&gt;&gt;</a>&nbsp;&nbsp;&nbsp;ledOff
<LI><a href="#[7a]">&gt;&gt;</a>&nbsp;&nbsp;&nbsp;hornOn
<LI><a href="#[7b]">&gt;&gt;</a>&nbsp;&nbsp;&nbsp;hornOff
<LI><a href="#[7f]">&gt;&gt;</a>&nbsp;&nbsp;&nbsp;wait10ms
<LI><a href="#[69]">&gt;&gt;</a>&nbsp;&nbsp;&nbsp;resetWDT
<LI><a href="#[7e]">&gt;&gt;</a>&nbsp;&nbsp;&nbsp;stopAllControlAndResetStatus
<LI><a href="#[7d]">&gt;&gt;</a>&nbsp;&nbsp;&nbsp;sensorsRead
<LI><a href="#[68]">&gt;&gt;</a>&nbsp;&nbsp;&nbsp;checkPcCom
<LI><a href="#[7c]">&gt;&gt;</a>&nbsp;&nbsp;&nbsp;sendSensData
</UL>
<BR>[Called By]<UL><LI><a href="#[22]">&gt;&gt;</a>&nbsp;&nbsp;&nbsp;main
</UL>

<P><STRONG><a name="[62]"></a>packetWait</STRONG> (Thumb, 24 bytes, Stack size 8 bytes, backhoe_drive.o(i.packetWait))
<BR><BR>[Stack]<UL><LI>Max Depth = 8<LI>Call Chain = packetWait
</UL>
<BR>[Calls]<UL><LI><a href="#[80]">&gt;&gt;</a>&nbsp;&nbsp;&nbsp;wait1ms
<LI><a href="#[69]">&gt;&gt;</a>&nbsp;&nbsp;&nbsp;resetWDT
</UL>
<BR>[Called By]<UL><LI><a href="#[6d]">&gt;&gt;</a>&nbsp;&nbsp;&nbsp;emgStopPosition
<LI><a href="#[5b]">&gt;&gt;</a>&nbsp;&nbsp;&nbsp;backhoeDirectServoDrive
</UL>

<P><STRONG><a name="[60]"></a>packetWaitLong</STRONG> (Thumb, 64 bytes, Stack size 8 bytes, backhoe_drive.o(i.packetWaitLong))
<BR><BR>[Stack]<UL><LI>Max Depth = 8<LI>Call Chain = packetWaitLong
</UL>
<BR>[Calls]<UL><LI><a href="#[80]">&gt;&gt;</a>&nbsp;&nbsp;&nbsp;wait1ms
<LI><a href="#[69]">&gt;&gt;</a>&nbsp;&nbsp;&nbsp;resetWDT
</UL>
<BR>[Called By]<UL><LI><a href="#[5b]">&gt;&gt;</a>&nbsp;&nbsp;&nbsp;backhoeDirectServoDrive
</UL>

<P><STRONG><a name="[70]"></a>pato1Off</STRONG> (Thumb, 14 bytes, Stack size 0 bytes, mysub.o(i.pato1Off))
<BR><BR>[Called By]<UL><LI><a href="#[6e]">&gt;&gt;</a>&nbsp;&nbsp;&nbsp;initKanaPilotBH
<LI><a href="#[22]">&gt;&gt;</a>&nbsp;&nbsp;&nbsp;main
</UL>

<P><STRONG><a name="[78]"></a>pato1On</STRONG> (Thumb, 14 bytes, Stack size 0 bytes, mysub.o(i.pato1On))
<BR><BR>[Called By]<UL><LI><a href="#[22]">&gt;&gt;</a>&nbsp;&nbsp;&nbsp;main
</UL>

<P><STRONG><a name="[71]"></a>pato2Off</STRONG> (Thumb, 14 bytes, Stack size 0 bytes, mysub.o(i.pato2Off))
<BR><BR>[Called By]<UL><LI><a href="#[7e]">&gt;&gt;</a>&nbsp;&nbsp;&nbsp;stopAllControlAndResetStatus
<LI><a href="#[6e]">&gt;&gt;</a>&nbsp;&nbsp;&nbsp;initKanaPilotBH
</UL>

<P><STRONG><a name="[6b]"></a>pato2On</STRONG> (Thumb, 14 bytes, Stack size 0 bytes, mysub.o(i.pato2On))
<BR><BR>[Called By]<UL><LI><a href="#[68]">&gt;&gt;</a>&nbsp;&nbsp;&nbsp;checkPcCom
</UL>

<P><STRONG><a name="[72]"></a>pato3Off</STRONG> (Thumb, 14 bytes, Stack size 0 bytes, mysub.o(i.pato3Off))
<BR><BR>[Called By]<UL><LI><a href="#[6e]">&gt;&gt;</a>&nbsp;&nbsp;&nbsp;initKanaPilotBH
</UL>

<P><STRONG><a name="[61]"></a>queAlarmReset</STRONG> (Thumb, 28 bytes, Stack size 16 bytes, azd_krd_message.o(i.queAlarmReset))
<BR><BR>[Stack]<UL><LI>Max Depth = 180<LI>Call Chain = queAlarmReset &rArr; queWriteRegisterSeq &rArr; sendQuery &rArr; sendUart5Packet
</UL>
<BR>[Calls]<UL><LI><a href="#[81]">&gt;&gt;</a>&nbsp;&nbsp;&nbsp;queWriteRegisterSeq
</UL>
<BR>[Called By]<UL><LI><a href="#[5b]">&gt;&gt;</a>&nbsp;&nbsp;&nbsp;backhoeDirectServoDrive
</UL>

<P><STRONG><a name="[82]"></a>queReadWriteRegisterSeq</STRONG> (Thumb, 108 bytes, Stack size 136 bytes, azd_krd_message.o(i.queReadWriteRegisterSeq))
<BR><BR>[Stack]<UL><LI>Max Depth = 164<LI>Call Chain = queReadWriteRegisterSeq &rArr; sendQuery &rArr; sendUart5Packet
</UL>
<BR>[Calls]<UL><LI><a href="#[83]">&gt;&gt;</a>&nbsp;&nbsp;&nbsp;CRC16
<LI><a href="#[84]">&gt;&gt;</a>&nbsp;&nbsp;&nbsp;sendQuery
</UL>
<BR>[Called By]<UL><LI><a href="#[85]">&gt;&gt;</a>&nbsp;&nbsp;&nbsp;queSetposAndReadStatus
</UL>

<P><STRONG><a name="[85]"></a>queSetposAndReadStatus</STRONG> (Thumb, 100 bytes, Stack size 64 bytes, azd_krd_message.o(i.queSetposAndReadStatus))
<BR><BR>[Stack]<UL><LI>Max Depth = 228<LI>Call Chain = queSetposAndReadStatus &rArr; queReadWriteRegisterSeq &rArr; sendQuery &rArr; sendUart5Packet
</UL>
<BR>[Calls]<UL><LI><a href="#[82]">&gt;&gt;</a>&nbsp;&nbsp;&nbsp;queReadWriteRegisterSeq
</UL>
<BR>[Called By]<UL><LI><a href="#[5f]">&gt;&gt;</a>&nbsp;&nbsp;&nbsp;setPosAndReadStatusByDefaultSetting
</UL>

<P><STRONG><a name="[81]"></a>queWriteRegisterSeq</STRONG> (Thumb, 90 bytes, Stack size 136 bytes, azd_krd_message.o(i.queWriteRegisterSeq))
<BR><BR>[Stack]<UL><LI>Max Depth = 164<LI>Call Chain = queWriteRegisterSeq &rArr; sendQuery &rArr; sendUart5Packet
</UL>
<BR>[Calls]<UL><LI><a href="#[83]">&gt;&gt;</a>&nbsp;&nbsp;&nbsp;CRC16
<LI><a href="#[84]">&gt;&gt;</a>&nbsp;&nbsp;&nbsp;sendQuery
</UL>
<BR>[Called By]<UL><LI><a href="#[73]">&gt;&gt;</a>&nbsp;&nbsp;&nbsp;setContinuousSpeed
<LI><a href="#[61]">&gt;&gt;</a>&nbsp;&nbsp;&nbsp;queAlarmReset
</UL>

<P><STRONG><a name="[69]"></a>resetWDT</STRONG> (Thumb, 8 bytes, Stack size 0 bytes, myiwdg.o(i.resetWDT))
<BR><BR>[Called By]<UL><LI><a href="#[66]">&gt;&gt;</a>&nbsp;&nbsp;&nbsp;wait100ms
<LI><a href="#[6c]">&gt;&gt;</a>&nbsp;&nbsp;&nbsp;checkSensorIncomming
<LI><a href="#[60]">&gt;&gt;</a>&nbsp;&nbsp;&nbsp;packetWaitLong
<LI><a href="#[62]">&gt;&gt;</a>&nbsp;&nbsp;&nbsp;packetWait
<LI><a href="#[68]">&gt;&gt;</a>&nbsp;&nbsp;&nbsp;checkPcCom
<LI><a href="#[79]">&gt;&gt;</a>&nbsp;&nbsp;&nbsp;mainKanaPilotBH
<LI><a href="#[22]">&gt;&gt;</a>&nbsp;&nbsp;&nbsp;main
</UL>

<P><STRONG><a name="[5e]"></a>rxBufferPositionReset</STRONG> (Thumb, 18 bytes, Stack size 8 bytes, backhoe_drive.o(i.rxBufferPositionReset))
<BR><BR>[Stack]<UL><LI>Max Depth = 8<LI>Call Chain = rxBufferPositionReset
</UL>
<BR>[Calls]<UL><LI><a href="#[29]">&gt;&gt;</a>&nbsp;&nbsp;&nbsp;__aeabi_memclr
</UL>
<BR>[Called By]<UL><LI><a href="#[6d]">&gt;&gt;</a>&nbsp;&nbsp;&nbsp;emgStopPosition
<LI><a href="#[5b]">&gt;&gt;</a>&nbsp;&nbsp;&nbsp;backhoeDirectServoDrive
</UL>

<P><STRONG><a name="[84]"></a>sendQuery</STRONG> (Thumb, 98 bytes, Stack size 16 bytes, azd_krd_message.o(i.sendQuery))
<BR><BR>[Stack]<UL><LI>Max Depth = 28<LI>Call Chain = sendQuery &rArr; sendUart5Packet
</UL>
<BR>[Calls]<UL><LI><a href="#[87]">&gt;&gt;</a>&nbsp;&nbsp;&nbsp;wait10us
<LI><a href="#[8a]">&gt;&gt;</a>&nbsp;&nbsp;&nbsp;u5TxEnable
<LI><a href="#[8c]">&gt;&gt;</a>&nbsp;&nbsp;&nbsp;u5TxDisable
<LI><a href="#[86]">&gt;&gt;</a>&nbsp;&nbsp;&nbsp;u4TxEnable
<LI><a href="#[89]">&gt;&gt;</a>&nbsp;&nbsp;&nbsp;u4TxDisable
<LI><a href="#[8b]">&gt;&gt;</a>&nbsp;&nbsp;&nbsp;sendUart5Packet
<LI><a href="#[88]">&gt;&gt;</a>&nbsp;&nbsp;&nbsp;sendUart4Packet
</UL>
<BR>[Called By]<UL><LI><a href="#[98]">&gt;&gt;</a>&nbsp;&nbsp;&nbsp;setDirectDataDrive
<LI><a href="#[81]">&gt;&gt;</a>&nbsp;&nbsp;&nbsp;queWriteRegisterSeq
<LI><a href="#[82]">&gt;&gt;</a>&nbsp;&nbsp;&nbsp;queReadWriteRegisterSeq
</UL>

<P><STRONG><a name="[7c]"></a>sendSensData</STRONG> (Thumb, 392 bytes, Stack size 16 bytes, kanapilot_bh.o(i.sendSensData))
<BR><BR>[Stack]<UL><LI>Max Depth = 28<LI>Call Chain = sendSensData &rArr; sendUart2Packet
</UL>
<BR>[Calls]<UL><LI><a href="#[58]">&gt;&gt;</a>&nbsp;&nbsp;&nbsp;u2RxLedOn
<LI><a href="#[59]">&gt;&gt;</a>&nbsp;&nbsp;&nbsp;u2RxLedOff
<LI><a href="#[8d]">&gt;&gt;</a>&nbsp;&nbsp;&nbsp;sendUart2Packet
</UL>
<BR>[Called By]<UL><LI><a href="#[79]">&gt;&gt;</a>&nbsp;&nbsp;&nbsp;mainKanaPilotBH
</UL>

<P><STRONG><a name="[8f]"></a>sendUart1Byte</STRONG> (Thumb, 22 bytes, Stack size 0 bytes, mylluart.o(i.sendUart1Byte))
<BR><BR>[Called By]<UL><LI><a href="#[8e]">&gt;&gt;</a>&nbsp;&nbsp;&nbsp;sendUart1Packet
</UL>

<P><STRONG><a name="[8e]"></a>sendUart1Packet</STRONG> (Thumb, 30 bytes, Stack size 12 bytes, mylluart.o(i.sendUart1Packet))
<BR><BR>[Stack]<UL><LI>Max Depth = 12<LI>Call Chain = sendUart1Packet
</UL>
<BR>[Calls]<UL><LI><a href="#[8f]">&gt;&gt;</a>&nbsp;&nbsp;&nbsp;sendUart1Byte
</UL>
<BR>[Called By]<UL><LI><a href="#[93]">&gt;&gt;</a>&nbsp;&nbsp;&nbsp;sensorRequest
</UL>

<P><STRONG><a name="[90]"></a>sendUart2Byte</STRONG> (Thumb, 22 bytes, Stack size 0 bytes, mylluart.o(i.sendUart2Byte))
<BR><BR>[Called By]<UL><LI><a href="#[8d]">&gt;&gt;</a>&nbsp;&nbsp;&nbsp;sendUart2Packet
</UL>

<P><STRONG><a name="[8d]"></a>sendUart2Packet</STRONG> (Thumb, 30 bytes, Stack size 12 bytes, mylluart.o(i.sendUart2Packet))
<BR><BR>[Stack]<UL><LI>Max Depth = 12<LI>Call Chain = sendUart2Packet
</UL>
<BR>[Calls]<UL><LI><a href="#[90]">&gt;&gt;</a>&nbsp;&nbsp;&nbsp;sendUart2Byte
</UL>
<BR>[Called By]<UL><LI><a href="#[7c]">&gt;&gt;</a>&nbsp;&nbsp;&nbsp;sendSensData
</UL>

<P><STRONG><a name="[91]"></a>sendUart4Byte</STRONG> (Thumb, 22 bytes, Stack size 0 bytes, mylluart.o(i.sendUart4Byte))
<BR><BR>[Called By]<UL><LI><a href="#[88]">&gt;&gt;</a>&nbsp;&nbsp;&nbsp;sendUart4Packet
</UL>

<P><STRONG><a name="[88]"></a>sendUart4Packet</STRONG> (Thumb, 30 bytes, Stack size 12 bytes, mylluart.o(i.sendUart4Packet))
<BR><BR>[Stack]<UL><LI>Max Depth = 12<LI>Call Chain = sendUart4Packet
</UL>
<BR>[Calls]<UL><LI><a href="#[91]">&gt;&gt;</a>&nbsp;&nbsp;&nbsp;sendUart4Byte
</UL>
<BR>[Called By]<UL><LI><a href="#[84]">&gt;&gt;</a>&nbsp;&nbsp;&nbsp;sendQuery
</UL>

<P><STRONG><a name="[92]"></a>sendUart5Byte</STRONG> (Thumb, 22 bytes, Stack size 0 bytes, mylluart.o(i.sendUart5Byte))
<BR><BR>[Called By]<UL><LI><a href="#[8b]">&gt;&gt;</a>&nbsp;&nbsp;&nbsp;sendUart5Packet
</UL>

<P><STRONG><a name="[8b]"></a>sendUart5Packet</STRONG> (Thumb, 30 bytes, Stack size 12 bytes, mylluart.o(i.sendUart5Packet))
<BR><BR>[Stack]<UL><LI>Max Depth = 12<LI>Call Chain = sendUart5Packet
</UL>
<BR>[Calls]<UL><LI><a href="#[92]">&gt;&gt;</a>&nbsp;&nbsp;&nbsp;sendUart5Byte
</UL>
<BR>[Called By]<UL><LI><a href="#[84]">&gt;&gt;</a>&nbsp;&nbsp;&nbsp;sendQuery
</UL>

<P><STRONG><a name="[93]"></a>sensorRequest</STRONG> (Thumb, 104 bytes, Stack size 24 bytes, kanapilot_senscom.o(i.sensorRequest))
<BR><BR>[Stack]<UL><LI>Max Depth = 36<LI>Call Chain = sensorRequest &rArr; sendUart1Packet
</UL>
<BR>[Calls]<UL><LI><a href="#[94]">&gt;&gt;</a>&nbsp;&nbsp;&nbsp;u1TxLedOn
<LI><a href="#[97]">&gt;&gt;</a>&nbsp;&nbsp;&nbsp;u1TxLedOff
<LI><a href="#[95]">&gt;&gt;</a>&nbsp;&nbsp;&nbsp;u1TxEnable
<LI><a href="#[96]">&gt;&gt;</a>&nbsp;&nbsp;&nbsp;u1TxDisable
<LI><a href="#[87]">&gt;&gt;</a>&nbsp;&nbsp;&nbsp;wait10us
<LI><a href="#[8e]">&gt;&gt;</a>&nbsp;&nbsp;&nbsp;sendUart1Packet
</UL>
<BR>[Called By]<UL><LI><a href="#[7d]">&gt;&gt;</a>&nbsp;&nbsp;&nbsp;sensorsRead
</UL>

<P><STRONG><a name="[7d]"></a>sensorsRead</STRONG> (Thumb, 82 bytes, Stack size 8 bytes, kanapilot_senscom.o(i.sensorsRead))
<BR><BR>[Stack]<UL><LI>Max Depth = 56<LI>Call Chain = sensorsRead &rArr; checkSensorIncomming &rArr; __ARM_common_switch8
</UL>
<BR>[Calls]<UL><LI><a href="#[93]">&gt;&gt;</a>&nbsp;&nbsp;&nbsp;sensorRequest
<LI><a href="#[6c]">&gt;&gt;</a>&nbsp;&nbsp;&nbsp;checkSensorIncomming
<LI><a href="#[6a]">&gt;&gt;</a>&nbsp;&nbsp;&nbsp;__ARM_common_switch8
</UL>
<BR>[Called By]<UL><LI><a href="#[79]">&gt;&gt;</a>&nbsp;&nbsp;&nbsp;mainKanaPilotBH
</UL>

<P><STRONG><a name="[73]"></a>setContinuousSpeed</STRONG> (Thumb, 28 bytes, Stack size 24 bytes, azd_krd_message.o(i.setContinuousSpeed))
<BR><BR>[Stack]<UL><LI>Max Depth = 188<LI>Call Chain = setContinuousSpeed &rArr; queWriteRegisterSeq &rArr; sendQuery &rArr; sendUart5Packet
</UL>
<BR>[Calls]<UL><LI><a href="#[81]">&gt;&gt;</a>&nbsp;&nbsp;&nbsp;queWriteRegisterSeq
</UL>
<BR>[Called By]<UL><LI><a href="#[6e]">&gt;&gt;</a>&nbsp;&nbsp;&nbsp;initKanaPilotBH
</UL>

<P><STRONG><a name="[98]"></a>setDirectDataDrive</STRONG> (Thumb, 198 bytes, Stack size 136 bytes, azd_krd_message.o(i.setDirectDataDrive))
<BR><BR>[Stack]<UL><LI>Max Depth = 164<LI>Call Chain = setDirectDataDrive &rArr; sendQuery &rArr; sendUart5Packet
</UL>
<BR>[Calls]<UL><LI><a href="#[83]">&gt;&gt;</a>&nbsp;&nbsp;&nbsp;CRC16
<LI><a href="#[84]">&gt;&gt;</a>&nbsp;&nbsp;&nbsp;sendQuery
</UL>
<BR>[Called By]<UL><LI><a href="#[63]">&gt;&gt;</a>&nbsp;&nbsp;&nbsp;setPositionByDefaultSetting
</UL>

<P><STRONG><a name="[5f]"></a>setPosAndReadStatusByDefaultSetting</STRONG> (Thumb, 38 bytes, Stack size 40 bytes, azd_krd_message.o(i.setPosAndReadStatusByDefaultSetting))
<BR><BR>[Stack]<UL><LI>Max Depth = 268<LI>Call Chain = setPosAndReadStatusByDefaultSetting &rArr; queSetposAndReadStatus &rArr; queReadWriteRegisterSeq &rArr; sendQuery &rArr; sendUart5Packet
</UL>
<BR>[Calls]<UL><LI><a href="#[85]">&gt;&gt;</a>&nbsp;&nbsp;&nbsp;queSetposAndReadStatus
</UL>
<BR>[Called By]<UL><LI><a href="#[5b]">&gt;&gt;</a>&nbsp;&nbsp;&nbsp;backhoeDirectServoDrive
</UL>

<P><STRONG><a name="[63]"></a>setPositionByDefaultSetting</STRONG> (Thumb, 38 bytes, Stack size 40 bytes, azd_krd_message.o(i.setPositionByDefaultSetting))
<BR><BR>[Stack]<UL><LI>Max Depth = 204<LI>Call Chain = setPositionByDefaultSetting &rArr; setDirectDataDrive &rArr; sendQuery &rArr; sendUart5Packet
</UL>
<BR>[Calls]<UL><LI><a href="#[98]">&gt;&gt;</a>&nbsp;&nbsp;&nbsp;setDirectDataDrive
</UL>
<BR>[Called By]<UL><LI><a href="#[6d]">&gt;&gt;</a>&nbsp;&nbsp;&nbsp;emgStopPosition
<LI><a href="#[5b]">&gt;&gt;</a>&nbsp;&nbsp;&nbsp;backhoeDirectServoDrive
</UL>

<P><STRONG><a name="[5c]"></a>spanChk</STRONG> (Thumb, 28 bytes, Stack size 0 bytes, backhoe_drive.o(i.spanChk))
<BR><BR>[Called By]<UL><LI><a href="#[5b]">&gt;&gt;</a>&nbsp;&nbsp;&nbsp;backhoeDirectServoDrive
</UL>

<P><STRONG><a name="[7e]"></a>stopAllControlAndResetStatus</STRONG> (Thumb, 12 bytes, Stack size 8 bytes, backhoe_drive.o(i.stopAllControlAndResetStatus))
<BR><BR>[Stack]<UL><LI>Max Depth = 228<LI>Call Chain = stopAllControlAndResetStatus &rArr; emgStopPosition &rArr; setPositionByDefaultSetting &rArr; setDirectDataDrive &rArr; sendQuery &rArr; sendUart5Packet
</UL>
<BR>[Calls]<UL><LI><a href="#[71]">&gt;&gt;</a>&nbsp;&nbsp;&nbsp;pato2Off
<LI><a href="#[6d]">&gt;&gt;</a>&nbsp;&nbsp;&nbsp;emgStopPosition
</UL>
<BR>[Called By]<UL><LI><a href="#[79]">&gt;&gt;</a>&nbsp;&nbsp;&nbsp;mainKanaPilotBH
</UL>

<P><STRONG><a name="[75]"></a>u1RxInterruptEnable</STRONG> (Thumb, 12 bytes, Stack size 0 bytes, mylluart.o(i.u1RxInterruptEnable))
<BR><BR>[Called By]<UL><LI><a href="#[22]">&gt;&gt;</a>&nbsp;&nbsp;&nbsp;main
</UL>

<P><STRONG><a name="[56]"></a>u1RxLedOff</STRONG> (Thumb, 12 bytes, Stack size 0 bytes, mysub.o(i.u1RxLedOff))
<BR><BR>[Called By]<UL><LI><a href="#[54]">&gt;&gt;</a>&nbsp;&nbsp;&nbsp;U1RX_Callback
</UL>

<P><STRONG><a name="[55]"></a>u1RxLedOn</STRONG> (Thumb, 12 bytes, Stack size 0 bytes, mysub.o(i.u1RxLedOn))
<BR><BR>[Called By]<UL><LI><a href="#[54]">&gt;&gt;</a>&nbsp;&nbsp;&nbsp;U1RX_Callback
</UL>

<P><STRONG><a name="[96]"></a>u1TxDisable</STRONG> (Thumb, 16 bytes, Stack size 0 bytes, mysub.o(i.u1TxDisable))
<BR><BR>[Called By]<UL><LI><a href="#[93]">&gt;&gt;</a>&nbsp;&nbsp;&nbsp;sensorRequest
</UL>

<P><STRONG><a name="[95]"></a>u1TxEnable</STRONG> (Thumb, 16 bytes, Stack size 0 bytes, mysub.o(i.u1TxEnable))
<BR><BR>[Called By]<UL><LI><a href="#[93]">&gt;&gt;</a>&nbsp;&nbsp;&nbsp;sensorRequest
</UL>

<P><STRONG><a name="[97]"></a>u1TxLedOff</STRONG> (Thumb, 12 bytes, Stack size 0 bytes, mysub.o(i.u1TxLedOff))
<BR><BR>[Called By]<UL><LI><a href="#[93]">&gt;&gt;</a>&nbsp;&nbsp;&nbsp;sensorRequest
</UL>

<P><STRONG><a name="[94]"></a>u1TxLedOn</STRONG> (Thumb, 12 bytes, Stack size 0 bytes, mysub.o(i.u1TxLedOn))
<BR><BR>[Called By]<UL><LI><a href="#[93]">&gt;&gt;</a>&nbsp;&nbsp;&nbsp;sensorRequest
</UL>

<P><STRONG><a name="[6f]"></a>u2RxInterruptEnable</STRONG> (Thumb, 12 bytes, Stack size 0 bytes, mylluart.o(i.u2RxInterruptEnable))
<BR><BR>[Called By]<UL><LI><a href="#[6e]">&gt;&gt;</a>&nbsp;&nbsp;&nbsp;initKanaPilotBH
<LI><a href="#[22]">&gt;&gt;</a>&nbsp;&nbsp;&nbsp;main
</UL>

<P><STRONG><a name="[59]"></a>u2RxLedOff</STRONG> (Thumb, 12 bytes, Stack size 0 bytes, mysub.o(i.u2RxLedOff))
<BR><BR>[Called By]<UL><LI><a href="#[7c]">&gt;&gt;</a>&nbsp;&nbsp;&nbsp;sendSensData
<LI><a href="#[57]">&gt;&gt;</a>&nbsp;&nbsp;&nbsp;U2RX_Callback
</UL>

<P><STRONG><a name="[58]"></a>u2RxLedOn</STRONG> (Thumb, 12 bytes, Stack size 0 bytes, mysub.o(i.u2RxLedOn))
<BR><BR>[Called By]<UL><LI><a href="#[7c]">&gt;&gt;</a>&nbsp;&nbsp;&nbsp;sendSensData
<LI><a href="#[57]">&gt;&gt;</a>&nbsp;&nbsp;&nbsp;U2RX_Callback
</UL>

<P><STRONG><a name="[74]"></a>u4RxInterruptEnable</STRONG> (Thumb, 12 bytes, Stack size 0 bytes, mylluart.o(i.u4RxInterruptEnable))
<BR><BR>[Called By]<UL><LI><a href="#[22]">&gt;&gt;</a>&nbsp;&nbsp;&nbsp;main
</UL>

<P><STRONG><a name="[89]"></a>u4TxDisable</STRONG> (Thumb, 14 bytes, Stack size 0 bytes, mysub.o(i.u4TxDisable))
<BR><BR>[Called By]<UL><LI><a href="#[84]">&gt;&gt;</a>&nbsp;&nbsp;&nbsp;sendQuery
</UL>

<P><STRONG><a name="[86]"></a>u4TxEnable</STRONG> (Thumb, 14 bytes, Stack size 0 bytes, mysub.o(i.u4TxEnable))
<BR><BR>[Called By]<UL><LI><a href="#[84]">&gt;&gt;</a>&nbsp;&nbsp;&nbsp;sendQuery
</UL>

<P><STRONG><a name="[8c]"></a>u5TxDisable</STRONG> (Thumb, 14 bytes, Stack size 0 bytes, mysub.o(i.u5TxDisable))
<BR><BR>[Called By]<UL><LI><a href="#[84]">&gt;&gt;</a>&nbsp;&nbsp;&nbsp;sendQuery
</UL>

<P><STRONG><a name="[8a]"></a>u5TxEnable</STRONG> (Thumb, 14 bytes, Stack size 0 bytes, mysub.o(i.u5TxEnable))
<BR><BR>[Called By]<UL><LI><a href="#[84]">&gt;&gt;</a>&nbsp;&nbsp;&nbsp;sendQuery
</UL>

<P><STRONG><a name="[66]"></a>wait100ms</STRONG> (Thumb, 48 bytes, Stack size 8 bytes, mywait16mhz.o(i.wait100ms))
<BR><BR>[Stack]<UL><LI>Max Depth = 12<LI>Call Chain = wait100ms &rArr; wait10ms
</UL>
<BR>[Calls]<UL><LI><a href="#[7f]">&gt;&gt;</a>&nbsp;&nbsp;&nbsp;wait10ms
<LI><a href="#[69]">&gt;&gt;</a>&nbsp;&nbsp;&nbsp;resetWDT
</UL>
<BR>[Called By]<UL><LI><a href="#[64]">&gt;&gt;</a>&nbsp;&nbsp;&nbsp;blink
</UL>

<P><STRONG><a name="[7f]"></a>wait10ms</STRONG> (Thumb, 44 bytes, Stack size 4 bytes, mywait16mhz.o(i.wait10ms))
<BR><BR>[Stack]<UL><LI>Max Depth = 4<LI>Call Chain = wait10ms
</UL>
<BR>[Calls]<UL><LI><a href="#[80]">&gt;&gt;</a>&nbsp;&nbsp;&nbsp;wait1ms
</UL>
<BR>[Called By]<UL><LI><a href="#[66]">&gt;&gt;</a>&nbsp;&nbsp;&nbsp;wait100ms
<LI><a href="#[79]">&gt;&gt;</a>&nbsp;&nbsp;&nbsp;mainKanaPilotBH
</UL>

<P><STRONG><a name="[87]"></a>wait10us</STRONG> (Thumb, 10 bytes, Stack size 0 bytes, mywait16mhz.o(i.wait10us))
<BR><BR>[Called By]<UL><LI><a href="#[84]">&gt;&gt;</a>&nbsp;&nbsp;&nbsp;sendQuery
<LI><a href="#[93]">&gt;&gt;</a>&nbsp;&nbsp;&nbsp;sensorRequest
</UL>

<P><STRONG><a name="[80]"></a>wait1ms</STRONG> (Thumb, 12 bytes, Stack size 0 bytes, mywait16mhz.o(i.wait1ms))
<BR><BR>[Called By]<UL><LI><a href="#[7f]">&gt;&gt;</a>&nbsp;&nbsp;&nbsp;wait10ms
<LI><a href="#[60]">&gt;&gt;</a>&nbsp;&nbsp;&nbsp;packetWaitLong
<LI><a href="#[62]">&gt;&gt;</a>&nbsp;&nbsp;&nbsp;packetWait
</UL>
<P>
<H3>
Local Symbols
</H3>
<P><STRONG><a name="[41]"></a>LL_APB1_GRP1_EnableClock</STRONG> (Thumb, 18 bytes, Stack size 8 bytes, main.o(i.LL_APB1_GRP1_EnableClock))
<BR><BR>[Stack]<UL><LI>Max Depth = 8<LI>Call Chain = LL_APB1_GRP1_EnableClock
</UL>
<BR>[Called By]<UL><LI><a href="#[4e]">&gt;&gt;</a>&nbsp;&nbsp;&nbsp;MX_USART5_UART_Init
<LI><a href="#[4d]">&gt;&gt;</a>&nbsp;&nbsp;&nbsp;MX_USART4_UART_Init
<LI><a href="#[4c]">&gt;&gt;</a>&nbsp;&nbsp;&nbsp;MX_USART2_UART_Init
<LI><a href="#[46]">&gt;&gt;</a>&nbsp;&nbsp;&nbsp;MX_TIM2_Init
<LI><a href="#[45]">&gt;&gt;</a>&nbsp;&nbsp;&nbsp;MX_SPI2_Init
<LI><a href="#[40]">&gt;&gt;</a>&nbsp;&nbsp;&nbsp;MX_I2C1_Init
<LI><a href="#[22]">&gt;&gt;</a>&nbsp;&nbsp;&nbsp;main
</UL>

<P><STRONG><a name="[36]"></a>LL_APB2_GRP1_EnableClock</STRONG> (Thumb, 18 bytes, Stack size 8 bytes, main.o(i.LL_APB2_GRP1_EnableClock))
<BR><BR>[Stack]<UL><LI>Max Depth = 8<LI>Call Chain = LL_APB2_GRP1_EnableClock
</UL>
<BR>[Called By]<UL><LI><a href="#[4a]">&gt;&gt;</a>&nbsp;&nbsp;&nbsp;MX_USART1_UART_Init
<LI><a href="#[43]">&gt;&gt;</a>&nbsp;&nbsp;&nbsp;MX_SPI1_Init
<LI><a href="#[35]">&gt;&gt;</a>&nbsp;&nbsp;&nbsp;MX_ADC_Init
<LI><a href="#[22]">&gt;&gt;</a>&nbsp;&nbsp;&nbsp;main
</UL>

<P><STRONG><a name="[3e]"></a>LL_GPIO_SetPinMode</STRONG> (Thumb, 20 bytes, Stack size 8 bytes, main.o(i.LL_GPIO_SetPinMode))
<BR><BR>[Stack]<UL><LI>Max Depth = 8<LI>Call Chain = LL_GPIO_SetPinMode
</UL>
<BR>[Called By]<UL><LI><a href="#[3a]">&gt;&gt;</a>&nbsp;&nbsp;&nbsp;MX_GPIO_Init
</UL>

<P><STRONG><a name="[3d]"></a>LL_GPIO_SetPinPull</STRONG> (Thumb, 20 bytes, Stack size 8 bytes, main.o(i.LL_GPIO_SetPinPull))
<BR><BR>[Stack]<UL><LI>Max Depth = 8<LI>Call Chain = LL_GPIO_SetPinPull
</UL>
<BR>[Called By]<UL><LI><a href="#[3a]">&gt;&gt;</a>&nbsp;&nbsp;&nbsp;MX_GPIO_Init
</UL>

<P><STRONG><a name="[3b]"></a>LL_IOP_GRP1_EnableClock</STRONG> (Thumb, 18 bytes, Stack size 8 bytes, main.o(i.LL_IOP_GRP1_EnableClock))
<BR><BR>[Stack]<UL><LI>Max Depth = 8<LI>Call Chain = LL_IOP_GRP1_EnableClock
</UL>
<BR>[Called By]<UL><LI><a href="#[3a]">&gt;&gt;</a>&nbsp;&nbsp;&nbsp;MX_GPIO_Init
</UL>

<P><STRONG><a name="[52]"></a>LL_RCC_SetUSARTClockSource</STRONG> (Thumb, 16 bytes, Stack size 0 bytes, main.o(i.LL_RCC_SetUSARTClockSource))
<BR><BR>[Called By]<UL><LI><a href="#[50]">&gt;&gt;</a>&nbsp;&nbsp;&nbsp;SystemClock_Config
</UL>

<P><STRONG><a name="[3c]"></a>LL_SYSCFG_SetEXTISource</STRONG> (Thumb, 28 bytes, Stack size 8 bytes, main.o(i.LL_SYSCFG_SetEXTISource))
<BR><BR>[Stack]<UL><LI>Max Depth = 8<LI>Call Chain = LL_SYSCFG_SetEXTISource
</UL>
<BR>[Called By]<UL><LI><a href="#[3a]">&gt;&gt;</a>&nbsp;&nbsp;&nbsp;MX_GPIO_Init
</UL>

<P><STRONG><a name="[4b]"></a>LL_USART_ConfigAsyncMode</STRONG> (Thumb, 20 bytes, Stack size 0 bytes, main.o(i.LL_USART_ConfigAsyncMode))
<BR><BR>[Called By]<UL><LI><a href="#[4e]">&gt;&gt;</a>&nbsp;&nbsp;&nbsp;MX_USART5_UART_Init
<LI><a href="#[4d]">&gt;&gt;</a>&nbsp;&nbsp;&nbsp;MX_USART4_UART_Init
<LI><a href="#[4c]">&gt;&gt;</a>&nbsp;&nbsp;&nbsp;MX_USART2_UART_Init
<LI><a href="#[4a]">&gt;&gt;</a>&nbsp;&nbsp;&nbsp;MX_USART1_UART_Init
</UL>

<P><STRONG><a name="[35]"></a>MX_ADC_Init</STRONG> (Thumb, 306 bytes, Stack size 80 bytes, main.o(i.MX_ADC_Init))
<BR><BR>[Stack]<UL><LI>Max Depth = 96<LI>Call Chain = MX_ADC_Init &rArr; LL_GPIO_Init
</UL>
<BR>[Calls]<UL><LI><a href="#[36]">&gt;&gt;</a>&nbsp;&nbsp;&nbsp;LL_APB2_GRP1_EnableClock
<LI><a href="#[37]">&gt;&gt;</a>&nbsp;&nbsp;&nbsp;LL_GPIO_Init
<LI><a href="#[39]">&gt;&gt;</a>&nbsp;&nbsp;&nbsp;LL_ADC_REG_Init
<LI><a href="#[38]">&gt;&gt;</a>&nbsp;&nbsp;&nbsp;LL_ADC_Init
</UL>
<BR>[Called By]<UL><LI><a href="#[22]">&gt;&gt;</a>&nbsp;&nbsp;&nbsp;main
</UL>

<P><STRONG><a name="[3a]"></a>MX_GPIO_Init</STRONG> (Thumb, 896 bytes, Stack size 56 bytes, main.o(i.MX_GPIO_Init))
<BR><BR>[Stack]<UL><LI>Max Depth = 72<LI>Call Chain = MX_GPIO_Init &rArr; LL_GPIO_Init
</UL>
<BR>[Calls]<UL><LI><a href="#[3c]">&gt;&gt;</a>&nbsp;&nbsp;&nbsp;LL_SYSCFG_SetEXTISource
<LI><a href="#[3b]">&gt;&gt;</a>&nbsp;&nbsp;&nbsp;LL_IOP_GRP1_EnableClock
<LI><a href="#[3d]">&gt;&gt;</a>&nbsp;&nbsp;&nbsp;LL_GPIO_SetPinPull
<LI><a href="#[3e]">&gt;&gt;</a>&nbsp;&nbsp;&nbsp;LL_GPIO_SetPinMode
<LI><a href="#[37]">&gt;&gt;</a>&nbsp;&nbsp;&nbsp;LL_GPIO_Init
<LI><a href="#[3f]">&gt;&gt;</a>&nbsp;&nbsp;&nbsp;LL_EXTI_Init
</UL>
<BR>[Called By]<UL><LI><a href="#[22]">&gt;&gt;</a>&nbsp;&nbsp;&nbsp;main
</UL>

<P><STRONG><a name="[40]"></a>MX_I2C1_Init</STRONG> (Thumb, 130 bytes, Stack size 72 bytes, main.o(i.MX_I2C1_Init))
<BR><BR>[Stack]<UL><LI>Max Depth = 88<LI>Call Chain = MX_I2C1_Init &rArr; LL_GPIO_Init
</UL>
<BR>[Calls]<UL><LI><a href="#[41]">&gt;&gt;</a>&nbsp;&nbsp;&nbsp;LL_APB1_GRP1_EnableClock
<LI><a href="#[42]">&gt;&gt;</a>&nbsp;&nbsp;&nbsp;LL_I2C_Init
<LI><a href="#[37]">&gt;&gt;</a>&nbsp;&nbsp;&nbsp;LL_GPIO_Init
</UL>
<BR>[Called By]<UL><LI><a href="#[22]">&gt;&gt;</a>&nbsp;&nbsp;&nbsp;main
</UL>

<P><STRONG><a name="[43]"></a>MX_SPI1_Init</STRONG> (Thumb, 134 bytes, Stack size 88 bytes, main.o(i.MX_SPI1_Init))
<BR><BR>[Stack]<UL><LI>Max Depth = 104<LI>Call Chain = MX_SPI1_Init &rArr; LL_GPIO_Init
</UL>
<BR>[Calls]<UL><LI><a href="#[36]">&gt;&gt;</a>&nbsp;&nbsp;&nbsp;LL_APB2_GRP1_EnableClock
<LI><a href="#[44]">&gt;&gt;</a>&nbsp;&nbsp;&nbsp;LL_SPI_Init
<LI><a href="#[37]">&gt;&gt;</a>&nbsp;&nbsp;&nbsp;LL_GPIO_Init
</UL>
<BR>[Called By]<UL><LI><a href="#[22]">&gt;&gt;</a>&nbsp;&nbsp;&nbsp;main
</UL>

<P><STRONG><a name="[45]"></a>MX_SPI2_Init</STRONG> (Thumb, 132 bytes, Stack size 88 bytes, main.o(i.MX_SPI2_Init))
<BR><BR>[Stack]<UL><LI>Max Depth = 104<LI>Call Chain = MX_SPI2_Init &rArr; LL_GPIO_Init
</UL>
<BR>[Calls]<UL><LI><a href="#[41]">&gt;&gt;</a>&nbsp;&nbsp;&nbsp;LL_APB1_GRP1_EnableClock
<LI><a href="#[44]">&gt;&gt;</a>&nbsp;&nbsp;&nbsp;LL_SPI_Init
<LI><a href="#[37]">&gt;&gt;</a>&nbsp;&nbsp;&nbsp;LL_GPIO_Init
</UL>
<BR>[Called By]<UL><LI><a href="#[22]">&gt;&gt;</a>&nbsp;&nbsp;&nbsp;main
</UL>

<P><STRONG><a name="[46]"></a>MX_TIM2_Init</STRONG> (Thumb, 70 bytes, Stack size 24 bytes, main.o(i.MX_TIM2_Init))
<BR><BR>[Stack]<UL><LI>Max Depth = 40<LI>Call Chain = MX_TIM2_Init &rArr; LL_TIM_Init
</UL>
<BR>[Calls]<UL><LI><a href="#[47]">&gt;&gt;</a>&nbsp;&nbsp;&nbsp;NVIC_SetPriority
<LI><a href="#[48]">&gt;&gt;</a>&nbsp;&nbsp;&nbsp;NVIC_EnableIRQ
<LI><a href="#[41]">&gt;&gt;</a>&nbsp;&nbsp;&nbsp;LL_APB1_GRP1_EnableClock
<LI><a href="#[49]">&gt;&gt;</a>&nbsp;&nbsp;&nbsp;LL_TIM_Init
</UL>
<BR>[Called By]<UL><LI><a href="#[22]">&gt;&gt;</a>&nbsp;&nbsp;&nbsp;main
</UL>

<P><STRONG><a name="[4a]"></a>MX_USART1_UART_Init</STRONG> (Thumb, 138 bytes, Stack size 72 bytes, main.o(i.MX_USART1_UART_Init))
<BR><BR>[Stack]<UL><LI>Max Depth = 156<LI>Call Chain = MX_USART1_UART_Init &rArr; LL_USART_Init &rArr; LL_RCC_GetUSARTClockFreq &rArr; RCC_GetSystemClockFreq &rArr; RCC_PLL_GetFreqDomain_SYS &rArr; __aeabi_uidivmod
</UL>
<BR>[Calls]<UL><LI><a href="#[47]">&gt;&gt;</a>&nbsp;&nbsp;&nbsp;NVIC_SetPriority
<LI><a href="#[48]">&gt;&gt;</a>&nbsp;&nbsp;&nbsp;NVIC_EnableIRQ
<LI><a href="#[4b]">&gt;&gt;</a>&nbsp;&nbsp;&nbsp;LL_USART_ConfigAsyncMode
<LI><a href="#[36]">&gt;&gt;</a>&nbsp;&nbsp;&nbsp;LL_APB2_GRP1_EnableClock
<LI><a href="#[34]">&gt;&gt;</a>&nbsp;&nbsp;&nbsp;LL_USART_Init
<LI><a href="#[37]">&gt;&gt;</a>&nbsp;&nbsp;&nbsp;LL_GPIO_Init
</UL>
<BR>[Called By]<UL><LI><a href="#[22]">&gt;&gt;</a>&nbsp;&nbsp;&nbsp;main
</UL>

<P><STRONG><a name="[4c]"></a>MX_USART2_UART_Init</STRONG> (Thumb, 130 bytes, Stack size 72 bytes, main.o(i.MX_USART2_UART_Init))
<BR><BR>[Stack]<UL><LI>Max Depth = 156<LI>Call Chain = MX_USART2_UART_Init &rArr; LL_USART_Init &rArr; LL_RCC_GetUSARTClockFreq &rArr; RCC_GetSystemClockFreq &rArr; RCC_PLL_GetFreqDomain_SYS &rArr; __aeabi_uidivmod
</UL>
<BR>[Calls]<UL><LI><a href="#[47]">&gt;&gt;</a>&nbsp;&nbsp;&nbsp;NVIC_SetPriority
<LI><a href="#[48]">&gt;&gt;</a>&nbsp;&nbsp;&nbsp;NVIC_EnableIRQ
<LI><a href="#[4b]">&gt;&gt;</a>&nbsp;&nbsp;&nbsp;LL_USART_ConfigAsyncMode
<LI><a href="#[41]">&gt;&gt;</a>&nbsp;&nbsp;&nbsp;LL_APB1_GRP1_EnableClock
<LI><a href="#[34]">&gt;&gt;</a>&nbsp;&nbsp;&nbsp;LL_USART_Init
<LI><a href="#[37]">&gt;&gt;</a>&nbsp;&nbsp;&nbsp;LL_GPIO_Init
</UL>
<BR>[Called By]<UL><LI><a href="#[22]">&gt;&gt;</a>&nbsp;&nbsp;&nbsp;main
</UL>

<P><STRONG><a name="[4d]"></a>MX_USART4_UART_Init</STRONG> (Thumb, 134 bytes, Stack size 72 bytes, main.o(i.MX_USART4_UART_Init))
<BR><BR>[Stack]<UL><LI>Max Depth = 156<LI>Call Chain = MX_USART4_UART_Init &rArr; LL_USART_Init &rArr; LL_RCC_GetUSARTClockFreq &rArr; RCC_GetSystemClockFreq &rArr; RCC_PLL_GetFreqDomain_SYS &rArr; __aeabi_uidivmod
</UL>
<BR>[Calls]<UL><LI><a href="#[47]">&gt;&gt;</a>&nbsp;&nbsp;&nbsp;NVIC_SetPriority
<LI><a href="#[48]">&gt;&gt;</a>&nbsp;&nbsp;&nbsp;NVIC_EnableIRQ
<LI><a href="#[4b]">&gt;&gt;</a>&nbsp;&nbsp;&nbsp;LL_USART_ConfigAsyncMode
<LI><a href="#[41]">&gt;&gt;</a>&nbsp;&nbsp;&nbsp;LL_APB1_GRP1_EnableClock
<LI><a href="#[34]">&gt;&gt;</a>&nbsp;&nbsp;&nbsp;LL_USART_Init
<LI><a href="#[37]">&gt;&gt;</a>&nbsp;&nbsp;&nbsp;LL_GPIO_Init
</UL>
<BR>[Called By]<UL><LI><a href="#[22]">&gt;&gt;</a>&nbsp;&nbsp;&nbsp;main
</UL>

<P><STRONG><a name="[4e]"></a>MX_USART5_UART_Init</STRONG> (Thumb, 134 bytes, Stack size 72 bytes, main.o(i.MX_USART5_UART_Init))
<BR><BR>[Stack]<UL><LI>Max Depth = 156<LI>Call Chain = MX_USART5_UART_Init &rArr; LL_USART_Init &rArr; LL_RCC_GetUSARTClockFreq &rArr; RCC_GetSystemClockFreq &rArr; RCC_PLL_GetFreqDomain_SYS &rArr; __aeabi_uidivmod
</UL>
<BR>[Calls]<UL><LI><a href="#[47]">&gt;&gt;</a>&nbsp;&nbsp;&nbsp;NVIC_SetPriority
<LI><a href="#[48]">&gt;&gt;</a>&nbsp;&nbsp;&nbsp;NVIC_EnableIRQ
<LI><a href="#[4b]">&gt;&gt;</a>&nbsp;&nbsp;&nbsp;LL_USART_ConfigAsyncMode
<LI><a href="#[41]">&gt;&gt;</a>&nbsp;&nbsp;&nbsp;LL_APB1_GRP1_EnableClock
<LI><a href="#[34]">&gt;&gt;</a>&nbsp;&nbsp;&nbsp;LL_USART_Init
<LI><a href="#[37]">&gt;&gt;</a>&nbsp;&nbsp;&nbsp;LL_GPIO_Init
</UL>
<BR>[Called By]<UL><LI><a href="#[22]">&gt;&gt;</a>&nbsp;&nbsp;&nbsp;main
</UL>

<P><STRONG><a name="[48]"></a>NVIC_EnableIRQ</STRONG> (Thumb, 14 bytes, Stack size 0 bytes, main.o(i.NVIC_EnableIRQ))
<BR><BR>[Called By]<UL><LI><a href="#[4e]">&gt;&gt;</a>&nbsp;&nbsp;&nbsp;MX_USART5_UART_Init
<LI><a href="#[4d]">&gt;&gt;</a>&nbsp;&nbsp;&nbsp;MX_USART4_UART_Init
<LI><a href="#[4c]">&gt;&gt;</a>&nbsp;&nbsp;&nbsp;MX_USART2_UART_Init
<LI><a href="#[4a]">&gt;&gt;</a>&nbsp;&nbsp;&nbsp;MX_USART1_UART_Init
<LI><a href="#[46]">&gt;&gt;</a>&nbsp;&nbsp;&nbsp;MX_TIM2_Init
</UL>

<P><STRONG><a name="[47]"></a>NVIC_SetPriority</STRONG> (Thumb, 60 bytes, Stack size 0 bytes, main.o(i.NVIC_SetPriority))
<BR><BR>[Called By]<UL><LI><a href="#[4e]">&gt;&gt;</a>&nbsp;&nbsp;&nbsp;MX_USART5_UART_Init
<LI><a href="#[4d]">&gt;&gt;</a>&nbsp;&nbsp;&nbsp;MX_USART4_UART_Init
<LI><a href="#[4c]">&gt;&gt;</a>&nbsp;&nbsp;&nbsp;MX_USART2_UART_Init
<LI><a href="#[4a]">&gt;&gt;</a>&nbsp;&nbsp;&nbsp;MX_USART1_UART_Init
<LI><a href="#[46]">&gt;&gt;</a>&nbsp;&nbsp;&nbsp;MX_TIM2_Init
<LI><a href="#[22]">&gt;&gt;</a>&nbsp;&nbsp;&nbsp;main
<LI><a href="#[50]">&gt;&gt;</a>&nbsp;&nbsp;&nbsp;SystemClock_Config
</UL>
<P>
<H3>
Undefined Global Symbols
</H3><HR></body></html>
